border_size=1
usage=map

Rr, Ch, Ch, Gg, Gg, Gll^Fp, Gll^Fp, Gg, Gs^Fms, Gs^Fms, Gll^Fp, Gll^Fp, Gs^Fms, Gs^Fms, Gs^Fms, Gg, Rr, Rr, Rr, Rr, Rr, Gg, Gll^Fp, Gll^Fp, Gll^Fp, Gll^Fp, Re^Gvs, Gs^Fms, Ch, Re, Gs, Gll^Fp, Gll^Fp, Gll^Fp, Rr, Rr, Rr, Gg, Gg, Gg, Re^Gvs, Gll^Fp, Gll^Fp, Gll^Fms, Gll^Fms, Gll^Fp, Gll^Fms, Gll^Fp, Gll^Fp, Gll^Fp, Gll^Fp, Gg, Gg, Gg, Gs, Gll^Fp, Gll^Fp
Rr, Rr, Rr, Ch, Ch, Gll^Fp, Gll^Fmf, Gll^Fmf, Gll^Fmf, Gll^Fp, Gll^Fp, Gs^Fms, Gg^Zlm, Gg, Rr, Rr, Rr, Rr^Es, Rr, Rr, Gll^Fp, Gll^Fp, Gll^Fmf, Gll^Fmf, Gll^Fp, Gg^Wm, Re^Gvs, Gg, Gg, Ch, Re, Re, Gg, Gll^Fp, Rr^Es, Rr, Rr, Gg, Re^Gvs, Re^Gvs, Re^Gvs, Re^Gvs, Gll, Gll^Fp, Gll^Fp, Gll^Fmf, Gll^Fmf, Gll^Fmf, Gg, Gs, Gg^Wm, Gs, Re^Gvs, Gg, Re^Gvs, Gll^Fp, Gll^Fp
Rr, Rr, Rr, Rr, Rr, Gg^Zlm, Gs^Fms, Gll^Fmf, Gs^Fms, Gll^Fp, Gll^Fp, Gs^Fms, Rr, Rr, Rr, Rr, Rr, Rr, Gg, Rr, Gll^Fp, Gll^Fmf, Gll^Fp, Gll^Fp, Gll, Re, Re, Re^Gvs, Gg^Em, Gg, Re, Gll^Fp, Re, Rr^Rhx, Rr, Rr, Rr, Gs^Zlm, Re^Gvs, Re, Ch, Kh, Gg, Gll, Gg, Gs, Gs, Gg, Gg^Es, Gg, Ch, Re^Gvs, Re^Gvs, Re^Gvs, Re^Gvs, Re^Gvs, Re
Ch, Rr, Rr, Rr, Rr, Rr, Rr, Gs, Rr^Vhc, Gg, Rr, Rr, Rr, Rr, Rr, Rr, Gg, Gll^Fp, Gg, Rr, Gll^Fp, Gll^Fp, Gg, Gll^Fp, Gg^Zlm, Re^Gvs, Re^Gvs, Re^Gvs, Gs, Rr^Vhc, Rr, Gg^Fet, Rr, Rr^Rhx, Rr, Rr, Rr, Gll^Fmf, Re^Gvs, Re^Gvs, Gll^Fmf, Rr, Re, Gg, Ch, Gg, Ch, Gg, Rr, Gg, Ch, Kh, Re^Gvs, Re^Gvs, Re^Gvs, Re^Gvs, Gg
Gll^Fp, Gll^Fp, Gg, Rr, Rr, Rr, Rr, Rr, Rr, Rr, Rr, Rr, Rr, Rr, Gll^Fp, Gll^Fp, Gll^Fp, Gg, Gg, Re, Gg, Gg, Re, Re, Gg^Efm, Gg, Gg^Eff, Re^Gvs, Gg^Eff, Gg^Eff, Rr, Gg^Fet, Gll^Fmf, Gs, Rr, Rr^Edt, Rr, Gll^Fp, Gll^Fmf, Gll^Fp, Gll^Fp, Rr, Rr, Ch, 3 Kh, Ch, Ch, Rr, Gg, Re, Gg, Ch, Gs, Re, Gs, Gs, Gs^Fms
Gll^Fp, Gll^Fp, Gg, Gg, Ce, Ce, Ce, Rr, Rr, Rr^Es, Rr, Rr, Rr, Gg^Fet, Gll^Fp, Gll^Fp, Gg, Re, Gg, Re, Gg^Es, Re, Gg, Gg, Gg, Gg^Efm, Re^Gvs, Gg^Eff, Re, Gg^Eff, Gg^Eff, Rr, Rr, Gg^Zlm, Rr, Rr, Rr, Gll^Fp, Gg, Gll^Fp, Re, Gg^Fet, Ch, Ch, Ch, Ch, Rr, Rr, Gg, Gll^Fp, Gll^Fp, Gs, Gg, Gg^Efm, Gg, Gll^Fp, Gll^Fp
Gll^Fmf, Gll^Fmf, Gll^Fp, Ce, Ce^Edt, 4 Ke, Gg^Fet, Ce, Rr, Rr, Rr, Rr, Rr, Rr, Rr, Gg^Zlm, Rr^Vhc, Re, Gg, Re, Re, Re, Re, Gg, Gs^Fds, Re, Re^Gvs, Re^Gvs, Re^Gvs, Re^Gvs, Re^Gvs, Gg^Eff, Gg^Eff, Rr, Rr, Rr, Rr, Rr, Ch, Gg, Re^Es, Rr, Rr, Ch, Rr, Ch, Rr, Rr, Gg, Gll^Fmf, Gll^Fmf, Gll^Fp, Gg, Gg^Efm, Gg^Zlm, Gll^Fp, Rr
Gll^Fmf, Gll^Fp, Gll^Fp, Gg, Ce, Ce, Ce, Ce, Rr, Rr, Rr, Rr, Rr, Rr, Rr, Rr, Rr, Rr^Vhc, Rr^Zlm, Re, Gg, Gg, Re, Gg, Gg, Gs, Gs, Gs, Gg^Es, Re, Gg, Gg, Gg^Eff, Gg^Eff, Rr, Rr, Rr, Ch, Kh, Rr, Gg, Re, Gg, Rr, Rr, Rr, Rr, Re, Rr, Gg, Gll^Fp, Gll^Fmf, Re^Ve, Re^Ve, Rr, Rr, Rr
Gg, Gll^Fp, Gs, Gg, Rr, Rr, Rr, Rr, Rr, Rr, Gll^Eff, Gg^Eff, Gg^Eff, Rr, Rr, Rr, Rr, Rr, Rr, Rr^Vhc, Gll^Fp, Gll^Fp, Gll^Fp, Re, Gg, Gg, Gg, Gg, Gg, Gg^Es, Gg, Gg^Eff, Rr, Rr, Rr^Es, Rr, Rr, Gg^Efm, Ch, Ch, Ch, Gg, Gll^Fp, Gll^Fp, Rr, Re, Gg, Re, Kh, Ch, Gs, Re^Vh, Rr, Rr, Rr, Rr, Rr
Gg, Gs, Rr, Rr, Rr, Rr, Rr, Rr, Gll^Fp, Gll^Fp, Ww, Ww, Ww, Gs^Eff, Gs^Eff, Rr, Rr, Rr, Rr, Rr, Rr, Gll^Fp, Gs, Gg, Gg, Ch, Kh, Gg, Gg, Gg, Rr, Rr, Rr, Rr, Rr, Rr, Rr, Rr, Rr, Gs, Gs, Gg^Es, Gll^Fp, Gll^Fp, Rr, Re, Gg, Ch, Ch, Ch, Rr, Rr, Rr, Rr, Rr, Rr, Gg
Rr, Rr, Rr, Rr, Rr^Es, Rr, Rr, Gll^Fp, Gll^Fp, Ww, Ww, Wo, Wo, Ww, Ww, Gll^Fp, Gll^Fp, Rr, Rr, Rr, Rr, Rr, Rr, Gg, Gg, Ch, Ch, Gs, Rr, Rr, Rr, Rr, Rr, Rr, Rr, Rr, Rr, Rr, Rr, Rr, Rr, Gll^Fp, Rr^Eff, Rr^Eff, Rr, Rr, Gll^Fp, Gs, Rr, Rr, Rr, Rr, Rr, Rr, Gll^Fp, Gll^Fp, Wo
Rr, Rr, Rr, Rr, Rr, Rr, Rr, Rr, Rr, Gll^Es, Gs, Ww, Wo, Wo, Ww, Ww, Gll^Fp, Gll^Fp, Rr, Rr, Rr, Rr, Rr, Rr, Rr, Gg^Zlm, Rr, Rr, Gs^Rhx, Gs^Rhx, Gs^Rhx, Rr, Rr, Rr, Gs^Vh, Gs^Ve, Gs^Ve, Rr, Rr, Rr, Rr, Rr, Rr, Rr, Gll^Fp, Gll^Fp, Rr, Rr, Rr, Rr, Rr, Rr, Gll^Fp, Gll^Fp, Ww, Wo, Ww
Rr, Rr, Gs^Rhx, Gs^Vh, Re^Vhc, Rr, Rr, Rr, Rr, Rr, Rr, Gs^Efm, Gs^Efm, Wo, Gs, Gll^Fp, Rr, Rr, Rr, Rr, Rr^Es, Rr, Rr, Rr, Rr, Rr, Rr, Rr, Rr, Gs^Rhx, Rr, Rr, Gll^Fp, Rr, Gg, Gs^Vh, Gg^Eff, Gg^Eff, Gg^Eff, Rr, Rr, Rr, Rr, Rr, Rr, Rr, Rr, Rr, Rr, Rr, Rr, Gll^Fp, Ww, Ww, Wo, Gg, Gll^Fp
Rr, Rr, Gs^Fms, Re^Rhx, Gs^Vh, Gs^Vh, Rr, Rr, Rr, Rr, Rr, Rr, Rr, Gg^Zlm, Rr, Rr, Rr, Rr, Rr, Rr, Gs^Vh, Gs^Vh, Gs^Vh, Rr, Rr, Rr, Rr, Rr, Rr, Rr, Gll^Fp, Gll^Fmf, Gll^Fp, Rr, Gs^Vc, Gg, Ww, Ww, Ww, Gg^Eff, Gg^Eff, Rr, Rr, Rr, Rr^Es, Rr, Rr, Rr, Gs^Vhc, Gg^Ve, Gg^Ve, Rr, Rr, Ww, Gg, Gg, Rr
Rr, Gll^Fp, Gll^Fp, Re^Edt, Re, Rr, Rr, Rr, Gs^Eff, Rr, Rr, Rr, Rr, Rr, Rr, Rr, Rr, Rr, Gs^Rhx, Gg, Gll^Fp, Gg^Ve, Gll^Fp, Rr, Gg^Zlm, Rr, Rr, Rr, Rr, Rr, Rr, Gll^Fmf, Gll^Fmf, Rr, Rr, Gg, Ww, Ww, Ww^Ewf, Ww, Wo, Gll^Fp, Gll^Fp, Rr, Rr, Rr, Rr, Rr, Rr, Gs^Rhx, Gs^Vhx, Rr^Vhc, Gs^Rhx, Rr, Rr, Rr, Rr
Gs^Vhx, Rr^Vhc, Gs^Vh, Gll^Fp, Rr, Rr, Ds, Gs^Eff, Ds, Gs^Eff, Gg^Eff, Rr, Rr, Rr, Rr, Rr, Rr, Gs^Rhx, Gs^Rhx, Gs^Ve, Gs^Rhx, Gll^Fp, Gg, Rr, Rr, Gg^Ve, Rr, Rr, Rr, Rr, Rr, Rr, Rr, Gll^Fp, Gll^Fp, Rr, Ww, Ww^Ewl, Wo, Wo, Wo, Wo, Ww, Gll^Fp, Gll^Fp, Rr, Rr, Rr, Rr, Rr, Rr, Gg^Ve, Rr, Rr, Rr, Rr, Rr
Gs^Rhx, Rr^Vh, Rr, Rr, Ww, Ds, Ww, Ds, Ww, Ds, Ds, Gll^Fp, Gll^Fms, Rr, Rr, Rr, Rr, Rr, Rr, Gs^Rhx, Gs^Ve, Gs^Vh, Kh, Gg, Rr, Gg, Rr, Rr, Gg^Eff, Rr, Rr, Rr, Rr, Rr, Rr, Rr, Rr, Ww, Ww, Wo, Ww, Wo, Ww, Ww, Wwf^Em, Gll^Fp, Gll^Fp, Rr, Rr, Rr, Rr, Rr, Rr, Rr, Rr, Rr, Gll^Fp
Rr, Rr, Rr, Rr^Vhc, Ds, Wo, Ww, Ww^Bw|, Ww, Ww, Gll^Fp, Gll^Fds, Gs^Fds, Gs^Fms, Gll^Fmf, Rr, Rr, Rr, Rr, Rr, Rr, Ch, Ch, Gg, Rr, Rr, Gg, Gg^Eff, Gg, Gs^Eff, Gg^Eff, Rr, Rr, Rr, Rr, Rr, Rr, Rr^Zlm, Gg, Ww, Gg, Gll^Fp, Gll^Fp, Ww, Gll^Fp, Gll^Fp, Gll^Fp, Gll^Fp, Gg, Rr, Rr, Rr, Rr, Rr, Rr, Gg, Gll^Fp
Rr, Rr, Gs^Rhx, Rr^Rhx, Ww, Wo, Ww^Ewl, Wo, Ww, Gll^Fmf, Gll^Fmf, Gs^Fms, Gll^Fp, Gs^Fds, Gll^Fmf, Gll^Fp, Gs, Rr, Rr^Es, Rr, Rr, Rr, Rr, Rr, Gg, Gg, Gll^Fp, Gs^Efm, Gll^Fp, Gll^Fp, Gll^Fp, Gg^Eff, Gs^Eff, Rr, Rr, Rr, Rr, Rr, Rr, Gg, Gg, Gg, Gs^Vh, Gll^Fp, Gs^Vh, Gll^Fp, Gll^Fp, Gll^Fp, Rr, Rr, Rr^Es, Rr, Rr, Rr, Rr, Rr^Eff, Rr^Eff
Gg, Gs^Rhx, Rr^Vhx, Rr^Rhx, Ww, Ww, Wo, Wo^Ewf, Wo, Ww, Ww, Gll^Fp, Gs^Fds, Gs^Fms, Gg, Gll^Fp, Gs, Rr^Zlm, Rr, Rr, Rr, Rr, Rr, Rr, Rr, Gg, Re, Rd, Gll^Fp, Gs^Fms, Gg, Gg^Efm, Gs, Gg, Re, Rr, Rr, Rr, Rr, Rr, Rr, Gs^Vh, Rr^Vhc, Gs^Vhx, Gs^Vh, Gs^Vh, Rr, Rr, 2 Rr, Rr, Rr, Rr, Gg^Fet, Rr, Rr, 1 Rr, Rr
Gg, Gg, Gg, Ds, Ds, Ww, Ds, Wo, Ww, Ww, Gll^Fp, Gs^Fms, Gg, Gll^Fp, Gg, Gg, Rr, Rr, Rr, Rr, Gs^Zlm, Rr, Rr, Rr, Rr, Rr, Rr, Gg, Gg, Gg, Rr^Vhc, Gs, Gg^Es, Re, Gg, Gs, Gg^Rhx, Rr, Rr, Rr^Es, Rr, Rr, Rr, Rr^Vhc, Rr, Rr, Rr, Rr, Rr, Rr, Gg, Gs, Gs, Gg, Gg, Rr, Rr
Gll^Fp, Gg, Gll^Fp, Gs, Gg, Ds, Ds, Wo, Ww, Ww, Ds, Gg, Gg, Gg, Rr, Rr, Rr, Rr, Gg, Gg, Gll^Fp, Gg, Gll^Fp, Rr, Rr, Rr, Rr, Rr, Re^Rhx, Gg, Gg, Re, Re, Re, Gll^Fmf, Gg, Gg, Gg^Rhx, Rr^Vhx, Rr, Rr, Rr, Rr, Rr, Rr, Rr, Gg, Rr, Gg, Gg, Gg, Gg, Gg, Gg, Hh^Fms, Hh^Fp, Hh
Gll^Fp, Gll^Fp, Gll^Fp, Gll^Fmf, Gll^Fmf, Gll^Fmf, Gg, Ds, Gs, Ds, Gg, Gg, Ce, Ce, Ce, Rr, Gg, Gs, Gs, Ch, Ch, Gll^Fp, Gll^Fp, Gll^Fp, Gll^Fp, Rr, Rr, Rr, Re^Rhx, Re, Re, Re, Gg, Re, Re, Gll^Fmf, Gll^Fmf, Gs^Fms, Gll^Fmf, Gll^Fp, Gs^Fds, Rr, Rr, Rr, Gs, Gg, Ch, Gg, Kh, Gg, Gg, Hh, Hh, Hh, Hh^Fp, Hh^Fp, Gll^Fp
Gll^Fmf, Gs^Fms, Gll^Fds, Gll^Fmf, Gll^Fp, Gll^Fp, Gll, Gs, Gg, Gs^Es, Gg, Gg, Ket, 5 Ket, Ket, Rr, Rd, Gg, Gs, Gg, Gll, Gll^Fp, Gg, Gll^Fp, Gll^Fp, Rr, Rr, Rr, Gs, Gg, Gg, Re, Ch, Gg, Gg, Re, Gll^Fmf, Gll^Fp, Gll^Fp, Gs^Fms, Gg, Rr, Rr, Rr, Gg, Gs, Re, Ch, Ch, Ch, Ch, Gs, Gs, Gd, Hh^Fds, Hh^Fp, Hh
Gll^Fp, Gll^Fmf, Gll^Fp, Gs^Fds, Gll^Fms, Gll^Fms, Gs, Gs, Gg, Rd, Ce, Ce, Re, Ket, Re, Ce, Ce, Rd, Gg, Gg, Gg, Gs, Gs^Vl, Re, Re, Rr, Rr, Rr, Gs, Gg, Gg, Ch, Gs, Gg, Rr, Re^Vhc, Re, Gg, Re, Re, Gg, Rr, Rr, Rr, Gs, Re^Vhc, Gg^Es, Gg, Gg, Gg, Gg, Ch, Gg, Gs, Gs, Hh^Fdf, Hh^Fdf
Gll^Fp, Gll^Fp, Hhd^Fp, Hhd^Fp, Gll^Fp, Gg, Gg, Gs, Ce, Rd, Re, Rd^Edb, Rd, Rd, Rd, Re, Re, Rd, Ket, Gg, Gg, Gg, Re, Gg, Gg, Rr, Rr, Rr, Gg, Gg^Es, Gg, Kh, Gg, Re, Gg^Ecf, Gg, Gg, Rr, Rr, Gg, Ce, Rr, Ce, Rr, Rr, Re, Gg, Gg, Ww, Gg, Re, Re, Gg, Gg, Gg, Hhd^Fdf, Gg
Gll^Fp, Gll^Fp, Gll^Fms, Gll^Fmf, Gs, Gg, Gg, Gs, Ce, Re^Edt, Rd^Es, Rd, Re^Edt, Rd^Es, Re, Rd^Es, Rd, Re, Ce, Gg, Gg, Gg^Wm, Re^Gvs, Re, Gg^Fet, Rr, Rr, Rr, Rr, Gg^Zlm, Ch, Ch, Rr, Rr, Re, Gg, Gg^Fet, Gg^Efm, Gg^Efm, Rr, Re, Ce, Ch, Ch, Ch, Rr, Re, Ww, Ww^Ewf, Ww, Gg, Gg, Ch, Gg, Gs, Gg, Gg
Gs^Fms, Gll^Fmf, Gg, Gs, Gg, Gg, Gg, Gg, Ce, Re, Re, Re, Rd, Rd, Re, Rd^Edt, Rd, Re, Ket, Gs, Gg, Re, Re^Gvs, Re^Gvs, Gg, Rr, Rr, Rr^Edt, Rr, Rr, Rr, Ch, Ch, Gg, Gg, Re, Gg, Gg^Efm, Gg, Re, Ch, Kh, Ch, Ch, Ch, Re, Gg, Ww, Ww, Ww, Gg, Gg, Ch, Gs, Gg, Gd^Es, Hhd^Fdf
Gs^Fms, Gll, Gg, Gg^Es, Gg^Eff, Re^Gvs, Re, Gg, Ket, Ket, Ket, Rd^Edt, Ce, Ce, Ket, Rd, Ce, Ket, Ket, Gs, Re, Re^Gvs, Re^Gvs, Re^Gvs, Gg, Ch, Kh, Rr, Rr, Rr, Rr, Rr, Rr, Ch, Gg, Gll^Fp, Gll^Fp, Gg, Gll^Fmf, Gg, Gg, Ch, Rr, Re, Gg, Re, Re, Gg^Fet, Re, Gs, Gg, Ch, Kh, Gs, Gs, Gs, Gg
Gll^Fp, Gs, Gg^Eff, Gg^Eff, Re^Gvs, Re^Gvs, Re^Gvs, Gg, Gg, Ket, Gs, Rd, Gg, Gg, Gg, Ce, Gg, Gg, Gg, Gg, Gg, Re, Re^Gvs, Gg, Gg, Gg, Gg, Ch, Ch, Rr, Rr, Rr, Rr, Rr, Rr^Eff, Re, Gll^Fp, Gll^Fmf, Gll^Fp, Gll^Fmf, Gg, Rr, Rr, Re, Gll^Fmf, Gll^Fp, Gll, Re^Vhc, Gs, Gs, Ch, Ch, Gg, Gg, Gg, Gs, Rp
Gs, Gg^Eff, Gg^Eff, Gg^Fet, Re^Gvs, Re^Gvs, Re^Gvs, Re^Gvs, Gg, Gg, Gg, Gs, Gs, Gg, Gg^Efm, Gg, Gs, Gs, Gs, Re, Gg, Re^Gvs, Gll^Fp, Gll^Fp, Gll^Fp, Gg, Gg, Gg, Re, Ch, Gg, Rr, Rr, Rr, Rr, Rr^Eff, Rr^Eff, Gll^Fp, Gll, Gll^Fp, Gg, Rr, Rr, Rr, Gll^Fmf, Gll^Fmf, Gll^Fp, Gg, Rr^Eff, Rr^Eff, Rr, Gg, Rp, Rp, Rp, Rp, Rp
Gg, Gs^Vl, Gg^Efm, Gs^Eff, Gs^Eff, Re, Gs, Ww, Wo, Ww, Ww, Gs, Gg, Gg^Efm, Gs^Efm, Gs, Gg, Gg, Ch, Re, Gg, Gg, Gll^Fp, Gll^Fp, Gg, Gg, Gg, Gg, Re, Gll^Fp, Gll^Fp, Gg, Gll^Fp, Rr, Rr, Rr, Rr, Rr^Eff, Rr^Eff, Gg^Zlm, Rr^Eff, Rr, Rr, Rr, Rr^Eff, Gll^Fp, Rr^Eff, Rr^Eff, Rr, Rr, Rr, Rr, Rr, Rp, Rr, Rp, Rp
Gg, Gg, Gg^Eff, Gs^Eff, Gg, Gs, Ss, Ww, Wo, Wo, Wo, Ss, Gg, Gg^Efm, Gs, Gg, Kh, Ch, Gg, Gg, Gg, Gg, Gs^Vc, Re, Re, Re, Re, Re, Gg, Gll^Fp, Ds, Gll^Fp, Gll^Fp, Gll^Fp, Rr^Rhx, Rr, Rr, Rr, Rr, Rr^Eff, Rr, Rr, Rr, Rr, Rr, Rr^Eff, Rr, Rr, Rr, Rr, Rr, Rr, Gg, Rp, Gg, Rp, Gll^Fp
Gg, Gg^Eff, Gg, Gg, Gg, Ss, Ss, Ss, Ww, Wo, Ss, Ss, Gs, Gs, Gs, Gg, Ch, Gg, Gg, Gg, Gg, Gg, Ww, Gg, Wo, Ww, Ww, Ww, Ww, Gg, Ds, Ds, Ds, Ds, Gg^Es, Rr^Rhx, Rr, Rr, Rr, Rr, Rr, Rr, Rr, Rr, Rr, Rr, Rr, Rr, Gg, Gs, Gg, Gll^Fp, Gll^Fp, Gll^Fp, Gll^Fp, Gll^Fp, Gll^Fp
