border_size=1
usage=map

Gll^Fp, Gg, Gll^Fp, Gll^Fp, Gll^Fp, Gll^Fp, Gll^Fmf, Gg, Gll^Fmf, Gll^Fp, Gll^Fp, Gg, Gg, Rp, Rp, Rp, Gg, Gg, Gs, Gg, Gg, Gg, Ch, Gg, Gg, Gs^Fds, Gs^Fds, Gll^Fp, Gs^Fds, Gg, Gg, Gs, Gs, Gg, Ch, Gg, Ch, Gg, Gg, Hh, Hh, Hh, Hh^Fp, Mm, Mm, Mm
Gll^Fp, Hh^Fp, Hh^Fdf, Gll^Fp, Gll^Fmf, Gll^Fmf, Gll^Fmf, Gll^Fmf, Gll^Fp, Gll^Fp, Gg, Gg, Gg, Rp, Rp, Rp, Gs, Gs, Gg, Gg, Ch, Ch, Gg, Gg, Gg, Gll^Fp, Gll^Fp, Gs^Fds, Gg, Gg, Gg, Gg, Gg, Gs, Gg, Ch, Gg, Ch, Ch, Gs, Gs, Gd, Hh^Fds, Hh^Fp, Mm, Mm
Hh^Fp, Hh^Fmf, Gs^Fds, Gll^Fmf, Gll^Fmf, Gs^Fds, Gs^Fds, Hh^Fp, Gs^Fms, Gs, Gs^Vl, Re, Re, Rp, Rp, Rp, Gs, Gg, Gg, Ch, Gg, Gg, Gg, Re^Vct, Re, Gs, Re, Gg, Ch, Ch, Ch, Gg, Gs, Re^Vct, Gg, Gg, Re, Gg, Gg, Ch, Ch, Gs, Gs, Hh^Fdf, Hh^Fdf, Mm
Gll^Fp, Hh^Fmf, Gs^Fds, Gll^Fp, Hhd^Fdf, Hhd^Fdf, Hhd^Fdf, Gll^Fms, Gg, Gg, Re, Gg, Gg, Rp, Rp, Rp, Gg, Gg^Es, Gg, Kh, Gg, Gs^Fds, Gs^Fds, Gg, Gg, Re, Re, Gg, Ch, Ch, Ch, Gg^Fet, Re, Re, Gg, Re, Ww, Gg, Re, Gg, Ch, Gg, Gg, Hhd^Fdf, Hh^Fds, Hh
Hh^Fp, Hh^Fdf, Gll^Fp, Gll^Fp, Gs^Fms, Hhd^Fmf, Gll^Fmf, Gll^Fp, Gg, Gg, Re, Re, Gg^Fet, Rp, Rp, Rp, Rp, Gg, Gg, Ch, Ch, Gs^Fds, Gs^Fds, Gg, Gg^Fet, Gs, Gg, Ch, Ch, Kh, Ch, Ch, Ch, Gs, Gs, Ww, Ww, Ww, Gg, Gg, Ch, Gg, Gs, Gg, Gg, Hhd^Fdf
Gll^Fp, Gll^Fp, Hh^Fdf, Gll^Fp, Gll^Fmf, Gs^Fms, Gs, Gg, Gg, Re, Re^Gvs, Re^Gvs, Gg, Gg, Rp, Rp, Rp, Rp, Rp, Gg, Ch, Gg, Gg, Gs, Gg, Gg, Gg, Ch, Ch, Rr, Ch, Ch, Ch, Gs, Gg, Ww, Ww, Ww, Gg, Gg, Ch, Gs, Gg, Gd^Es, Hhd^Fdf, Hhd^Fdf
Gll^Fp, Gll^Fp, Hh^Fp, Gll^Fdf, Gs, Gg, Gg, Gg, Re, Re^Gvs, Re, Re^Gvs, Gg, Ch, Gg, Rp, Rp, Rp, Rp, Rp, Rp, Ch, Ch, Gs, Gg, Gg, Gll^Fp, Gg, Rr, Rr, Rr, Ch, Gg, Re, Re, Gg, Gg, Gs, Gg, Gg, Ch, Gs, Gs, Gs, Gg, Gg
Gll^Fp, Gll^Fp, Hh^Fms, Gs^Fms, Gs, Gg, Gg^Eff, Gg^Eff, Re^Gvs, Re, Re^Gvs, Gg, Gg, Ch, Ch, Gs, Gs, Rp, Rp, Rp, Rp, Rp, Rp, Gg, Gg, Gll^Fmf, Gs^Fds, Gll^Fp, Rr, Rrc, Rr, Gll^Fp, Gs^Fds, Gg, Gg, Re^Vct, Gs, Gs, Ch, Ch, Gg, Gg, Gg, Gs, Rp, Gg
Gll^Fp, Gs^Fms, Gll^Fp, Gll^Fp, Gg^Eff, Gg^Eff, Gg^Fet, Re^Gvs, Re^Gvs, Re^Gvs, Gll^Fp, Gll^Fp, Gll^Fp, Gg, Gg, Ch, Re, Gs, Gg, Rp, Re, Rp, Re, Rp, Rp, Gll^Fmf, Gll^Fmf, Gll^Fmf, Rrc, Rrc, Rr, Gll^Fp, Gll^Fmf, Gs^Fds, Gg, Gg, Rp, Gg, Rp, Gg, Rp, Rp, Rp, Rp, Rp, Rp
Gll^Fp, Gll^Fp, Gg, Gs, Gg^Es, Gg^Eff, Gs^Eff, Re^Gvs, Gg, Gg, Gll^Fp, Gll^Fp, Gg, Gg, Gg, Ch, Re, Gll^Fp, Gll^Fp, Gg, Gll^Fp, Re, Rp, Rp, Rp, Gg, Gll^Fp, Gll^Fp, Rr, Rr, Rrc, Gs^Fds, Rp, Rp, Rp, Rp, Rr, Rr, Rr, Rr, Rr, Rp, Rr, Rp, Rp, Rp
Gll^Fp, Gll^Fp, Gg, Gg, Gg, Gg, Gs^Eff, Gs^Eff, Gg, Gg, Gs^Vc, Re, Re, Re, Re, Re, Gg, Gll^Fp, Ds, Gll^Fp, Gll^Fp, Gll^Fp, Gg, Rp, Rp, Rp, Rp, Rr, Rr, Rr, Rp, Rp, Rp, Rp, Rp, Rr, Rp, Rp, Rp, Rp, Gg, Rp, Gg, Rp, Gg, Rp
Gg, Gg, Gs, Gg, Gg^Eff, Gg^Eff, Gg, Gg, Ww, Gg, Ww, Gg, Wo, Ww, Ww, Ww, Ww, Gg, Ds, Ds, Ds, Ds, Gg^Es, Rp, Rp, Rp, Rp, Rp, Rr, Rp, Rp, Rp, Rp, Rp, Gs, Rp, Gg, Gs, Gg, Gg, Gg, Gg, Gg, Gs, Gs, Gg
Gg, Gg, Gs, Gg, Gg, Ds, Ds, Ds, Wo, Ww, Wo, Wo, Wo, Ww, Wo, Wo, Wo, Wo, Wo, Wo, Wo, Wo, Wo, Gs, Rp, Rp, Rp, Rp, Rp, Rp, Re, Rp, Gs^Wm, Gs, Re^Gvs, Gg, Gg, Gg, Gg, Gg, Gs^Vc, Gg, Gg, Gg^Es, Gg, Gg
Gg, Gs, Gs^Wm, Gs, Gs, Wo, Wo^Bw|, Wo, Wo, Wo, Wo, Wo, Wo, Wo^Ewf, Wo, Wo, Wo, Wo, Wo, Wo, Wo, Wo, Wo, Wo, Wo, Wo^Bsb|, Wo, Wo^Bsb|, Wo, Rp, Re^Gvs, Re^Gvs, Re^Gvs, Re^Gvs, Ww, Ch, Ds, Ds, Ds, Gg, Gg, Gg, Gg, Gg, Gd, Gs
Gg, Gs, Gs, Gg, Wo, Wo, Wo^Bw|, Wo, Wo, Wo, Gg, Wo, Wo, Wo, Gg^Eff, Gg^Eff, Gg^Eff, Ds^Eff, Ds^Eff, Ds, Ds, Ww, Ww, Wo, Wo, Wo^Bsb|, Wo, Wo^Bsb|, Wo, Wo, Wo, Ww, Ww, Ww, Wo, Wo, Wo, Ww, Ww, Dd, Dd, Dd, Gs, Gg, Gg, Gg
Ss, Gg, Wo, Wo, Wo, Wo, Wo^Bw\, Wo, Gs, Gg, Gs, Gg^Eff, Gg^Eff, Gg^Eff, Gg, Gg^Wm, Re, Re, Gg, Gg^Eff, Gg^Eff, Gs, Gg, Gs, Gg, Wo^Bsb|, Wo, Wo^Bsb|, Wo, Wo, Wo, Wo, Wo, Wo, Wo, Wo, Ww^Ewf, Wo, Wo, Wo, Wo, Wo, Wo, Wo, Wo, Wo
Ss, Ss, Wo, Wo, Wwf, Wwf, Wwf, Re, Re^Fp, Gg^Fp, Re^Fp, Gll^Fdf, Gll^Fdf, Gs^Fds, Rr, Rr, Re^Gvs, Re^Gvs, Re^Gvs, Gg^Fet, Rr^Vhc, Gg^Eff, Gg^Eff, Gg^Eff, Rp, Rp, Rp, Rr, Rp, Wo, Gs^Vh, Wo, Wo, Wo, Wo, Wo, Wo, Wo, Wo, Wo, Wo, Wo, Wo, Wo, Wo, Wo
Wo, Wo, Wo, Wo, Ww, Ds, Gg, Re, Re^Gvs, Re, Re^Gvs, Re^Fp, Gs, Rr, Gs, Re^Gvs, Re^Gvs, Re^Gvs, Re^Gvs, Re^Gvs, Gg, Gs, Rr, Rp, Rp, Rp, Rp, Rp, Rp, Gs, Gg, Gg, Gg, Ch, Gg, Ds, Dd, Wo, Ww, Ww, Ww, Ww, Wo, Wo, Wo, Wo
Wo, Wo, Hh, Ds, Ds^Es, Ds, Gg, Gg, Re^Gvs, Re^Gvs, Re^Gvs, Gs, Rr^Vhc, Re, Gs, Re^Gvs, Re^Gvs, Re^Gvs, Gs^Es, Gs, Rr, Rr, Rp, Re, Re, Rp, Rr, Re, Rp, Rp, Rp, Gll^Fp, Gll^Fp, Gs, Gs, Ds, Ds, Dd, Ds, Ds, Ds, Ds, Ch, Ch, Ch, Wo
Ss, Hh^Fds, Gs^Es, Gg, Ch, Ch, Gs, Gs, Gg, Re^Gvs, Re^Gvs, Re, Rr, Gg, Gg, Re^Gvs, Gg, Gs, Rp, Rp, Rr, Rr, Rp, Rp, Gs^Eff, Gg^Eff, Gg^Eff, Re, Re, Rp, Rp^Es, Rp, Rr, Gg^Efm, Gg, Gg, Gg, Gg, Gg^Es, Gs, Rr, Ch, Ch, Kh, Ch, Gg
Hh^Fds, Hh^Fds, Gs^Fds, Gs^Fms, Kh, Re, Gg, Gd, Gll^Fp, Gg, Gg, Gg, Rr, Gg, Gg^Fet, Gg, Rp, Rp, Rr, Rr, Rp, Rp, Gg^Eff, Gg^Eff, Gll^Fp, Gll^Fp, Gs^Efm, Gg, Gg, Rp, Rr, Rr, Rr, Rr, Rr, Rr, Rr, Rr, Rr, Rr, Rr, Ch, Ch, Ch, Gg, Gg
Gll^Fp, Gll^Fp, Re^Gvs, Gs^Fms, Ch, Re, Gs, Gll^Fp, Gll^Fp, Gll^Fp, Gll^Fp, Gg, Gs, Rr, Rp, Rp, Rp, Rp, Rr, Rp, Gg, Gs^Eff, Gg^Efm, Gll^Fp, Gs^Fms, Gll^Fp, Rd, Gll^Fp, Gg, Re^Vct, Gg, Rr, Rp, Re, Re, Rp, Rp, Rr, Rp, Rr, Gs, Gg, Gs, Gg, Gg, Gg
Gll^Fp, Gg^Wm, Re^Gvs, Gg, Gg, Ch, Re, Re, Gg, Gll^Fp, Gll^Fp, Gg, Gs, Gs, Rp, Rp, Rr, Rr, Gg^Eff, Rr, Rr, Gs, Gs, Gg, Gg, Gll^Fp, Re, Gg, Hh^Fds, Gg, Gg, Gg^Eff, Gg^Eff, Rp, Re, Re, Rp, Rp, Rp, Rp, Rp, Gs, Gg, Re, Re, Gg
Gg, Re, Re, Re^Gvs, Gg^Em, Gg, Re, Gll^Fp, Re, Gg, Gg, Gg^Es, Rp, Rp, Re, Rp, Re, Gg^Eff, Gg^Eff, Rr, Rr, Rr, Gg, Rr^Vhc, Re^Gvs, Rd^Gvs, Re^Gvs, Hh^Fds, Hh^Fds, Gg, Hh^Fp, Gg, Hh^Fds, Gg^Eff, Gg^Eff, Re, Gg, Rp, Rp, Rr, Rr, Rp, Gg, Re, Re^Efm, Gg
Gg, Re^Gvs, Re^Gvs, Re^Gvs, Gs, Rr^Vhc, Rr, Gg^Fet, Rrc, Gg, Gs, Gg, Rp, Rp, Re, Rp, Gg^Eff, Re, Re, Gs^Eff, Gg^Eff, Rr, Rr, Gg, Re, Re^Gvs, Re^Gvs, Rd^Gvs, Rd, Hh^Fds, Gg^Fet, Hh^Fds, Hh^Fds, Hh^Fds, Hh^Fds, Gg, Gg, Gg, Gg, Rp, Rd, Rr, Rr, Gg, Gg^Efm, Gg
Gg^Efm, Gg, Gg^Eff, Re^Gvs, Gg^Eff, Gg^Eff, Rrc, Gg^Fet, Gll^Fp, Gs, Gs, Rp, Rr, Rp, Gs^Eff, Gs^Eff, Gs^Fms, Gll^Fp, Gg, Rr^Vhc, Gg, Gg, Rr, Gg, Gg, Re^Gvs, Gg, Gg, Gg, Gg, Gs^Vl, Gs, Hh^Fds, Hh^Fp, Hh^Fp, Hh^Fds, Gg, Gs^Vc, Gg, Gg, Rp, Rp, Rp, Gg, Gg, Gg
Gg, Gg^Efm, Re^Gvs, Gg^Eff, Re, Gg^Eff, Gg^Eff, Rrc, Rrc, Gg, Rp, Rp, Rr, Gg^Eff, Gg^Eff, Gll^Fp, Gll^Fp, Gg, Gg, Gg, Gg, Gg, Gg^Em, Rr, Rr, Rrc, Rrc, Rr, Rr, Rr, Gg, Gs, Hh^Fds, Hh^Fp, Hh^Fp, Hh^Fp, Ch, Gg, Gs, Gs, Gg, Rp, Re, Rp, Gg, Gg
Gs^Fds, Re, Re^Gvs, Re^Gvs, Re^Gvs, Re^Gvs, Re^Gvs, Gg^Eff, Gg^Eff, Rr, Rp, Rr, Gg^Eff, Gg^Eff, Re^Gvs, Re^Gvs, Re^Gvs, Gs, Ch, Re, Re, Gs, Gs, Gs, Gg, Gg, Gg, Gg, Gg, Gg^Es, Gs, Gg, Hh, Hh^Fds, Hh^Fp, Hh^Fds, Ch, Gg, Gs, Gg, Gg, Rp, Re, Rp, Rp, Gg
Gg, Gs, Gs, Gs, Gg^Es, Re, Re^Gvs, Gg^Eff, Rp, Rp, Rp, Rp, Gs^Eff, Gg^Eff, Gg, Re, Re^Gvs, Gg, Ch, Gg, Gll^Fdf, Gs, Gll^Fmf, Hh, Hh, Hh, Hh, Gg, Hh, Hh, Hh, Hh, Hh^Fp, Hh, Hh^Fp, Hh, Hh, Ch, Gg, Gg^Es, Gg, Gg, Rp, Re, Rp, Rp
Gll^Fmf, Gg, Hh^Fp, Hh^Fp, Hh^Fp, Gg^Es, Gg, Gg^Wm, Rp, Rp, Rp, Gs^Eff, Gs, Gg, Gg, Re^Gvs, Gg, Gg, Ch, Gg, Gll^Fdf, Gll^Fmf, Gs^Fms, Hh, Hh, Hh, Hh, Hh, Hhd^Fmf, Hhd^Fmf, Hhd^Fp, Hh^Fp, Hh, Hh, Hh, Hh, Hh, Hh, Hh, Gg, Gg, Gs, Gs, Rr, Rr, Rp
Hh^Fp, Hh^Fp, Hh^Fp, Gll^Fp, Gg, Gll^Fp, Gg, Hh^Fp, Rp, Rp, Rp, Rp, Re, Gg, Hh^Fms, Gg, Ch, Ch, Re, Rr, Gs, Gll^Fdf, Hh, Hh, Hh, Mm, Mm, Mm, Mm, Hhd^Fmf, Hh^Fp, Hh^Fp, Mm, Mm, Mm, Mm, Hhd^Fp, Hh^Fp, Hh, Gg, Hh, Gs, Gs, Rp, Rr, Rr
Gll^Fp, Hh^Fp, Gg, Gll^Fmf, Gg, Gg, Rp, Rp, Rp, Rp, Ch, Rp, Rr^Vhc, Re, Hh^Fds, Gg, Gg, Gg, Re, Gs, Gd, Hh, Hh, Hhd, Mm, Mm, Hhd, Mm, Mm, Mm, Mm, Mm, Mm, Mm, Mm, Hhd, Hhd^Fp, Hhd^Fp, Hhd, Hh, Hh, Gg, Gs, Rp, Rp, Rr
Gll^Fp, Gg, Gg, Gg, 1 Rp, Rp, Rp, Rp, Gg, Gg^Efm, Hh, Ch, Ch, Ch, Ch, Gg, Gs^Fds, Gs^Fds, Re, Gs, Hh, Hh, Hh^Es, Hhd, Hhd, Hhd, Hhd, Mm, Mm, Mm, Mm, Mm, Mm, Mm, Mm, Mm, Hhd, Hhd^Fp, Hhd, Hh, Hh, Gg, Gs, Gg, Rp, Rp
Gll^Fp, Gll^Fp, Rp, Rp, Rp, Rp, Gg, Gg, Gg, Gll^Fp, Gll^Fp, Hh^Fms, Hh^Fp, Gs^Fds, Hh^Fp, Gs^Fds, Re, Re, Gs^Fds, Hh, Hh, Hh, Hhd, Hhd, Mm, Mm, Mm, Mm, Mm, Mm, Mm, Mm, Mm, Mm, Mm, Mm, Mm, Hhd, Mm, Hhd^Fmf, Hhd, Gg, Gg, Gs, Rp, Rp
Gg, Rp, Rp, Rp, Gll^Fp, Gg, Gll^Fp, Gll^Fp, Gll^Fp, Gll^Fp, Gll^Fp, Gg, Gg, Gs^Fds, Gg, Re, Gg, Gs^Fms, Hh, Hh, Hh, Hhd, Hhd, Mm, Mm, Mm, Mm, Mm, Hh, Mm, Mm, Mm, Mm, Mm, Mm, Mm, Mm, Mm, Mm, Hhd, Hhd, Hh, Gg, Gs, Gg, Rp
