border_size=1
usage=map

Rr, Gg^Eff, Gg^Eff, Gg, Gg, Gll^Fp, Gll^Fp, Gg, Gs^Fms, Gs^Fms, Gll^Fp, Gll^Fp, Gs^Fms, Gs^Fms, Gs^Fms, Gg, Rr, Rr, Rr, Rr, Rr, Gg, Gll^Fp, Gll^Fp, Gll^Fp, Gll^Fp, Re^Gvs, Gs^Fms, Ch, Re, Gs, Gll^Fp, Gll^Fp, Gll^Fp, Rr, Rr, Rr, Gg, Gg, Gg, Re^Gvs, Gll^Fp, Gll^Fp, Gll^Fms, Gll^Fms, Gll^Fp, Gll^Fms, Gll^Fp, Gll^Fp, Gll^Fp, Gll^Fp, Gg, Gg, Gg, Gs, Gll^Fp, Gll^Fp
Rr, Rr, Rr, Gg^Eff, Gs^Fms, Gll^Fp, Gll^Fmf, Gll^Fmf, Gll^Fmf, Gll^Fp, Gll^Fp, Gs^Fms, Gg, Gg, Rr, Rr, Rr, Rr^Es, Rr, Rr, Gll^Fp, Gll^Fp, Gll^Fmf, Gll^Fmf, Gll^Fp, Gg^Wm, Re^Gvs, Gg, Gg, Ch, Re, Re, Gg, Gll^Fp, Rr^Es, Rr, Rr, Gg, Re^Gvs, Re^Gvs, Re^Gvs, Re^Gvs, Gg, Gll^Fp, Gll^Fp, Gll^Fp, Gll^Fp, Gll^Fms, Gg, Gs, Gg^Wm, Gs, Re^Gvs, Gg, Re^Gvs, Gll^Fp, Gll^Fp
Rr, Rr, Rr, Rr, Rr, Gg, Gs^Fms, Gll^Fmf, Gs^Fms, Gll^Fp, Gll^Fp, Gs^Fms, Rr, Rr, Rr, Rr, Rr, Rr, Gg, Rr, Gll^Fp, Gll^Fmf, Gll^Fp, Gll^Fp, Gll, Re, Re, Re^Gvs, Gg^Em, Gg, Re, Gll^Fp, Re, Rr^Rhx, Rr, Rr, Rr, Gs, Re^Gvs, Re, Re^Gvs, Gs, Gg, Ch, Ch, Ch, Ch, Ch, Gg, Gg, Gg, Re^Gvs, Re^Gvs, Re^Gvs, Re^Gvs, Re^Gvs, Re
Gg, Rr, Rr, Rr, Rr, Rr, Rr, Gs, Gs, Gg, Rr, Rr, Rr, Rr, Rr, Rr, Gg, Gll^Fp, Gg, Rr, Gll^Fp, Gll^Fp, Gg, Gll^Fp, Gg, Re^Gvs, Re^Gvs, Re^Gvs, Gs, Rr^Vhc, Rr, Gg^Fet, Rrc, Rr^Rhx, Rr, Rr, Rr, Gs, Re^Gvs, Re^Gvs, Gg, Gg, Kh, Kh, Ch, Ch, Ch, Kh, 3 Kh, Gs, Gs, Gg, Re^Gvs, Re^Gvs, Re^Gvs, Re^Gvs, Gg
Gll^Fp, Gll^Fp, Gg, Rr, Rr, Rr, Rr, Rr, Rr, Rr, Rr, Rr, Rr, Rr, Gll^Fp, Gll^Fp, Gll^Fp, Gg, Gg, Re, Gg, Gg, Re, Re, Gg^Efm, Gg, Gg^Eff, Re^Gvs, Gg^Eff, Gg^Eff, Rrc, Gg^Fet, Gll^Fmf, Gs, Rr, Rr, Rr, Gg, Gs, Gg, Ch, Ch, Ch, Re, Rd, Re, Re, Rd, Ch, Kh, Ch, Gs, Gs, Re, Gs, Gs, Gs^Fms
Gll^Fp, Gll^Fp, Gg, Ch, Ce, Ce, Ce, Rr, Rr, Rr^Es, Rr, Rr, Rr, Gg^Fet, Gll^Fp, Gll^Fp, Gg, Re, Gg, Re, Gg, Re, Gg, Gg, Gg, Gg^Efm, Re^Gvs, Gg^Eff, Re, Gg^Eff, Gg^Eff, Rrc, Rrc, Gg, Rr, Rr, Rr, Gg, Gg, Gg, Ch, Ch, Ch, Re, Re, Rd, Rd, Re, Ch, Ch, Ch, Gs, Gg, Gg, Gg, Gll^Fp, Gll^Fp
Gll^Fmf, Gll^Fmf, Gll^Fp, Ce, Ce, 4 Ke, Gg^Fet, Ce, Rr, Rr, Rr, Rr, Rr, Rr, Rr, Gg, Rr^Vhc, Re, Gg, Re, Re, Re, Re, Gg, Gs^Fds, Re, Re^Gvs, Re^Gvs, Re^Gvs, Re^Gvs, Re^Gvs, Gg^Eff, Gg^Eff, Rr, Rr, Rr, Rr, Gs, Gs, Gg, Gs, Ch, Kh, Re, Re, Rd, Re, Re, Kh, Ch, Gg, Gg, Gg, Gg, Gg, Gll^Fp, Rr
Gll^Fmf, Gll^Fp, Gll^Fp, Ce, Ce, Ce, Ce, Ce, Rr, Rr, Rr, Rr, Rr, Rr, Rr, Rr, Rr, Rr^Vhc, Rr, Re, Gg, Gg, Re, Gg, Gg, Gs, Gs, Gs, Gg^Es, Re, Gg, Gg^Eff, Rp, Rp, Rr, Rr, Rr, Rr^Vhc, Rr^Vhc, Gg, Gs, Gs, Gg, Kh, Ch, Re, Ch, Kh, Gs, Gg, Gg, Gg, Re^Ve, Re^Ve, Rr, Rr, Rr
Gg, Gll^Fp, Gs, Gg, Rr, Rr, Rr, Rr, Rr, Rr, Gll^Eff, Gg^Eff, Gg^Eff, Rr, Rr, Rr, Rr, Rr, Rr, Rr^Vhc, Gll^Fp, Gll^Fp, Gll^Fp, Re, Gg, Gg, Gg, Gg, Gg, Gg^Es, Gg, Gg, Rr, Rr, Rr^Es, Rr, Rr, Gs^Ve, Rr^Vhc, Gg, Gs, Gg, Gs, Gg, Rr, Ch, Gg, Gg, Gs, Gs, Gg, Re^Vh, Rr, Rr, Rr, Rr, Rr
Gg, Gs, Rr, Rr, Rr, Rr, Rr, Rr, Gll^Fp, Gll^Fp, Ww, Ww, Ww, Gs^Eff, Gs^Eff, Rr, Rr, Rr, Rr, Rr, Rr, Gll^Fp, Gs, Gg, Gg, Ch, Kh, Gg, Gg, Gg, Rr, Rr, Rr, Rr, Rr, Rr, Rr, Rr, Rr, Gg, Gg, Gg, Gg, Gs, Rr, Rr, Gg, Gg, Gg, Gg, Rr, Rr, Rr, Rr, Rr, Rr, Gg
Rr, Rr, Rr, Rr, Rr^Es, Rr, Rr, Gll^Fp, Gll^Fp, Ww, Ww, Ww, Ww, Ww, Ww, Gll^Fp, Gll^Fp, Rr, Rr, Rr, Rr, Rr, Rr, Gg, Gg, Ch, Ch, Gs, Rr, Rr, Rr, Rr, Rr, Rr, Rr, Rr, Rr, Rr, Rr, Rr, Rr, Gg, Rr, Rr, Rr, Rr, Gs, Gg, Rr, Rr, Rr, Rr, Rr, Rr, Gll^Fp, Gll^Fp, Ww
Rr, Rr, Rr, Rr, Rr, Rr, Rr, Rr, Rr, Gll, Gs, Ww, Ww, Ww, Ww, Ww, Gll^Fp, Gll^Fp, Rr, Rr, Rr, Rr, Rr, Rr, Rr, Gg, Rr, Rr, Gs^Rhx, Gs^Rhx, Gs^Rhx, Rr, Rr, Rr, Gs^Vh, Gs^Ve, Gs^Ve, Rr, Rr, Rr, Rr, Rr, Rr, Rr, Gll^Fp, Gll^Fp, Rr, Rr, Rr, Rr, Rr, Rr, Gll^Fp, Gll^Fp, Ww, Ww, Ww
Rr, Rr, Gs^Rhx, Gs^Vh, Rr^Vhc, Rr, Rr, Rr, Rr, Rr, Rr, Gs^Efm, Gs^Efm, Ww, Gs, Gll^Fp, Rr, Rr, Rr, Rr, Rr^Es, Rr, Rr, Rr, Rr, Rr, Rr, Rr, Rr, Gs^Rhx, Rr, Rr, Gll^Fp, Rr, Gg, Gs^Vh, Gg, Gg, Gg^Eff, Rr, Rr, Rr, Rr, Rr, Rr, Rr, Rr, Rr, Rr, Rr, Rr, Gll^Fp, Ww, Ww, Ww, Ww, Gll^Fp
Rr, Rr, Gs^Fms, Gs^Rhx, Gs^Vh, Gs^Vh, Rr, Rr, Rr, Rr, Rr, Rr, Rr, Gg, Rr, Rr, Rr, Rr, Rr, Rr, Gs^Vh, Gs^Vh, Gs^Vh, Rr, Rr, Rr, Rr, Rr, Rr, Rr, Gll^Fp, Gll^Fmf, Gll^Fp, Rr, Gs^Vc, Gg, Ww, Ww, Ww, Gg^Eff, Gg^Eff, Rr, Rr, Rr, Rr^Es, Rr, Rr, Rr, Gs^Vhc, Gg^Ve, Gg^Ve, Rr, Rr, Ww, Gg, Gg, Rr
Rr, Gll^Fp, Gll^Fp, Rr, Rr, Rr, Rr, Rr, Gs, Rr, Rr, Rr, Rr, Rr, Rr, Rr, Rr, Rr, Gs^Rhx, Gg, Gg, Gg^Ve, Gll^Fp, Gg, Gg, Rr, Rr, Rr, Rr, Rr, Rr, Gll^Fmf, Gll^Fmf, Rr, Rr, Gg, Ww, Ww, Ww, Ww, Ww, Gll^Fp, Gll^Fp, Rr, Rr, Rr, Rr, Rr, Rr, Gs^Rhx, Gs^Vhx, Rr^Vhc, Gs^Rhx, Rr, Rr, Rr, Rr
Gs^Vhx, Rr^Vhc, Gs^Vh, Gll^Fp, Rr, Rr, Gg, Gs, Gg, Gs, Gg, Rr, Rr, Rr, Rr, Rr, Rr, Gs^Rhx, Gs^Rhx, Gs^Ve, Gs^Rhx, Gg, Gg, Gg, Gs, Gg^Ve, Rr, Rr, Rr, Rr, Rr, Rr, Rr, Gll^Fp, Gll^Fp, Rr, Ww, Ww, Ww, Ww, Ww, Ww, Ww, Gll^Fp, Gll^Fp, Rr, Rr, Rr, Rr, Rr, Rr, Gg^Ve, Rr, Rr, Rr, Rr, Rr
Gs^Rhx, Gs^Vh, Rr, Rr, Ww, Gg, Ww, Gg, Ww, Gs, Gg, Gll^Fms, Gll^Fms, Rr, Rr, Rr, Rr, Rr, Rr, Gs^Rhx, Gg^Ve, Gs^Vh, Kh, Gg, Gs, Gg, Rr, Rr, Gg^Eff, Rr, Rr, Rr, Rr, Rr, Rr, Rr, Gg, Ww, Ww, Ww, Ww, Ww, Ww, Ww, Wot, Gll^Fp, Gll^Fp, Rr, Rr, Rr, Rr, Rr, Rr, Rr, Rr, Rr, Gg
Rr, Rr, Rr, Rr^Vhc, Gg, Ww, Ww, Ww, Ww, Ww, Gll^Fp, Gll^Fds, Gs^Fds, Gs^Fms, Gll^Fmf, Rr, Rr, Rr, Rr, Rr, Rr, Ch, Ch, Gg, Rr, Rr, Gg, Gg^Eff, Gg, Gs^Eff, Gg^Eff, Rr, Rr, Rr, Rr, Rr, Rr, Gg, Gg, Ww, Gg, Gll^Fp, Gll^Fp, Ww, Gll^Fp, Gll^Fp, Gll^Fp, Gll^Fp, Gg, Rr, Rr, Rr, Rr, Rr, Rr, Gg, Gll^Fp
Rr, Rr, Gs^Rhx, Rr^Rhx, Ww, Ww, Ww, Ww, Ww, Gll^Fmf, Gll^Fmf, Gs^Fms, Gll^Fp, Gs^Fds, Gll^Fmf, Gll^Fp, Gs, Rr, Rr^Es, Rr, Rr, Rr, Rr, Rr, Gg, Gg, Gll^Fp, Gs^Efm, Gll^Fp, Gll^Fp, Gll^Fp, Gg^Eff, Gs^Eff, Rr, Rr, Rr, Rr, Rr, Rr, Gg, Gg, Gg, Gs^Vh, Gll^Fp, Gs^Vh, Gll^Fp, Gll^Fp, Gll^Fp, Rr, Rr, Rr^Es, Rr, Rr, Rr, Rr, Rr, Rr
Gg, Gs^Rhx, Rr^Vhx, Rr^Rhx, Ww, Ww, Ww, Ww, Ww, Ww, Gll^Fp, Gs^Fms, Gs^Fds, Gs^Fms, Gg, Gll^Fp, Gs, Rr, Rr, Rr, Rr, Rr, Rr, Rr, Rr, Gg, Re, Rd, Gll^Fp, Gs^Fms, Gg, Gg^Efm, Gs, Gg, Re, Rr, Rr, Rr, Rr, Rr, Rr, Gs^Vh, Rr^Vhc, Gs^Vhx, Gs^Vh, Gs^Vh, Rr, Rr, Rr, Rr, Rr, Rr, Gg^Fet, Rr, Rr, 1 Rr, Rr
Gg, Gg, Gg, Gs, Gs, Ww, Gg, Ww, Ww, Ww, Gll^Fp, Gs^Fms, Gg, Gll^Fp, Gg, Gg, Rr, Rr, Rr, Rr, Gs, Rr, Rr, Rr, Rr, Rr, Rr, Gg, Gg, Gg, Rr^Vhc, Gs, Gg, Re, Gs, Gs, Gg^Rhx, Rr, Rr, Rr^Es, Rr, Rr, Rr, Rr^Vhc, Rr, Rr, Rr, Rr, Rr, Rr, Gg, Gs, Gs, Gg, Gg, Rr, Rr
Gll^Fp, Gg, Gll^Fp, Gs, Gg, Gg, Gg, Ww, Ww, Ww, Gg, Gg, Gg, Gg, Rr, Rr, Rr, Rr, Gg, Gg, Gll^Fp, Gg, Gg, Rr, Rr, Rr, Rr, Rr, Gs^Rhx, Gg, Gg, Gg, Re, Re, Gg, Gg, Gg, Gg^Rhx, Rr^Vhx, Rr, Rr, Rr, Rr, Rr, Rr, Rr, Gg, Rr, Gg, Gg, Gg, Gg, Gg, Gg, Hh, Hh, Hh
Gll^Fp, Gll^Fp, Gll^Fp, Gll^Fmf, Gll^Fmf, Gll^Fmf, Gg, Gg, Gs, Gg, Gg, Gg, Ket, Ket, Ket, Rr, Gg, Gs, Gs, Ch, Ch, Gll^Fp, Gll^Fp, Gg, Gg, Rr, Rr, Rr, Gs^Rhx, Gs, Gs, Gg, Gg, Gg, Ce, Gg, Gg, Gs^Fds, Gs^Fds, Gll^Fp, Gs^Fds, Rr, Rr, Rr, Gs, Gg, Ch, Gg, Kh, Gg, Gg, Hh, Hh, Hh, Hh^Fp, Mm, Mm
Gll^Fmf, Gs^Fms, Gll^Fds, Gll^Fmf, Gll^Fp, Gll^Fp, Gll, Gs, Gg, Gs^Es, Gg, Gg, Ket, 5 Ket, Ket, Rr, Gg, Gg, Gs, Gg, Gll, Gll^Fp, Gg, Gg, Gg, Rr, Rr, Rr, Gs, Gg, Gg, Gg, Ch, Ce, Gg, Gg, Gg, Gll^Fp, Gll^Fp, Gs^Fds, Gg, Rr, Rr, Rr, Gg, Gs, Gg, Ch, Gg, Ch, Ch, Gs, Gs, Gd, Hh^Fds, Hh^Fp, Mm
Gll^Fp, Gll^Fmf, Gll^Fp, Gs^Fds, Gll^Fms, Gll^Fms, Gs, Gs, Gg, Gg, Ce, Ce, Re, Ket, Re, Ce, Ce, Gg, Gg, Gg, Gg, Gs, Gs^Vl, Re, Re, Rr, Rr, Rr, Gs, Gg, Gg, Ch, Gg, Gg, Gg, Re^Vhc, Re, Gs, Re, Gg, Ch, Kh, Ch, Rr, Gs, Re^Vhc, Gg, Gg, Re, Gg, Gg, Ch, Ch, Gs, Gs, Hh^Fdf, Hh^Fdf
Gll^Fp, Gll^Fp, Hhd^Fp, Hhd^Fp, Gll^Fp, Gg, Gg, Gs, Ce, Ce, Re, Rd, Rd, Rd, Rd, Re, Re, Ce, Ket, Gg, Gg, Gg, Re, Gg, Gg, Rr, Rr, Rr, Gg, Gg^Es, Gg, Kh, Gg, Gs^Fds, Gs^Fds, Gg, Gg, Re, Re, Gg, Ce, Ch, Ce, Gg^Fet, Re, Re, Gg, Re, Ww, Gg, Re, Gg, Ch, Gg, Gg, Hhd^Fdf, Hh^Fds
Gll^Fp, Gll^Fp, Gll^Fms, Gll^Fmf, Gs, Gg, Gg, Gs, Ce, Re, Rd^Es, Rd, Re^Es, Rd, Re, Rd^Es, Rd, Re, Ce, Gg, Gg, Gg, Re, Re, Gg^Fet, Rr, Rr, Rr, Rr, Gg, Gg, Ch, Ch, Gs^Fds, Gs^Fds, Gg, Gg^Fet, Gs, Gg, Ch, Ch, Ce, Ce, Ch, Gg, Gg, Gs, Ww, Ww, Ww, Gg, Gg, Ch, Gg, Gs, Gg, Gg
Gs^Fms, Gll^Fmf, Gg, Gs, Gg, Gg, Gg, Gg, Ce, Re, Re, Re, Rd, Rd, Re, Rd, Rd, Re, Ket, Gs, Gg, Re, Re^Gvs, Re^Gvs, Gg, Rr, Rr, Rr, Rr, Rr, Rr, Gg, Ch, Gg, Gg, Gs, Gg, Gg, 2 Kh, Ch, Ch, Ce, Ch, Ch^Es, Kh, Gs, Gg, Ww, Ww, Ww, Gg, Gg, Ch, Gs, Gg, Gd^Es, Hhd^Fdf
Gs^Fms, Gll, Gg, Gg^Es, Gg^Eff, Re, Gg, Gg, Ket, Ket, Ket, Rd, Ce, Ce, Ket, Rd, Ce, Ket, Ket, Gs, Gg, Re^Gvs, Re, Re^Gvs, Gg, Ch, Gg, Rr, Rr, Rr, Rr, Rr, Rr, Ch, Ch, Gs, Gg, Gg, Gll^Fp, Gg, Rr, Rr, Rr, Gg, Gg, Re, Re, Gg, Gg, Gs, Gg, Gg, Kh, Gs, Gs, Gs, Gg
Gll^Fp, Gs, Gg^Eff, Gg^Eff, Re^Gvs, Re^Gvs, Gg, Gg, Gg, Ket, Gg, Ce, Gg, Gg, Gg, Ce, Gg, Gg, Gg, Gg, Gg, Re, Re^Gvs, Gg, Gg, Ch, Ch, Gs, Gs, Rr, Rr, Rr, Rr, Rr, Rr, Gg, Gg, Gll^Fmf, Gs^Fds, Gll^Fp, Rr, Rr, Rr, Gll^Fp, Gs^Fds, Gg, Gg, Re^Vhc, Gs, Gs, Ch, Ch, Gg, Gg, Gg, Gs, Rp
Gs, Gg^Eff, Gg^Eff, Gg^Fet, Re^Gvs, Re^Gvs, Gg^Es, Gg, Gg, Gg, Gg, Gs, Gs, Gg, Gg, Gg, Gs, Gs, Gs, Re, Gg, Re^Gvs, Gll^Fp, Gll^Fp, Gll^Fp, Gg, Gg, Ch, Re, Gs, Gg, Rr, Rr, Rr, Rr, Rr, Rr, Gll^Fmf, Gll^Fmf, Gll^Fmf, Rr, Rr, Rr, Gll^Fp, Gll^Fmf, Gs^Fds, Gg, Gg, Rr, Gg, Rp, Gg, Rp, Rp, Rp, Rp, Rp
Gg, Gg^Es, Gg, Gs^Eff, Gs^Eff, Gg, Gs, Ww, Ww, Ww, Ww, Gs, Gg, Gs^Wm, Gs, Gs, Gg, Gg, Ch, Re, Gg, Gg, Gll^Fp, Gll^Fp, Gg, Gg, Gg, Ch, Re, Gll^Fp, Gll^Fp, Gg, Gll^Fp, Rr, Rr, Rr, Rr, Rr, Gll^Fp, Gll^Fp, Rr, Rr, Rr, Gs^Fds, Rr, Rr, Rr, Rr, Rr, Rr, Rr, Rr, Rr, Rp, Rr, Rp, Rp
Gg, Gg, Gg^Eff, Gs^Eff, Gg, Gs, Ss, Ww, Ww, Ww, Ww, Ss, Gg, Gg, Gs, Gg, Kh, Ch, Gg, Gg, Gg, Gg, Gs^Vc, Re, Re, Re, Re, Re, Gg, Gll^Fp, Ds, Gll^Fp, Gll^Fp, Gll^Fp, Gg, Rr, Rr, Rr, Rr, Rr, Rr, Rr, Rr, Rr, Rr, Rr, Rr, Rr, Rr, Rr, Rr, Rr, Gg, Rp, Gg, Rp, Gg
Gg, Gg^Eff, Gg, Gg, Gg, Ss, Ss, Ss, Ww, Ww, Ss, Ss, Gs, Gs, Gs, Gg, Ch, Gg, Gg, Gg, Gg, Gg, Ww, Gg, Wo, Ww, Ww, Ww, Ww, Gg, Ds, Ds, Ds, Ds, Gg^Es, Rr, Rr, Rr, Rr, Rr, Rr, Rr, Rr, Rr, Rr, Rr, Gs, Rr, Gg, Gs, Gg, Gg, Gg, Gg, Gg, Gs, Gs
