border_size=1
usage=map

Xu, Xu, Xu, Xu, Xu, Xu, Xu, Xu, Xu, Xu, Xu, Xu, Xu, Xu, Xu, Xu, Xu, Xu, Uue, Xu, Xu, Xu, Xu, Xu, Xu, Xu, Xu, Xu, Xu, Xu, Xu, Xu, Xu, Xu, Xu, Xu, Xu, Xu, Xu, Xu, Xu, Xu, Xu, Xu, Xu, Xu
Xu, Xu, Xu, Xu, Xu, Xu, Xu, Xu, Xu, Xu, Xu, Xu, Xu, Xu, Xu, Xu, Uh^Uf, Uh, Re, Uue^Em, Uu, Xu, Xu, Xu, Xu, Xu, Xu, Xu, Xu, Xu, Xu, Xu, Xu, Xu, Xu, Xu, Xu, Xu, Xu, Xu, Xu, Xu, Xu, Xu, Xu, Xu
Xu, Xu, Cud, 5 Kud, Cud, Cud, Cud, Xu, Xu, Xu, Xu, Xu, Xu, Xu, Re, Uh^Uf, Rb, Ur, Xu, Uu, Uu, Xu, Xu, Xu, Xu, Xu, Xu, Xu, Xu, Xu, Xu, Xu, Xu, Xu, Xu, Xu, Xu, Xu, Xu, Xu, Xu, Xu, Xu, Xu, Xu, Xu
Xu, Xu, Uu, Uu, Uu, Uu, Cud, Xu, Xu, Xu, Xu, Xu, Xu, Xu, Uu, Uu, Xu, Xu, Xu, Uu, Uu, Uu^Uf, Xu, Xu, Xu, Qxu, Qxu, Qxu, Qxu, Xu, Xu, Xu, Xu, Xu, Xu, Xu, Xu, Xu, Xu, Xu, Xu, Xu, Xu, Xu, Xu, Xu
Xu, Uu^Vu, Uu, Ur, Ur, Uu, Cud, Cud, Xu, Xu, Xu, Xu, Xu, Xu, Rb, Uu, Xu, Xu, Uhe^Uf, Uue, Uue, Uu, Xu, Xu, Qxu, Qxu, Xu, Qxu, Qxu, Xu, Uue, Xu, Uhe^Uf, Xu, Uhe^Uf, Xu, Xu, Xu, Xu, Xu, Xu, Xu, Xu, Xu, Xu, Xu
Xu, Uu, Uu, Uu, Ur, Uu, Uu, Cud, Xu, Xu, Xu, Xu, Xu, Uu^Uf, Rb, Rb, Xu, Xu, Uhe^Uf, Uue, Re, Xu, Xu, Xu, Xu, Xu, Wwf, Xu, Uue, Uue^Uf, Uu, Uue, Uu, Uhe^Uf, Uhe, Xu, Xu, Xu, Xu, Xu, Xu, Xu, Xu, Xu, Xu, Xu
Xu, Cud, Cud, Cud, Xu, Uu, Uu, Xu, Xu, Xu, Rr, Xu, Xu, Uu, Uu, Xu, Xu, Uh^Vu, Uu, Re^Es, Xu, Xu, Xu, Xu, Xu, Wwg, Wog, Wwf, Wwg, Uue, Uu, Uu^Ii, Uu, Uu, Uue, Xu, Xu, Xu, Xu, Xu, Xu, Xu, Xu, Xu, Xu, Xu
Xu, Xu, Xu, Xu, Xu, Uu, Rr, Uu, Rr, Uu, Rr, Uu, Uu, Uu, Uu, Xu, Xu, Uh, Uue, Uu, Uu^Es, Xu, Wwg, Wwg, Wwg, Wwg, Wog, Wog, Wog, Rr, Xu, Uue, Uhe^Uf, Uue, Uhe, Xu, Xu, Xu, Xu, Xu, Xu, Xu, Xu, Xu, Xu, Xu
Xu, Xu, Xu, Xu, Uu, Uu, Rr, Rr, Qxu, Rr, Rr, Uu, Ur, Ur, Xu, Xu, Xuc, Cud, Uhe, Uue, Uu, Wwg, Wog, Wog, Wog, Wog, Wog, Wog, Xu, Rr, Xu, Uhe^Uf, Uhe^Uf, Uhe, Xu, Xu, Xu, Xu, Xu, Xu, Xu, Xu, Xu, Xu, Xu, Xu
Xu, Xu, Xu, Uu^Vud, Rb^Es, Rb, Rr, Qxu, Qxu, Qxu, Rr, Rr, Uu, Uu, Xuc, Xuc, Xu, Cud, Cud, Uue, Uue, Wwg, Wwg, Wog, Xu, Wog, Xu, Xu, Xu, Xu, Xu, Xu, Xu, Xu, Xu, Xu, Xu, Xu, Xu, Xu, Xu, Xu, Xu, Xu, Xu, Xu
Xu, Xu, Xu, Xu, Uu, Rb, Rr, Qxu, Qxu, Qxu, Rr, Rr, Uu, Xu, Xuc, Xuc, Xu, Xu, Xu, Uhe, Uue, Uu, Wwf^Em, Wwf, Xu, Xu, Xu, Xu, Xu, Xu, Xu, Xu, Xu, Xu, Xu, Xu, Xu, Xu, Xu, Xu, Xu, Xu, Xu, Xu, Xu, Xu
Xu, Xu, Xu, Xu, Uh, Rr, Uu, Rr, Rr^Br|, Rr, Uu, Uu, Xu, Xu, Xu, Xuc, Xu, Xu, Xu, Uhe, Uu, Uue, Uu, Uu, Xu, Xu, Xu, Xu, Xu, Xu, Xu, Xu, Xu, Xu, Xu, Xu, Xu, Xu, Xu, Xu, Xu, Xu, Xu, Xu, Xu, Xu
Xu, Xu, Xu, Xu, Xu, Uh, Uh, Uu, Uu^Br|, Uu, Uu, Uu, Uu, Xu, Xu, Xuc, Xu, Xu, Xuc, Xu, Uu, Re, Uu, Xu, Xu, Xu, Xu, Xu, Xu, Xu, Xu, Xu, Xu, Xu, Xu, Xu, Xu, Xu, Xu, Xu, Xu, Xu, Xu, Xu, Xu, Xu
Xu, Xu, Xu, Xu, Xu, Xu, Xu, Xu, Uu^Br|, Xu, Xu, Uue, Re, Xu, Xu, Xuc, Xu, Xu, Xu, Xu, Uu, Re^Es, Re, Xu, Xu, Xu, Cud, Xu, Cud, Xu, Xu, Xu, Xu, Xu, Xu, Xu, Xu, Xu, Xu, Qxu, Qxu, Xu, Xu, Xu, Xu, Xu
Xu, Xu, Xu, Xu, Xu, Xu, Xu, Xu, Xu, Uu^Br\, Uue^Br\, Uhe, Uue, Re, Uue, Uu^Uf, Uu, Uu^Vud, Uu, Uue, Uu, Uu^Es, Uu, Xu, Uu^Br/, Cud, Cud, 3 Kud, Cud, Cud, Uu, Uu^Vu, Uu^Es, Xu, Xu, Xu, Xu, Xu, Xu, Qxu, Qxu, Qxu, Xu, Xu, Xu, Xu
Mm, Mm^Xm, Mm, Xu, Xu, Xu, Xu, Xu, Xu, Xu, Wwf, Uue^Br\, Uue^Br\, Uue, Uue, Uue, Uu^Br\, Uu, Uue^Br\, Re, Uue^Br/, Uue^Br\, Uu^Br/, Xu, Xu, Uu, Uu, Uu, Uu, Uu, Uu, Ur, Ur, Uu, Uu, Xu, Xu, Xu, Qxu, Qxu, Qxu, Qxu, Xu, Xu, Xu, Xu
Mm, Mm, Mm, Mm, Mm^Xm, Xu, Xu, Xu, Xu, Xu, Xu, Uhe^Uf, Uue^Vu, Uue^Br\, Uu^Br/, Uu^Br/, Xu, Uu^Br/, Xu, Re^Br/, Xu, Xu, Xu, Xu, Xu, Xu, Uu, Uu, Ur, Uu, Xu, Uu, Uu, Ur, Ur, Xu, Qxu, Xu, Qxu, Qxu, Qxu, Qxu, Xu, Xu, Xu, Xu
Hh, Hh, Mm, Mm, Mm, Mm, Mm^Xm, Xu, Xu, Xu, Xu, Xu, Xu, Xu, Xu, Xu, Xu, Xu, Xu, Xu, Xu, Xu, Xu, Xu, Xu, Xu, Xu, Uu, Ur, Xu, Xu, Xu, Xu, Uu, Qxu^Bcx\, Qxu^Bcx\, Qxu, Qxu, Qxu, Qxu, Qxu, Qxu, Xu, Xu, Xu, Xu
Mm, Mm, Hh, Hh, Hh^Fds, Mm, Mm, Xu, Xu, Xu, Xu, Xu, Xu, Xu, Xu, Xu, Uue^Uf, Xu, Uhe, Xu, Uhe, Xu, Xu, Xu, Xu, Xu, Xu, Rb^Es, Rb, Ur, Xu, Xu, Xu, Xu, Qxu, Qxu, Qxu, Qxu, Qxu^Bcx\, Xu, Xu, Xu, Xu, Xu, Xu, Xu
Hh, Mm, Hh, Hh, Hh, Hh^Fds, Hh, Mm, Xu, Xu, Hhd, Xu, Uu, Xu, Rb, Uue, Re, Uue, Re, Uhe, Rb, Uue, Uue, Xu, Uh, Xu, Xu, Xu, Uu, Uu, Uu, Xu, Xu, Xu, Qxu, Qxu, Xu, Qxu^Bcx\, Uu, Uu, Uu, Cud, Cud, Xu, Xu, Xu
Hh, Hh, Hh, Hh, Hh^Vhh, Hh, Gs, Gs, Gs, Hh, Rd, Hhd, Uu, Rb, Ur, Ur, Uh, Re^Es, Uue, Re, Uhe, Re, Re, Uu, Uu, Uh, Uu, Xu, Uu, Re, Uu, Xuc, Xu, Qxu, Qxu, Qxu, Xu, Xu, Xu, Uu, Rr, Uu, Uu, Cud, Xu, Xu
Gg, Hh, Gg^Efm, Gg^Efm, Gg^Efm, Gg, Rd, Rd, Rd, Rd, Gs, Uu, Uu, Ur, Xu, Uh, Xu, Uhe, Xu, Xu, Xu, Xu, Xu, Ur, Ur, Uu, Re, Uu, Cud, Re, Re, Uu^Vud, Xu, Qxu, Qxu, Xu, Xu, Xu, Xu, Cud, Cud, Rr, Rr, Uu, Rr, Xu
Rd, Gg, Rd, Gg, Rd, 1 Rd, Gg^Efm, Gg^Efm, Gg, Gs, Xu, Hhd, Hhd, Xu, Xu, Xu, Xu, Xu, Xu, Xu, Xu, Xu, Xu, Xu, Uhe, Uu, Uue, Cud, 2 Kud, Cud, Uu, Uu, Xu, Qxu, Qxu, Qxu, Qxu, Xu, Xu, Xu, Xu, Cud, Xu, Rr, Uu, Rr
Gg, Rd, Gg^Efm, Rd, Gg, Gg, Hh, Gg, Hh, Mm, Xu, Xu, Xu, Xu, Xu, Xu, Xu, Xu, Xu, Xu, Xu, Xu, Xu, Xu, Uhe^Uf, Uue^Vud, Uh, Cud, Cud, Cud, Uu, Uu^Uf, Xu, Xu, Qxu, Qxu, Qxu, Xu, Xu, Xu, Xu, Xu, Xu, Xu, Xu, Uu
Gg^Efm, Gg^Efm, Gg^Efm, Gg, Hh, Gg, Hh, Hh, Mm^Xm, Mm^Xm, Xu, Xu, Xu, Xu, Xu, Xu, Xu, Xu, Xu, Xu, Xu, Xu, Xu, Xu, Xu, Uhe^Uf, Uh, Uh^Uf, Uh, Uu, Xu, Xu, Xu, Xu, Xu, Qxu, Qxu, Xu, Xu, Xu, Xu, Xu, Xu, Xu, Xu, Xu
Gg, Gg, Gs, Gg, Hh, Hh, Mm, Mm, Mm^Xm, Mm^Xm, Xu, Xu, Xu, Xu, Xu, Xu, Xu, Xu, Xu, Xu, Xu, Xu, Xu, Xu, Xu, Xu, Xu, Xu, Xu, Xu, Xu, Xu, Xu, Xu, Wo, Wo, Qxu, Xu, Xu, Xu, Xu, Xu, Xu, Xu, Xu, Xu
Gll^Fp, Gll^Fp, Gs^Efm, Gg^Fms, Hh^Fms, Hh, Mm, Mm, Xu, Xu, Xu, Xu, Xu, Xu, Xu, Xu, Xu, Xu, Xu, Xu, Xu, Xu, Xu, Xu, Xu, Xu, Xu, Xu, Xu, Xu, Xu, Xu, Xu, Wo, Wo, Qxu, Xu, Xu, Xu, Xu, Xu, Xu, Xu, Xu, Xu, Xu
Gll^Fp, Gs^Efm, Gs^Efm, Gll^Fp, Hh, Mm, Xu, Xu, Xu, Xu, Xu, Xu, Xu, Xu, Xu, Xu, Xu, Xu, Xu, Xu, Xu, Xu, Xu, Xu, Xu, Xu, Xu, Xu, Xu, Xu, Xu, Xu, Xu, Wo, Wo, Mm^Xm, Xu, Xu, Xu, Xu, Xu, Xu, Xu, Xu, Xu, Xu
Gg, Gll^Efm, Gs, Hh, Mm, Mm, Xu, Xu, Xu, Xu, Xu, Xu, Xu, Xu, Xu, Xu, Xu, Xu, Xu, Xu, Xu, Xu, Xu, Xu, Xu, Xu, Xu, Xu, Xu, Xu, Xu, Xu, Xu, Wo, Mm, Mm^Xm, Mm^Xm, Mm^Xm, Xu, Xu, Xu, Xu, Xu, Xu, Xu, Xu
Gg, Gll^Efm, Gs^Fms, Hh^Fds, Mm, Mm^Xm, Mm^Xm, Xu, Xu, Xu, Xu, Xu, Xu, Xu, Xu, Xu, Mm^Xm, Xu, Mm^Xm, Xu, Xu, Xu, Xu, Xu, Xu, Xu, Xu, Xu, Xu, Xu, Xu, Xu, Mm, Wo, Mm, Mm, Mm, Mm^Xm, Xu, Xu, Xu, Xu, Xu, Xu, Xu, Xu
Gs, Gs^Fds, Ww, Ww, Hh, Mm, Mm, Mm^Xm, Mm, Xu, Xu, Xu, Mm, Mm, Mm, Mm, Mm, Mm^Xm, Mm, Mm, Mm, Xu, Xu, Xu, Mm^Xm, Xu, Mm^Xm, Xu, Mm, Xu, Mm, Mm, Hh, Wo, Hh^Fds, Hh^Dr, Mm, Xu, Xu, Xu, Xu, Xu, Xu, Xu, Xu, Xu
Gs, Ww, Gs, Gg^Fds, Hh^Fds, Hh, Hh^Fp, Mm, Mm, Mm, Mm, Mm, Hh, Mm, Hh, Mm, Hh, Hh, Hh^Fp, Mm, Hh^Fp, Mm, Mm, Mm, Hh, Mm, Hh^Fds, Mm^Xm, Hh, Mm, Mm, Mm, Wo, Wo, Gs^Fds, Hh, Mm^Xm, Xu, Xu, Xu, Xu, Xu, Xu, Xu, Xu, Xu
Ww, Ww, Gg, Gg^Efm, Gg, Hh^Fp, Gll^Fp, Hh, Hh, Hh, Gg, Gg, Gg, Hh, Gg, Gg, Gg, Gg, Gg, Hh^Fds, Gg, Hh, Gg, Hh, Gg, Hh^Fds, Gg, Hh, Gg, Gg, Gg, Gg, Wog, Gs^Fds, Gg, Hh, Hh, Mm, Mm, Mm^Xm, Xu, Xu, Xu, Xu, Xu, Xu
