border_size=1
usage=map

Gd^Fp, Gg^Fds, Gll^Fds, Gg^Fds, Gll^Fp, Gll^Fds, Gll^Fms, Gll^Fds, Gll^Fp, Gll^Fp, Gll^Fms, Gll^Fp, Gll^Fmw, Gll^Fp, Gll^Fmw, Gg, Ss, Ss, Ss, Ss, Gs^Fds, Gs^Fms, Gs^Fms, Gll^Fp, Gg^Efm, Gll^Fp, Gll^Fp, Gd^Fmw, Gll^Fp, Gll^Fp, Gll^Fp, Gg, Gs, Gs, Rd, Gg, Gg, Gll^Fp, Hh^Fp, Hh^Fds, Hh^Fp, Hh^Fds, Hh^Fds, Mm, Mm, Mm, Mm^Xm, Mm^Xm, Xu
Re, Re, Re, Rd, Rd, Rp, Re, Gg^Fp, Gg^Fds, Gll^Fp, Gll^Fet, Gll^Fp, Gll^Fp, Gll^Fp, Rd, Gll^Fp, Re^Gvs, Ss, Gll^Fp, Gll^Fds, Gs^Fds, Gs^Fms, Hh^Fp, Gs^Fms, Gs^Fms, Gg^Efm, Gll^Fds, Gs^Fds, Gll^Fp, Gll^Fp, Gd, Gd, Re, Rd, Gs, Gg, Gd^Vo, Gll^Fp, Hh^Fds, Hh^Fds, Co, Hh^Fp, Hh^Fp, Hh^Fds, Mm, Mm^Xm, Xu, Xu, Uh
Gll^Fds, Gll^Fp, Gg^Fet, Gll, Ce, Ce, Ce, Re, Rd, Gg^Vct, Gg^Fds, Gll^Fp, Gll^Fms, Gg^Fms, Hh, Gg^Fp, Gll^Fp, Gll^Fp, Gll^Fmw, Gll^Fds, Gs^Fds, Gll^Fds, Hh, Hh, Gs^Fms, Gll^Fp, Gll^Fds, Gll^Fp, Re, Re, Re, Re, Gg, Gg, Gg, Gs, Gll^Fp, Gs^Efm, Re^Gvs, Co, 3 Ko, Co, Hh^Fp, Mm, Mm, Mm^Xm, Uh, Uh, Xu
Ww, Gll^Fds, Gll^Fds, Ce, Ce, 2 Ke, Ce, Gs, Ds, Rd, Gs, Gll^Fds, Gll, Gll^Fms, Hh, Hh, Gll^Fp, Gll^Fp, Hh, Gll^Fmw, Gg, Gs, Gs^Efm, Gg^Efm, Gll^Fp, Gll^Fp, Gll^Fp, Gg, Rr, Rr, Gs^Fms, Gll^Fp, Gll^Fp, Gg, Gll^Fmw, Gll^Fp, Gll^Fp, Gg, Re^Gvs, Re^Gvs, Co, Co, Gs, Gd^Vo, Gd, Hh^Fp, Hhd, Hhd, Mm^Xm
Gll^Fds, Ww, Gll, Gll, Ce, Ce, Hh, Hh, Hhd, Rd, Rd, Gg, Gg, Gll, Hh, Gll^Fp, Gs^Fms, Hh^Fms, Hh^Fms, Gll^Fp, Gg, Gg, Gll^Fp, Gll^Fp, Gll^Fp, Gll^Fp, Re, Rp, Gg^Efm, Gg, Gg, Gll^Fp, Gll^Fp, Gll^Fp, Gll^Fmw, Gll^Fp, Gg, Re^Gvs, Re^Gvs, Re^Gvs, Hhd, Gs, Hh^Fds, Gd, Mm, Gd, Hh, Mm, Mm
Gll, Ww, Gg^Efm, Gg, Gd^Es, Gs, Gs, Hh^Vct, Ss, Gs^Fp, Rd, Gs, Re, Gs, Gg, Gll^Fp, Gll^Fp, Gll^Fp, Gs^Fms, Gll^Fp, Gll^Es, Gg, Gll^Fp, Gg^Fet, Re, Re, Re, Gs^Efm, Gll^Fp, Gg, Gll^Fp, Gs^Fms, Gs^Fms, Gll^Fp, Gs^Fms, Gll^Fp, Gll^Fp, Re^Gvs, Re^Gvs, Hhd, Mm, Mm, Mm, Mm, Mm, Mm, Gs^Fms, Gll^Fp, Gll^Fp
Gll^Fp, Ww, Gg, Gg^Vct, Gg, Gg^Ecf, Gg^Efm, Gg, Ss, Ds, Gg, Rd, Ds, Rr, Rr, Gg, Gg, Gg^Es, Gs, Gll^Fds, Gs^Fds, Gs^Fms, Gs^Fms, Gll^Fp, Rd, Re, Gg, Gg^Efm, Gg^Fp, Gll^Fmw, Gll^Fp, Gs^Fms, Gll^Fp, Gll^Fp, Gll^Fp, Gll^Fmw, Hh^Fp, Gg, Gg, Hhd, Mm, Mm, Mm, Mm, Mm, Rd, Hh^Fms, Gs^Fms, Gs^Fms
Ww, Ww, Gd, Gg, Gs, Gg, Gs, Ss, Ss, Gs, Gs, Gg^Fds, Gg^Fms, Gg, Gg, Rp, Re^Es, Gg, Re, Gs^Fds, Gll^Fp, Gll^Fds, Rd, Rd, Rd, Rd, Gg, Gg, Gg, Gll^Fp, Gs^Fms, Gll^Fmw, Gll^Fmw, Gll^Fp, Gll^Fp, Gg^Fp, Hh, Rb^Fdw, Gs, Hhd^Es, Hh^Fp, Hh, Mm, Mm, Mm, Mm, Hh^Fp, Gll^Fp, Gs^Fms
Ww, Gg, Gd^Fp, Gd^Fp, Gll^Fp, Gs, Gll^Fp, Gg^Fp, Gll^Fp, Gs^Efm, Hh, Hh^Fds, Mm, Mm, Re^Gvs, Re^Gvs, Re, Rd, Rd, Rd, Rd, Rd, Rd, Rd, Rd, Gs^Efm, Gs^Fp, Gll^Fp, Gll^Fmw, Gll^Fp, Gll^Fmw, Gll^Fmw, Gll^Fp, Gll^Fp, Gg, Gg, Gs, Re, Hhd, Gd^Vo, Hh, Hh^Fp, Mm, Mm, Mm, Mm, Hh, Hh, Gll^Fp
Ds, Ds, Hh^Fp, Gll^Fp, Gll^Fmw, Gll^Fmw, Gll^Fmw, Gg^Fp, Hhd, Ds, Mm, Mm, Mm, Mm, Re^Gvs, Rb^Gvs, Gg, Gd, Gg, Gs, Gs, Gd, Gg, Gg, Rd, Gg^Fp, Ds, Gs^Fp, Gll^Fp, Gll^Fp, Gll^Fp, Gll^Fp, Gs^Fms, Gll^Fp, Gs^Fp, Gs, Gd, Hhd, Hh, Hh, Mm, Mm, Mm, Mm, Hh, Hh, Hh^Fp, Gll^Fp, Gs^Fms
Hh^Fp, Hh^Fp, Mm, Hh^Fp, Hh, Hh^Fp, Mm, Hh, Mm, Hh, Ms, Mm, Mm, Hh, Hh^Fms, Rb^Gvs, Gg^Fp, Gs, Ww, Ds, Hh, Wwf^Em, Wo, Wo, Wo^Bw|, Ds, Wo, Ds, Gg, Gll^Fp, Gll^Fp, Re^Fms, Re^Fp, Gll^Fp, Gd^Efm, Gd, Gd, Gg, Hh, Mm, Mm, Mm, Mm, Mm, Mm, Hh^Fms, Hh^Fms, Gll^Fp, Hhd
Mm, Mm, Mm^Xm, Mm, Mm^Xm, Mm, Ms^Xm, Mm, Mm^Xm, Mm^Xm, Mm^Xm, Ms, Mm, Hhd, Hh^Fp, Gll^Fp, Gll^Fp, Gg, Wo, Wo, Wo, Wo, Wo, Wo, Wo^Bw|, Wo, Wo, Wwf, Gs^Vhr, Gg, Gg, Gg, Gs, Gs^Fp, Gd, Hhd^Fmw, Hhd^Fmw, Hh^Fds, Hh^Fp, Mm, Mm, Mm, Mm, Mm, Mm, Hh, Gll^Fp, Gll^Fp, Gs
Mm^Xm, Mm^Xm, Mm, Mm^Xm, Mm, Ms^Xm, Ms, Ms^Xm, Mm, Mm, Mm, Mm, Mm, Mm, Mm, Hh, Gs, Gg^Es, Ds, Wot^Ewf, Wo, Wo, Wo, Wo, Wwr^Bw|, Wo, Wot, Re^Gvs, Re^Gvs, Re^Gvs, Re^Gvs, Gs, Gs, Gs, Gg, Gs, Gs, Hh^Fmw, Hhd^Fmw, Hh, Gs, Gd^Vo, Hh, Mm, Gs, Hh, Gs, Gll^Fp, Gll^Fp
Mm, Mm, Hh^Fp, Hh^Fms, Gll^Fds, Hh, Hhd, Mm, Hh, Rd, Hh^Vhh, Mm, Mm, Mm, Mm, Hh, Gg, Gg, Gg^Es, Ds, Gg, Gg, Gg^Em, Wwf, Re, Wwf, Ds, Wwf, Re, Rb^Gvs, Gs, Gs, Gs, Gg^Es, Gg^Efm, Gg^Es, Gg, Hhd^Fmw, Hh, Gg, Gll^Fp, Gs, Hhd, Hh^Fms, Hh, Hh^Fms, Gll^Fp, Gs, Mm
Gll^Fds, Gll^Fds, Gg^Fet, Gll^Fp, Gll^Fds, Gll^Fds, Gll, Hh, Ds, Ss, Ss, Mm, Mm, Mm, Hhd, Hh, Hh^Fms, Hh^Fp, Gg, Gs, Re^Vhr, Gs, Re, Re, Rd^Es, Gs, Rd, Rd, Rd, Re, Gg^Efm, Gd, Gd, Gg, Gg, Gg, Gg, Hhd, Gll^Fp, Gg, Gll^Fp, Hh^Fp, Mm, Hhd, Mm, Gs^Efm, Gll^Fp, Mm, Mm
Gg, Gg, Gg, Gll, Gg, Gll, Gll, Gg, Gs^Es, Ss, Ss, Hhd, Gg^Fp, Hh, Hh^Fp, Hh^Fet, Hh^Fms, Gs^Fds, Re, Gll, Re, Re, Gd, Gd, Rd, Rd, Gd^Es, Gs, Gg, Gg, Gg, Gg, Gll^Fp, Gg, Rp, Gs, Gs, Gll^Fp, Gll^Fp, Hh^Fms, Gll^Fp, Gll^Fp, Hh, Mm, Mm, Gll^Fp, Gll^Fp, Gll^Fp, Gll^Fp
Gg, Gg^Es, Gd, Gg, Gs, Gll, Re, Re, Re, Gll, Gll^Fp, Gg^Fp, Gg^Fp, Gll^Fp, Re^Fp, Re^Fds, Re^Fms, Re^Fp, Gg^Fds, Gg^Fds, Re, Re, Gg, Gg, Gll^Fp, Gd, Gg, Gs^Fms, Gs^Fds, Gg, Gs^Fms, Gg, Gg, Gll^Fp, Gll^Fp, Rp, Gs^Em, Gll^Fp, Gs, Gll^Fp, Gll^Fmw, Gll^Fp, Gll^Fmw, Mm, Gll^Fp, Gll^Fp, Gll^Fp, Gll^Fp, Gll^Fp
Re, Gg, Re, Re, Re, Re, Hh, Hhd, Hh, Rd, Gll, Gll^Fp, Re, Re^Fp, Re, Gs^Fms, Re, Gs, Re, Re, Re, Gs^Dr, Gs^Fds, Gs^Fds, Gll^Fmw, Gll^Fp, Gll^Fmw, Gg, Gll^Fp, Gs^Fms, Gll^Fms, Gg, Ss, Ss, Gll^Fp, Gs, Gd, Gll^Fp, Gs, Gll^Fp, Gs^Fms, Gll^Fp, Gll^Fp, Gll^Fp, Gll^Fmw, Gll^Fp, Gs^Fms, Gs^Fms, Mm
Gg, Re, Gll^Fms, Gll^Fds, Hh^Fds, Hh, Mm^Xm, Mm, Md, Hh, Gg^Fms, Re, Re, Re, Re, Re, Gll^Fp, Re, Gll^Fp, Re, Gs, Gg, Gs^Fms, Gll^Fmw, Gll^Fmw, Gll^Fp, Gll^Fmw, Hh^Fms, Gs^Fds, Hh^Fds, Gs^Fds, Gs, Ss, Gg, Ss, Gll^Fp, Gd, Chr, Khr, Gll^Fp, Gd, Chr, Chr^Dr, Gll^Fp, Gll^Fmw, Gll^Fmw, Gs^Fms, Gll^Fp, Hh^Dr
Gd, Gll, Gs^Fds, Hh^Fet, Hh^Fp, Mm, Mm, Mm, Hhd^Fp, Hh^Fms, Gg^Fms, Rd, Gll^Fp, Gll^Fp, Gll^Fds, Gll^Fds, Gll^Fms, Gll^Fp, Gg^Fds, Gg, Gg, Gg, Gs^Fms, Gs^Fms, Gll^Fmw, Gll^Fmw, Gll^Fp, Hh^Fms, Gll^Fms, Gll^Fp, Gll^Fms, Gg^Fds, Gll^Fp, Gll^Fp, Gll^Fp, Gd, Gd, Chr^Dr, Chr^Es, Rp, Gd, Chr, Gll^Fp, Gll^Fp, Gll^Fp, Gs^Fms, Gll^Fp, Gs^Fms, Hh^Fp
Gd, Gll, Gll, Gg^Fds, Gs, Hh, Gll^Fp, Hhd^Fp, Gg, Gs^Fp, Ce, Rd, Gd^Es, Re^Vct, Gg^Fet, Gs^Fms, Gll^Fmw, Gll^Fmw, Gd^Fp, Gg^Fp, Gll^Fp, Gg^Fp, Gll^Fp, Gll^Fp, Gll^Fp, Gll^Fp, Gll^Fp, Gg^Fmw, Gll^Fp, Gg^Fms, Gg^Fet, Gll^Fp, Gll^Fp, Gd^Fmw, Gll^Fp, Gll^Fp, Gll^Fp, Gs^Vc, Gll^Fp, Chr, Re, Gs, Gll^Fp, Gll^Fp, Gs^Fms, Gll^Fp, Hh^Fp, Hh^Fds, Hh^Fp
Gll^Fms, Gll^Es, Gll^Fp, Gll, Gll, Re, Re, Re^Vct, Gll, Ce, 1 Ke, Ce, Gg, Gd, Gg, Gg^Fp, Hh^Fms, Gd^Fp, Gll, Gd, Hhd, Hh^Fp, Hh, Gll^Fp, Gg^Fms, Gll^Fp, Gg^Fds, Gll^Fp, Gs^Fds, Gll^Fp, Gg^Efm, Gll^Fp, Gll^Fp, Gll^Fp, Gll^Fp, Gs^Fms, Gll^Fms, Gs^Fms, Gs^Fms, Gll^Fp, Gs^Fms, Rp, Rp, Gs, Gs, Hh, Hh, Hh^Fp, Mm
Gg^Fds, Gll^Fds, Hh, Gll^Fp, Gs^Fds, Gs, Gll^Fp, Gs, Gg, Ce, Ce, Ce, Ce, Hh^Fmw, Hh, Hh^Fms, Hh^Fms, Hh^Fds, Hh, Mm, Mm, Hhd, Mm, Hh, Gg^Fds, Gs^Fp, Gll^Fp, Gll^Fp, Hh^Fms, Gs^Fms, Gll^Fp, Gg^Es, Gll, Gll^Fp, Gs^Fds, Gs^Fds, Gll^Fp, Gll^Fmw, Gs^Fms, Gll^Fp, Gll^Fp, Gs, Gs^Fms, Rp, Gs^Efm, Hhd, Hh, Mm, Mm^Xm
Hhd^Fds, Hhd^Fms, Mm, Hh, Mm, Hh, Hh^Fds, Gll^Fp, Gg^Fds, Gll^Fp, Hh, Hh, Hh, Mm, Mm, Hh, Mm, Hh, Mm, Mm, Mm, Mm, Mm, Gll, Gs^Fms, Gg^Fds, Gs, Hh^Fds, Hh^Fds, Gs^Fds, Hh, Gll^Fp, Gll^Fp, Gs^Fms, Gll^Fp, Gd^Fmw, Gd^Fmw, Gll^Fp, Gll^Fp, Gll^Fp, Gll^Fp, Hh^Fms, Hhd, Rp, 4 Gd, Mm, Mm^Xm, Mm, Mm
Mm, Mm, Mm, Mm, Mm, Mm, Mm, Hh, Gs^Fds, Gll^Fp, Mm, Mm, Mm^Xm, Mm^Xm, Hhd, Hhd, Mm, Mm^Xm, Mm^Xm, Mm, Hh^Fms, Gs^Fms, Gd^Fetd, Gg^Fms, Gg^Fds, Gs, Mm^Xm, Mm, Hh^Fds, Hh^Fms, Hh, Gs^Fms, Hh^Fp, Gll^Fp, Gs^Fds, Gs^Fms, Hh^Fp, Hh, Hh^Fp, Gll^Fp, Gd, Hh, Hh, Gs, Gg, Gd, Mm, Mm, Mm
