border_size=1
usage=map

Hh, Hh, Mm, Hh, Gll^Fp, Gg, Gll^Fp, Gg, Gg, Re, Re, Re, Gg, Hh^Fp, Gll^Fp, Gd, Gg, Gg, Gg, Gll^Fp, Gll^Fp, Gg, Hh, Hh, Mm, Hh, Mm, Gll^Fp, Hhd, Gg, Re, Hhd, Re, Re, Gll^Fdw, Rr, Re, Rp, Gd^Es, Gg, Gd, Gg, Gg, Gg, Wog, Gll^Fp, Gll^Fp, Gll^Fp, Gll^Fmw
Hh^Fmw, Mm, Mm, Mm, Mm, Hh, Hh, Gll^Fp, Re, Re, Re, Gg, Gs, Gll^Fp, Gs^Fms, Gs^Fms, Gll^Fp, Gg, Gll^Fp, Gll^Fp, Gll^Fmw, Hh^Fp, Gll^Fdw, Hh^Fp, Hh, Mm, Mm, Mm, Mm, Hhd^Fp, Gll^Fmw, Re, Re, Gll^Fdw, Gll^Fdw, Re, Re, Gg^Vo, Gs, Gs^Es, Gll^Fmw, Gd, Re, Co, Co, Wog, Gg, Gll^Fp, Gll^Fmw
Hh^Fmw, Hh^Fp, Mm, Mm, Hh^Fp, Hh^Fp, Gg^Ecf, Gg, Rd, Rd, Ce, Gs, Gs, Gg, Gll^Fp, Gll^Fmw, Gll^Fp, Gll^Fp, Gll^Fp, Gll^Fp, Gll^Fp, Gll^Fdw, Gs, Hh^Fdw, Hh, Hh, Mm, Mm, Hhd, Hhd, Hhd^Fdw, Hhd^Fdw, Hhd, Gll^Fdw, Co, Re, Gs^Es, Re, Re, Gs, Rr, Rp, Gs, Re, Co, Wog, Wog, Gll^Fp, Gll^Fp
Hhd^Fmw, Mm, Mm, Mm, Hh^Fmw, Hh^Fmw, Gs, Gs^Es, Re, Ce, 1 Ke, Ce, Re, Gg, Gs, Gll^Fp, Gg, Gll^Fms, Gs^Fms, Gll^Fp, Gg, Gs, Gll^Fp, Hh^Fp, Mm, Mv, Mm, Hhd^Fmw, Gll^Fmw, Gs, Gs, Hhd^Fdw, Gs, Co^Edt, Rr, Gs, Rr, Re, Co, Co, Rr, Rr, Rr^Vd, Gd, Gd, Co, Wog, Gs, Gg
Hhd, Hhd, Hhd, Hhd, Hh, Gg, Gs, Re, Re, Ce, Ce, Ce, Re, Gg, Re^Vct, Gs, Gll^Fmw, Gll^Fp, Gll^Fmw, Gll^Fp, Gll^Fp, Gg, Hh, Hhd, Hhd, Mm, Md, Hhd^Fp, Hhd, Gs, Gs, Gs^Es, Rr^Vd, Rr, Rp, Rr, Rr, Co, 3 Ko, Co, Co, Rr, Rr, Gs, Wog, Wog, Gd, Gd, Gg
Hh^Fp, Hhd^Fmw, Gll^Fp, Gg, Gs^Es, Rd^Vct, Gg, Re, Gll^Fp, Re, Re, Gg, Gs^Ecf, Re, Gg, Gg, Gll^Fp, Gll^Fmw, Gll^Fp, Gll^Fp, Gg, Gg, Gll^Fp, Gll^Fp, Hhd, Hhd, Wwf^Em, Hhd, Hhd, Co, Gll^Fdw, Gg, Gll^Fdw, Gd, Rp, Rr, Co, Co^Edt, Co, Co, Rr, Rr, Rr, Wog^Bw\, Re, Rb, Rb^Es, Gd, Gg
Re, Hh^Fp, Gll^Fp, Gg, Re, Re, Re, Gg, Re, Gll^Fp, Re, Re, Gs, Gs, Gg, Gll^Fp, Re, Gg, Gll^Fp, Gg, Gll^Fp, Gg, Gll^Fp, Gd^Fmw, Gd, Wwf^Es, Wwf, Hhd, Gg, Co, Gll^Fdw, Gll^Fdw, Gll^Fdw, Gll^Fdw, Rr, Rr, Rr, Co, Re, Co, Rr, Rr^Es, Rr, Wog, Re, Re^Es, Re, Gd, Gg
Re, Re, Re, Re, Gg, Gg, Re, Re, Rd, Re, Re, Re^Es, Re, Gg, Re, Re, Gg, Gg, Gg, Gg, Gg, Gll^Fp, Gll^Fmw, Gs^Fms, Gg, Gg, Gg, Wwf^Em, Wog, Gg, Gd, Gd, Re, Re^Es, Rp, Rr, Rr, Rr, Re, Re, Re^Vo, Rr, Rr, Wog, Co, Gs, Re, Re, Re
Gll^Fp, Gll^Fp, Gll^Fmw, Gll^Fp, Gg, Gg, Gll^Fp, Gll^Fp, Gg, Rd, Gg, Re, Re, Re^Es, Gg, Gg, Gg, Gg, Gg, Gg, Gg^Efm, Gg, Gll^Fp, Gll^Fp, Gll^Fp, Gg, Gg, Gg, Ds, Wog^Bw/, Gd^Vo, Re, Re, Rr, Gd, Gd, Co, Gd, Co, Re, Gd, Rr, Wog, Wog, Co, Gg, Gg, Gg, Gg
Gll^Fp, Gll^Fmw, Ds, Ds, Ds, Gg, Ds, Gll^Fp, Re, Gg, Gg^Efm, Gg, Gg, Re, Re, Gg, Gg, Gll^Fp, Gll^Fp, Gg, Gg, Gg^Efm, Gg^Efm, Gll^Fp, Gg^Es, Gg, Wwf, Ds, Wog, Wog, Rd, Re, Gll^Fdw, Re, Gll^Fmw, Gg, Gg, Co, Gg, Gg, Gg, Gg, Wog, Co, Ds, Gg, Gg, Gg, Gg
Gg, Ds, Wo, Wo, Wo, Wo, Wo, Ww, Ww, Ds, Ds, Gg, Re, Rr, Rr, Gg, Gg, Gll^Fp, Gg, Gg, Gg, Gg^Efm, Gg^Es, Gg, Gg, Gg, Gg, Wwf, Gs, Rd, Rp, Gg, Gg, Gll^Fmw, Gll^Fmw, Gll^Fmw, Gg, Gg, Gg, Gg, Gg, Gg, Gg, Wog, Wog, Ds, Wog, Wog, Wog
Gg, Ds, Ds, Wo, Wo, Wo, Wo^Ewf, Wo, Wo, Ww, Re, Re, Gll^Fp, Gll^Fp, Re^Es, Gg, Gg, Gg, Gg, Re, Gg, Gg, Gg, Gg^Efm, Gg, Gg^Efm, Gg, Gg, Re, Re, Rr, Gg, Gg, Gll^Fmw, Gs, Gll^Fp, Gg, Gg, Gg^Efm, Gg^Efm, Gg^Efm, Gg^Es, Gg, Gg, Re, Wog, Wog, Gg, Gg
Gg, Gg, Ds, Ww, Ww^Bw/, Wo, Wo, Wo, Ww, Ww, Ds, Re, Gg, Gll^Fmw, Gll^Fmw, Re, Gg, Gg, Gg, Re, Re^Es, Gg, Gg, Gg, Gg, Gg, Gg, Gs, Re, Re, Gs, Gg, Gs, Gs, Hh^Fp, Gs, Hh, Gg, Gs, Gs^Es, Gs, Gg, Gll^Fp, Re, Wog, Wog, Gg, Gg, Gg
Gll^Fp, Gll^Fp, Gg, Gg, Ds, Ww, Gll^Fp, Wo, Ww, Ds, Gg, Gg, Gg, Gg, Gll^Fp, Re, Re, Re, Re, Re, Rr, Re, Re, Gg, Re, Gg, Re, Re, Re, Re, Hh, Gs, Hh, Hh, Hh, Hh, Hh, Hh, Hh^Fp, Hh, Hh^Fp, Gs^Fms, Gll^Fp, Re, Wog, Ds, Gll^Fp, Gll^Fp, Gg
Gll^Fp, Gll^Fp, Gll^Fp, Gg, Gg, Ds, Gd^Fp, Ds, Gg, Gg, Gg^Es, Gg, Gg, Gg, Gg, Gg, Re, Re, Gg, Rr, Gg, Rr, Re, Re, Re, Re, Re, Re, Hh, Hh, Mm, Hh, Mm, Mm, Mm, Mm, Mm, Mm, Hh, Hh^Fp, Hh^Fp, Gg^Fp, Gg, Re, Wog, Ds, Gll^Fp, Gll^Fp, Gg
Gll^Fmw, Gll^Fmw, Gll^Fp, Gg, Gll^Fp, Gd^Fp, Gll^Fmw, Gll^Fmw, Gg, Gg, Gg, Gg, Gg^Efm, Gg, Gg, Gg, Gg, Re, Gg, Gg, Gg, Gg, Gll^Fp, Re, Gll^Fmw, Re, Re, Gg, Gg, Hh, Gll^Fp, Mm, Mm, Mm, Hh, Mm, Hh, Mm, Hh, Hh, Hh^Es, Gg, Wwg, Wog, Ds^Em, Ds, Ds, Hh, Hh
Gg, Gll^Fmw, Gll^Fp, Gll^Fp, Gll^Fp, Gd, Gd, Gs, Re, Re, Re, Gg, Re, Gg^Efm, Gg, Gg, Gg, Re, Gg, Gs^Vh, Gg, Gg, Gll^Fp, Gll^Fp, Gg, Re, Re, Gg, Gg, Gll^Fp, Gll^Fp, Re, Hh, Hh, Hh^Fmw, Hh, Gs, Hh, Hh, Hh, Ds, Wwg, Wog, Wog, Wog, Wwg, Hh, Ds, Hh
Gll^Fp, Gll^Fp, Gll, Gs, Gs^Vl, Gs, Re, Gg, Gg^Fms, Gg, Gg, Re, Gg, Re, Chr, Gg, Gg, Re, Re, Gg^Es, Gs, Gg, Gg, Gll^Fp, Gll^Fp, Re, Re, Gg^Eff, Gg^Eff, Gg, Re, Re, Gg, Gll^Fmw, Gll^Fmw, Hh^Fmw, Gg, Gs, Gs, Gs, Hh, Ds, Wwg, Wog, Wwg, Wwg, Gll^Fp, Hh, Hh
Gll^Fp, Gll^Fmw, Gs^Fmw, Gs^Es, Gs, Re, Gll^Fp, Gg, Gg^Fms, Gg^Fp, Gg^Fms, Gg, Gg, Gg, Ch, Gg, Gg, Gg, Re, Gg, Chr, Gs, Gs, Gg, Gg, Gg, Gg, Re, Re, Gg, Re, Gg, Gg, Gg, Gg, Re, Gg, Gg, Gg, Gg, Hh^Fp, Ds, Ds, Wwg, Ds, Ds, Gs, Hh^Fp, Gg^Fp
Gll^Fp, Gll^Fp, Gll, Gs^Es, Gd, Gll^Fp, Gll^Fp, Gg^Fp, Gg^Fp, Gg^Fms, Gll^Fp, Gg, Gg, Gg, Re, Gg, Gg, Gs, Re, Chr, 5 Khr, Ch, Gg, Gs, Gs^Vh, Gg, Gg, Gg, Re, Re, Gg, Gg, Gg, Gg, Gg, Gg, Gg^Es, Gg, Gg, Hh, Gll^Fp, Gll^Fp, Gll^Fmw, Gll^Fp, Re, Gs, Gs^Vl, Gll^Fp, Gll^Fp
Gll^Fmw, Gll^Fp, Gd^Fp, Gd^Fmw, Gll^Fmw, Gll^Fmw, Gll^Fp, Gll^Fp, Gg, Gg^Fp, Re, Gg, Re, Gg, Re, Gg, Re^Es, Gs, Re, Re^Edb, Chr^Es, Chr, Gg, Gs, Gg, Gg, Gg, Gg, Re^Es, Re, Re, Gg, Ce, Gg, Gg, Gg, Gg, Gg, Gg, Gs^Fms, Gll^Fp, Gll^Fmw, Gll^Fmw, Re, Re^Gvs, Re^Gvs, Gg, Gg^Efm, Gg
Gll^Fp, Gd^Fp, Gll^Fp, Gll^Fp, Gll^Fp, Gll^Fp, Gll, Gs^Es, Gg, Re, Re, Re, Re, Re, Re, Re, Re, Re, Re, Gg, Gg, Gg, Gg, Gg, Gg, Gg, Re, Re, Re, Re, Re, Re, Re, Ce, Gg, Gg, Gg, Gg, Gg, Gll^Fp, Gll^Fp, Gll^Fmw, Gg, Re^Gvs, Re^Gvs, Re^Gvs, Gg, Gll^Fp, Gll^Fp
Gd^Fp, Gd^Fp, Gs^Fms, Gll^Fmw, Gg, Gll^Fp, Gs, Gs, Re, Re, Gg, Gg, Gg, Hh^Fmw, Hh^Fp, Gs, Gll^Fp, Re, Gg, Re, Gs, Gs, Chr, Chr, Re, Re, Gg, Gg, Gg, Gg, Gll^Fp, Rd, Rd, Re, Re, Re, Re, Gg, Re, Gg, Gg, Gg, Gg, Re, Gg, Gg, Gg^Efm, Gll^Fp, Gg
Gd^Fp, Gll^Fmw, Gs^Fms, Gg, Gg, Gg, Gs, Re, Re, Re, Gg, Gll^Fp, Gg, Gd, Gll^Fp, Gll^Fp, Gg, Gg, Gg, Re, Re, Gs, Re, Gs, Re, Gg, Gg, Gg, Gg, Gg, Gll^Fp, Gll^Fp, Rd, Re, Gg, Gg^Efm, Gg, Re, Gg, Re, Re, Gg, Re, Re, Gg, Gg, Gg^Efm, Gg, Gg
Gg, Gll^Fmw, Gll^Fp, Gs^Fms, Gll, Gs, Re, Re, Gs, Gg, Gll^Fms, Gll^Fp, Gg, Gs, Gd^Es, Hh^Fp, Hh, Gg, Gg, Re, Re, Re, Hh^Fp, Re, Gll^Fp, Gll^Fp, Gg, Gg, Gg, Gg, Gg, Gll^Fp, Re, Re, Gg, Gg, Gg^Efm, Gg, Gg, Gg, Gg, Re, Gg, Gg, Gg, Gg^Efm, Gg, Gg, Gg
Gll^Fp, Gs, Gg, Gg, Gs, Re^Vct, Re, Rd, Gg, Gg, Gll^Fp, Gll^Fp, Gd, Gs, Gll^Fmw, Hh^Fp, Mm, Hh, Hh, Gg, Gg, Hh^Fp, Gll^Fp, Gll^Fp, Gll^Fp, Gg, Gg, Gg, Gg, Gg, Gg, Re, Re, Gg, Gg, Gg, Gg, Gg, Gll^Fp, Gll^Fmw, Gs^Fms, Gll^Fp, Gll^Fp, Gg, Hh, Gg, Gg, Gg, Gg
Gll^Fp, Gg, Gg^Edt, Gg, Gd^Ecf, Gd, Re, Rd, Gg, Gs^Vct, Gs, Gg, Gg, Gs, Hh^Fmw, Hh, Chr, Mm, Hh, Hh, Gs, Gs, Gll^Fp, Gg, Gg, Gg, Gg, Gg, Gg, Gg, Re, Re, Gg, Gg, Gg, Gg, Gll^Fp, Gll^Fmw, Gll^Fmw, Gll^Fp, Gll^Fmw, Hh^Fp, Hh^Fp, Gll^Fp, Hh^Es, Gg, Gg, Gg, Gg
Gll^Fp, Gll^Fp, Gs, Gg, Re, Re^Es, Ce, Re, Re, Re, Re, Gs^Em, Gg, Gll^Fp, Hh^Fp, Hh, Mm, Mm, Mm, Hh, Hh, Gg, Gg, Gg, Gg^Efm, Gg^Efm, Gg, Gg, Gll^Fp, Gg, Re, Re, Re, Gg, Gg, Gll^Fp, Gll^Fp, Gll^Fmw, Gll^Fp, Gg, Gg, Hh^Fp, Gg, Hh^Fmw, Hh^Fp, Hh, Gg, Gg, Gg
Gll^Fp, Gll^Fp, Gll^Fp, Re, Re, Ce, 4 Ke, Ce, Re, Re, Re^Vct, Gg, Gg, Gg, Hh, Mm, Mm, Mm, Mm, Hh, Gs, Gg, Gg, Gg^Efm, Gg^Efm, Gg, Gll^Fp, Gll^Fp, Gll^Fp, Gg, Gg, Re, Re, Re, Re, Re, Re, Re, Re, Re^Vct, Re, Gg, Gs, Gs, Gs, Gg, Gg, Gg, Gg
Gg, Gll^Fp, Gll^Fp, Re, Re, Ce, Ce, Ce, Re, Gs^Ecf, Gg, Re, Gll^Fp, Hh, Mm, Mm, Hh, Hh^Es, Hh, Gs, Gll^Fp, Gg, Gg, Gg, Gg, Gg, Gg, Gll^Fp, Gg, Gg, Gg, Gg, Gg, Re^Es, Re, Gg, Gs, Gg, Gg^Ecf, Re, Ce, Ce, Ce, Re, Re^Ecf, Gg, Gg, Gd, Gg
Gs, Gll^Fp, Gg, Gg^Vct, Re, Re, Re, Re, Gg, Gg, Gg, Gll^Fp, Gll^Fmw, Gll^Fms, Hh^Fp, Hh, Hh^Fp, Gll^Fp, Hh, Gll^Fp, Gll^Fp, Gll^Fp, Gll^Fp, Gg, Gg, Gg, Gs, Gs, Gs, Gg, Gg, Gg, Gg^Eff, Re, Re, Re, Gs, Gs, Re, Re, Ce^Es, 2 Ke, Ce, Re, Re, Gg^Vct, Gg, Gd, Gll^Fp
Re, Gg, Re, Re, Re, Gg, Gg, Re, Gll, Gll^Fp, Gll^Fp, Gll^Fp, Gll^Fp, Gll^Fmw, Gll^Fp, Gll, Gd, Gd^Fp, Hh^Fp, Gll^Fmw, Gll^Fp, Gll^Fp, Gll^Fp, Gg, Gs, Gg, Gll^Fp, Gll^Fp, Gll^Fp, Gll^Fp, Gg, Gg, Gll^Fp, Gg^Eff, Gg^Eff, Re, Re, Re^Vct, Gg, Gs, Re, Ce, Re, Ce, Gg, Gg, Gll^Fp, Gll^Fp, Gll^Fp
Re, Re, Gg, Re, Gs, Gs^Edt, Gd, Re, Re, Gll, Gd, Gll^Fmw, Gll^Fmw, Gll^Fmw, Gll^Fp, Gll, Gll^Fp, Hh^Fp, Hh, Hh, Hh, Gll^Fmw, Gg, Gs, Gg, Gg, Gll^Fp, Gll^Fp, Gll^Fp, Gll^Fp, Gll^Fms, Gll^Fms, Gll^Fp, Gll^Fp, Gg, Gg, Re, Gg, Gg, Gs, Gg^Ecf, Re, Re, Gg, Gd, Gs, Gs, Gd^Fp, Gll^Fmw
Gg, Gg, Gll^Fp, Gg, Gll^Fp, Gs^Es, Gs, Gll^Es, Gd^Es, Gs, Gd, Gd, Gg, Gg, Gll^Fp, Gll^Fp, Gs^Fms, Hh^Fp, Gll^Fp, Gll^Fp, Gll^Fp, Gll^Fp, Gll^Fp, Gs, Gg, Gg, Gs, Gs, Ds, Gg, Gg, Gll^Fp, Gll^Fmw, Gll^Fmw, Chr, Gg, Gs, Re, Re, Gg, Re, Re, Gg, Gg^Vct, Gg, Gd, Gd, Gd^Fmw, Gll^Fmw
Gll, Gll^Fp, Gll^Fmw, Gll^Fp, Gd^Fp, Gg, Gg, Gg, Gll, Gll, Gd, Gg, Gll^Fmw, Gg, Gll^Fp, Gs^Fms, Gd^Fms, Gs^Fms, Gll^Fp, Gd, Gll, Gll^Fp, Gll^Fp, Gd, Gll, Gg, Gg, Gg, Ds, Gs, Gg, Gll^Fp, Gs, Gll^Fp, Chr, Gg, Gg, Gs, Gg^Efm, Re, Re, Gg, Gg, Gg, Gs, Gs, Gll^Fp, Gll^Fmw, Gll^Fmw
Gll^Fp, Gll^Fp, Gll^Fmw, Gd^Fp, Gd^Fp, Gg, Gs^Vh, Re, Gg, Gg, Gll^Fp, Gll^Fms, Gll^Fp, Gll^Fms, Gll^Fp, Gll^Fp, Gll^Fp, Gd^Fms, Gll^Fp, Gd, Gll^Fp, Gll^Fp, Gg, Gs, Gg, Gg, Gg, Gg, Ds, Ds, Ds, Gg, Gs, Chr, Gg, Gg, Gg, Gg^Efm, Gg^Efm, Re, Re, Gg, Gg^Eff, Gg, Gg, Gg, Gg, Gll^Fp, Gll^Fp
Gll^Fp, Gll^Fp, Gll^Fmw, Gd^Fmw, Gll^Fp, Gd, Gg, Gs, Gg, Gll^Fp, Gg, Gll^Fp, Gll, Gll^Fp, Gg, Gll^Fp, Gll^Fp, Gll^Fp, Gll^Fp, Gll^Fp, Gg^Fp, Gg, Gg^Fp, Gll^Fp, Gg^Fp, Gg, Gg, Ds, Ds, Ds, Gg, Gg, Gg, Gg, Gg, Gg, Gg, Gg^Efm, Gg^Efm, Gg, Re, Re, Rd, Gg^Eff, Gg, Gg, Gg, Gll^Fp, Gll^Fp
