Xu, Xu, Xu, Xu, Xu, Xu, Xu, Xu, Xu, Xu, Xu, Xu, Xu, Xu, Wwg, Wog, Wog, Xu, Xu, Xu, Xu, Xu, Xu, Xu, Xu, Wwg, Xu, Uh, Uu^Uf, Uh, Xu, Uh, Xu, Xu, Xu, Xu, Xu, Xu
Xu, Xu, Xu, Xu, Xu, Xu, Xu, Xu, Xu, Xu, Xu, Xu, Xu, Xu, Wwg, Wog, Wog, Wog, Wog, Xu, Xu, Xu, Xu, Xu, Wwg, Wwg, Xu, Cud, Re^Em, Uh, Xu, Xu, Uu^Vu, Xu, Xu, Xu, Xu, Xu
Xu, Xu, Xu, Xu, Xu, Xu, Xu, Xu, Xu, Xu, Xu, Xu, Xu, Xu, Uu, Wwg, Wwg, Wog, Wog, Xu, Xu, Xu, Xu, Wwg, Uu, Uu^Vud, Uu^Em, Xu, Rr, Rr, Cud, Urb, Uu^Em, Uh, Uh, Xu, Xu, Xu
Xu, Xu, Xu, Xu, Xu, Xu, Xu, Xu, Xu, Xu, Xu, Xu, Uu^Es, Uh, Uu, Uh, Wwg, Wog, Wog, Wog, Wog, Xu, Xu, Wwg, Wwg, Uh, Uh, Rr, Urb, Cud, Kud, Cud, Xu, Qxu, Qxu, Xu, Xu, Xu
Xu, Xu, Xu, Xu, Xu, Xu, Xu, Xu, Qxu, Qxu, Qxu, Qxu, Uu, Uu, Xu, Xu, Xu, Wwg, Wwg, Wog, Wog, Xu, Xu, Xu, Wwg, Urb, Uu^Em, Urb, Uu^Ii, Cud, Cud, Xu, Wog, Qxu, Qxu, Xu, Qxu, Xu
Xu, Xu, Xu, Xu, Xu, Qxu, Qxu, Uu, Qxu, Qxu, Uh, Uu^Es, Uu, Uh, Xu, Xu, Xu, Xu, Xu, Wwg, Wwg, Wog, Wwg, Wwf, Uu^Uf, Uh, Xu, Urb, Rr, Uu^Uf, Xu, Xu, Xu, Uh^Uf, Uh^Uf, Qxu, Qxu, Qxu
Xu, Xu, Xu, Xu, Xu, Qxu, Qxu, Qxu, Qxu, Qxu, Qxu, Uh, Uu, Xu, Xu, Xu, Xu, Xu, Xu, Xu, Wwf, Wwg, Wwg, Wwf, Ur^Em, Uu^Uf, Xu, Uu^Uf, Rd, Xu, Wwg^Es, Wog, Xu, Xu, Uh, Xu, Xu, Qxu
Xu, Xu, Xu, Xu, Xu, Xu, Qxu, Qxu, Xu, Xu, Xu, Qxu, Xu, Uu, Uu, Ur, Rb, Cud, Xu, Xu, Ur, Wwf, Wog, Wog, Wwg, Xu, Xu, Cud, Uh, Uu, Wwf, Wwg, Xu, Xu, Uh, Xu, Xu, Xu
Xu, Xuc, Xu, Xu, Xu, Xu, Kud, Cud, Cud, Xu, Uh^Uf, Xu, Uh, Uh, Urb, Uu, Re, Urb, Uh^Uf, Uh, Ur, Wwg, Wwg, Wog, Wog, Xu, Qxu, Xu, Xu, Wwf^Es, Qxu, Qxu, Uu, Uh, Uh, Xu, Xu, Xu
Xu, Xu, Xu, Xu, Xu, Xu, Cud, Cud, Cud, Uu, Uh, Uu^Uf, Uu^Vu, Urb, Re, Re^Edb, Uu, Uu, Uu, Uu, Wwf, Wwg, Wog, Wog, Xu, Xu, Qxu, Qxu, Qxu, Qxu, Qxu, Uu, Xu, Uu, Xu, Xu, Xu, Xu
Xu, Xu, Xu, Xu, Xu, Uu, Xu, Xu, Uu, Rr, Rr, Uu^Uf, Uu, Uu, Re^Em, Uu, Uh, Qxu, Qxu, Uu, Uu, Wwg^Es, Qxu, Xu, Xu, Qxu, Qxu, Qxu, Qxu, Qxu, Uu, Uu, Xu, Xu, Xu, Xu, Xu, Xu
Xu, Xu, Xu, Xu, Uu, Uu, Qxu, Xu, Uu^Uf, Uu, Uu, Uu, Uue^Ii, Re^Ii, Uue, Uu, Uh, Qxu, Qxu, Wwf^Em, Wwg, Wwf, Uh, Qxu, Qxu, Qxu, Uu^Vu, Qxu, Uu, Uu, Cud, Xu, Xu, Xu, Xu, Xu, Xu, Xu
Xu, Xu, Xu, Uu, Urb^Ii, Uu, Xu, Qxu, Xu, Wwf, Qxu, Uu, Re^Es, Uue^Ii, Uue, Uue, Uue, Uh, Ur, Wwf^Uf, Wwg, Uh, Uh, Uh, Uu, Uu, Uu^Es, Uu, Ur, Uu, Uu, Cud, 2 Kud^Edb, Xu, Xu, Xu, Xu, Xu
Xu, Xu, Xu, Uu, Uu, Uu, Xu, Qxu, Qxu, Qxu, Xu, Uue^Uf, Re, Re^Es, Uue, Uu, Cud, Uu^Uf, Uu^Uf, Ur, Ur, Uu, Uu, Uu, Ur, Ur^Es, Ur^Edb, Ur^Edb, Uh, Ur, Uu, Cud, Cud, Xu, Xu, Xu, Xu, Xu
Xu, Xu, Xu, Xu, Xu, Xu, Xu, Qxu, Qxe, Xu, Uue, Re, Uue, Uue, Uu, Uh, Qxu, Xu, Qxu, Uu, Uh, Uu, Uu, Ur, Wwf^Es, Uu^Es, Uh, Uh, Xu, Cud, Cud, Cud, Xu, Xu, Xu, Xu, Xu, Xu
Xu, Xu, Wwg, Xu, Xu, Xu, Xu, Uu, Cud, Re^Uf, Uue^Uf, Uue, Uue, Uue, Uu, Uu^Vud, Qxu, Qxu, Qxu, Qxu, Cud, Uu^Uf, Uh, Rb, Uu, Uu, Uh, Xu, Xu, Xu, Xu, Xu, Xu, Xu, Xu, Xu, Xu, Xu
Xu, Wog, Wwg^Xo, Xu, Xu, Qxu, Qxu, Uu, Cud, Uh^Uf, Uh, Uh, Uu, Ur^Es, Uu, Uu, Uh, Qxu, Uh^Uf, Qxu, Uh, Uh^Emf, Ur, Ur, Uh, Uu^Uf, Uh^Em, Xu, Xu, Xu, Xu, Xu, Qxu, Xu, Xu, Xu, Xu, Xu
Xu, Wwg, Xu, Wwg, Wwf, Xu, Qxu, Qxu, Qxu, Qxu, Qxu, Uh, Uu^Es, Ur^Es, Uu, Urb, Uue^Em, Uh, Uh, Rb^Uf, Uue, Uh, Re, Uue, Re, Uh, Rb, Uu, Uu, Qxu, Qxu, Qxu, Qxu, Qxu, Qxu, Xu, Xu, Xu
Xu, Xu, Uue^Uf, Uue, Re^Em, Wwf^Emf, Uh^Uf, Uh^Uf, Uu, Qxu, Qxu, Qxu, Uu, Rr, Uu^Ii, Urb^Ii, Uue, Uue, Uu, Rb, Ur, Re, Uue, Re^Uf, Re^Es, Re^Es, Urb, Uue, Uue^Es, Uu, Cud, Qxu, Qxu, Qxu, Qxu, Xu, Xu, Xu
Xu, Xu, Uh^Uf, Uu, Xu, Xu, Qxu, Uh, Uu, Uu, Uu, Rr, Uu, Uu, Re^Ii, Re^Ii, Re^Es, Uu, Uu^Es, Ur^Es, Uue^Es, Uue, Uue, Uue^Ii, Re^Ii, Urb, Urb, Uue^Es, Uue, Rb^Es, Qxu, Qxu, Qxu, Qxu, Qxu, Qxu, Xu, Xu
Xu, Uh, Re^Es, Uue, Xu, Qxu, Qxu, Xu, Xu, Uu, Qxu, Rr, Uue^Xo, Re, Qxu, Qxu, Uu^Vu, Re, Uu, Uu, Uu, Uu, Uu, Rb^Ii, Re^Es, Uue, Uu^Uf, Uu, Uu, Rb^Vu, Qxu, Qxu, Uh, Qxu, Xu, Xu, Xu, Xu
Xu, Uh, Uu^Vud, Xu, Xu, Xu, Xu, Xu, Cud, Qxu, Qxu, Uu^Xo, Uu, Re^Xo, Qxu, Qxu, Qxu, Uh^Dr, Uh, Uu, Xu, Wwf, Wwf^Em, Uue, Uhe, Uue, Uu^Uf, Uu, Uh, Qxu, Qxu, Uh, Urb, Cud, Uh^Uf, Xu, Xu, Xu
Xu, Xu, Xu, Xu, Xu, Xu, Xu, 3 Kud, Cud, Qxu, Uh^Uf, Uu, Uu, Rb, Xu, Qxu, Xu, Xu, Uh, Xu, Uh^Uf, Xu, Wwf^Em, Uhe, Uhe^Emf, Uhe^Uf, Uh^Uf, Uu, Xu, Xu, Xu, Qxu, Urb, Uh^Uf, Uh, Xu, Xu, Xu
Xu, Xu, Xu, Xu, Xu, Xu, Xu, Cud, Uu, Rr, Rb, Uu, Rb, Uu, Uh^Uf, Xu, Xu, Xu, Xu, Uh, Xu, Uh^Uf, Uh^Uf, Xu, Qxu, Uhe^Uf, Qxu, Uh, Xu, Uh, Urb, Uh^Uf, Uu, Xu, Urb, Cud^Bzn, Xu, Xu
Xu, Xu, Xu, Xu, Qxu, Qxu, Qxu, Xu, Uh^Uf, Uu, Uu, Uu, Rr, Uu, Uh^Uf, Xu, Xu, Xu, Xu, Xu, Xu, Xu, Xu, Xu, Xu, Qxu, Qxu, Qxu, Uh^Ii, Urb, Uu^Bzn, Uu, Cud, Urb, Cud, Xu, Xu, Xu
Xu, Xu, Qxu, Xu, Qxu, Qxu, Uh, Qxu, Wwf, Uu^Vud, Uu, Rb^Es, Rr, Uu^Uf, Xu, Xu, Xu, Xu, Xu, Xu, Xu, Xu, Xu, Xu, Xu, Qxu, Qxu, Qxu, Qxu, Qxu, Xu, Xu, Xu, Xu, Xu, Xu, Xu, Xu
Xu, Qxu, Qxe, Cud, Qxu, Qxu, Uh, Uh^Uf, Xu, Wwf^Em, Xu, Uu, Uu, Uu, Xu, Xu, Xu, Xu, Xu, Xu, Xue, Xu, Xu, Xu, Xu, Cud, Qxu, Qxu, Qxu, Uh, Xu, Xu, Xu, Xu, Xu, Xu, Xu, Xu
Xu, Qxu, Qxu, Qxe, Qxu, Qxu, Qxu, Cud, Xu, Xu, Xu, Uu^Uf, Ur^Es, Uu, Uu, Xu, Qxu, Qxu, Qxe, Xue, Uhe, Xue, Xu, Xu, Xu, Xu, Xu, Xu, Xu, Xu, Xu, Xu, Xu, Xu, Xu, Xu, Xu, Xu
Xu, Qxu, Qxu, Qxu, Qxu, Qxu, Qxu, Uh^Uf, Uh^Uf, Uh, Uu, Ur, Uu, Uu, Uu, Xu, Qxe, Qxe, Qxe, Uhe, Re^Es, Xue, Xue, Xu, Xu, Xu, Xu, Xu, Xu, Xu, Xu, Xu, Xu, Xu, Xu, Xu, Xu, Xu
Xu, Xu, Qxu, Qxu, Xu, Xu, Xu, Xu, Xu, Uh, Xue, Uh, Xue, Rb, Rb, Re^Uf, Uue, Uhe, Uue^Uf, Re^Dr, Uue, Uue, Xue, Xu, Xu, Xu, Xu, Xu, Xu, Xu, Xu, Xu, Xu, Xu, Xu, Xu, Xu, Xu
Xu, Xu, Xu, Qxu, Xu, Xu, Xu, Xu, Xu, Xu, Xu, Xue, Uue^Vu, Ur, Ur, Uue, Uue, Uhe, Uue, Re^Dr, Uue, Xue, Qxe, Xue, Xue, Xu, Xu, Xu, Xu, Xu, Xu, Xu, Xu, Xu, Xu, Xu, Xu, Xu
Xu, Xu, Xu, Xu, Xu, Xu, Xu, Xu, Xu, Xu, Xue, Xue, Uue, Uue, Qxe, Qxe, Qxe, Uue, Qxe, Qxe, Qxe, Qxe, Qxe, Qxe, Xue, Xu, Xu, Xu, Xu, Xu, Xu, Xu, Xu, Xu, Xu, Xu, Xu, Xu
Wog, Wog, Wog, Xu, Xu, Xu, Xu, Xu, Xu, Xu, Xue, Qxe, Qxe, Re, Qxe^Bp\, Qxe, Qxe, Qxe^Bs|, Qxe, Qxe, Qxe, Qxe, Qxe, Qxe, Xue, Xu, Xu, Xu, Xu, Xu, Xu, Xu, Xu, Xu, Xu, Xu, Xu, Xu
Wog, Wog, Wog, Xu, Xu, Xu, Xu, Xu, Xu, Xu, Xu, Qxe, Qxe, Qxe, Qxe, Qxe^Bcx\, Rb^Es, Uue, Uue^Vu, Xue, Xue, Qxe, Xue, Xue, Xu, Xu, Xu, Xu, Xu, Xu, Xu, Xu, Xu, Xu, Xu, Xu, Xu, Xu
Wog, Wog, Wog, Wog, Wog, Wog, Wog, Xu, Xuc, Xuc, Xuc, Xu, Xu, Qxu, Qxu, Qxe, Qxe, Re, Uue, Xue, Xu, Xue, Xu, Xu, Xu, Xu, Xu, Xu, Xu, Xu, Xu, Xu, Xu, Xu, Xu, Xu, Xu, Xu
Xu, Xu, Xu, Wog, Wog, Wog^Bw\, Uu^Ufi, Xuc, Uh, Uh, Uu, Xuc, Uh^Uf, Qxu, Uu^Ii, Qxu, Qxe^Bcx/, Uue, Qxe, Xue, Xu, Xu, Xu, Xu, Xu, Xu, Xu, Xu, Xu, Xu, Xu, Xu, Xu, Xu, Xu, Xu, Xu, Xu
Xu, Xu, Xu, Cud, Wwf^Em, Wwf, Cud, Cud, Kud, Cud, Rr, Rr, Uh, Uh, Ur, Ur, Qxu, Qxe, Qxu, Qxu, Xu, Xu, Xu, Xu, Xu, Xu, Xu, Xu, Xu, Xu, Xu, Xu, Xu, Xu, Xu, Xu, Xu, Xu
Xu, Xu, Qxu, Qxu, Wwf^Es, Wwf, Cud, Rr^Bzn, Rb, Cud, Rr, Uu, Uu^Es, Uu, Ur, Uu, Uh^Uf, Qxu, Qxu, Qxu, Qxu, Xu, Xu, Xu, Xu, Xu, Xu, Xu, Xu, Xu, Xu, Xu, Xu, Xu, Xu, Xu, Xu, Xu
Xu, Qxu, Qxu, Qxu, Rb, Rb, Rr, Rr, Rr, Uu, Urb, Uu, Uu^Es, Rb^Es, Uu, Uh, Uh^Uf, Qxu, Qxu, Qxu, Xu, Xu, Xu, Xu, Xu, Xu, Xu, Xu, Xu, Xu, Xu, Xu, Xu, Xu, Xu, Xu, Xu, Xu
Qxu, Qxu, Qxu, Cud, Uh, Urb, Uu, Rr, Uu, Uu, Urb, Urb, Uu, Uu, Wog^Ii, Uh, Xu, Qxu, Qxu, Xu, Xu, Xu, Xu, Xu, Xu, Xu, Xu, Xu, Xu, Xu, Xu, Xu, Xu, Xu, Xu, Xu, Xu, Xu
Qxu, Qxu, Qxu, Qxu, Uh, Uh^Vud, Urb, Urb, Uu, Uh, Xuc, Rr, Rb, Wwg^Es, Wwg, Wog^Ii, Wog, Xu, Xu, Xu, Xu, Xu, Xu, Xu, Xu, Xu, Xu, Xu, Xu, Xu, Xu, Xu, Xu, Xu, Xu, Xu, Xu, Xu
Qxu, Qxu, Qxu, Qxu, Rb^Eff, Rb, Rr, 1 Urb, Rb, Cud, Xuc, Xu, Qxu, Qxu, Qxu, Wog, Qxe, Qxu, Xu, Xu, Xu, Xu, Xu, Xu, Xu, Xu, Xu, Xu, Xu, Xu, Xu, Xu, Xu, Xu, Xu, Xu, Xu, Xu
Uh^Ii, Uh, Uu, Rb^Eff, Uu, Rr, Uu, Rb, Uh, Xuc, Xu, Xu, Xu, Qxu, Qxu, Qxu, Qxu, Qxu, Xu, Xu, Xu, Xu, Xu, Xu, Xu, Xu, Xu, Xu, Xu, Xu, Xu, Xu, Xu, Xu, Xu, Xu, Xu, Xu
Uu, Uh^Ii, Uu, Urb, Urb, Urb, Uu, Uh, Xuc, Xuc, Xu, Xu, Xu, Qxu, Qxu, Qxu, Xu, Xu, Xu, Xu, Xu, Xu, Xu, Xu, Xu, Xu, Xu, Xu, Xu, Xu, Xu, Xu, Xu, Xu, Xu, Xu, Xu, Xu
