border_size=1
usage=map

Xu, Xu, Xu, Xu, Xu, Xu, Xu, Xu, Xu, Xu, Xu^Zos, Xos^Zos, Urb^Zos, Rr^Zos, Rr^Zos, Urb^Zos, Xos^Zos, Xu^Zos, Xu, Xu, Xu, Xu, Xu, Xu, Xu, Xu, Xu, Xu, Xu, Xu
Xu, Xu, Xu, Xu, Xu, Xu, Xu, Xu, Xu, Xu, Xu, Xos^Zos, Urb^Zos, Rr^Zos, Rr^Zos, Urb^Zos, Xos^Zos, Xu^Zos, Xu, Xu, Xu, Xu, Xu, Uh^Uf, Xu, Xu, Uh^Uf, Uh^Uf, Xos, Xu
Xu, Xu, Xu, Xu, Xu, Xu, Xu, Xu, Xu, Xu, Xu, Xos, Urb, Rr, Rr, Urb, Xos, Xu, Xu, Xu, Uh^Uf, Uh^Uf, Uh, Uh^Uf, Uh^Uf, Xu, Urb^Es, Xos, Xos, Xu
Xu^Zos, Xu, Xu, Xu, Xu, Xu, Xu, Xu, Xu, Xu, Xu, Xos, Urb, Rr, Rr, Urb, Urb, Xos, Xol, Xol, Rb, Uh^Uf, Urb, Urb^Emf, Uu^Es, Uu^Emf, Uu, Cud, Xos, Xos
Xos^Zos, Xu^Zos, Xu^Zos, Xu, Xu, Xu, Xu, Xu, Xu, Xu, Xu, Xos, Xos, Urb, Urb, Rr, Kud, Cud, Urb, Urb, Urb^Es, Uu^Es, Uh, Uh, Urb^Edb, Urb^Edb, Uh, Uh^Uf, Uh^Uf, Xos
Urb^Zos, Xos^Zos, Xos^Zos, Xu^Zos, Xu^Zos, Xu, Xu, Xu, Xu, Xu, Xu, Xu, Xu, Xos, Xos, Cud, Urb, Urb, Urb, Urb, Uu^Es, Urb^Edb, Uu, Rb, Xu, Uh, Xu, Uh, Xu, Xos
Urb^Zos, Urb^Zos, Urb^Zos, Xos^Zos, Xos^Zos, Xu^Zos, Xu^Zos, Xu, Xu, Xu, Xu, Xu, Xu, Xu, Xu, Xos, Urb, Urb, Urb, Urb, Uu, Uu^Edb, Xos, Xos, Xu, Xos, Xu, Xu, Xu, Xu
Qxu^Zos, Urb^Zos, Urb^Zos, Urb^Zos, Urb^Zos, Xos^Zos, Xos^Zos, Xu^Zos, Xu, Xu, Qxu, Xu, Xu, Xu, Xu, Xu, Xu, Urb, Urb, Urb, Urb, Urb, Xos, Xos, Xos, Xos, Xu, Xu, Xu, Xu
Xos^Zos, Qxu^Zos, Qxu^Zos, Urb^Zos, Ur^Ngl/, Urb^Ngl/, Urb, Xu, Cud^Ecf, Qxu, Qxu, Qxu, Qxu, Uu, Uu, Uh, Xu, Cud, Cud, Urb, Urb, Urb, Urb, Xos, Xos, Xos, Xu, Xu, Xu, Xu
Xu^Zos, Xos^Zos, Xos^Zos, Urb^Ngl/, Urb, Ur, Ur, Urb, Urb, Qxu, Qxu, Qxu, Qxu, Qxu, Qxu, Uu, Xu, Xu, Xos, Urb, Urb, Urb, Urb, Xos, Xos, Xu, Xu, Xu, Xu, Xu
Xu, Xu^Zos, Xu, Xu, Cud^Ecf, Urb, Urb, Ur, Ur, Urb, Urb, Cud^Ecf, Qxu, Qxu, Qxu, Qxu, Qxu, Xu, Xos, Xos, Urb, Urb, Urb, Xos, Xos, Xu, Xu, Xu, Xu, Xu
Xu, Xu, Xu, Xu, Qxu, Qxu, Qxu, Urb, Urb, Ur, Ur, Urb, Urb, Qxu, Cud^Ecf, Qxu, Qxu, Xu, Xos, Xos, Urb^Ng\, Urb, Urb, Xos, Xos, Xu, Xu, Xu, Xu, Xu
Xu, Xu, Xu, Xu, Qxu, Qxu, Qxu, Cud^Ecf, Qxu, Urb, Urb, Ur, Ur, Urb, Urb, Qxu, Qxu, Xu, Xos, Urb, Urb, Urb^Ng\, Urb^Ng\, Xos, Xos, Xu, Xu, Xu, Xu, Xu
Xu, Xu, Xu, Xu, Uh, Qxu, Qxu, Qxu, Qxu, Qxu, Cud^Ecf, Urb, Urb, Ur, Ur, Urb, Urb, Cud^Ecf, Urb, Urb, Urb, Urb, Xol, Xos, Qxu, Xu, Xu, Xu, Xu, Xu
Xu, Xu, Xu, Xu, Xu, Uh, Qxu, Qxu, Qxu, Qxu, Qxu, Qxu, Qxu, Urb, Urb, Ur, Ur, Urb, Urb, Urb, Urb, Urb, Cud, Xol, Qxu, Xu, Xu, Xu, Xu, Xu
Xu, Xu, Xu, Xu, Xu, Uh, Xu, Qxu, Uu, Qxu, Qxu, Qxu, Xu, Cud^Ecf, Urb, Urb, Urb, Ur, Ur, Urb, Urb, Urb, Urb, Cud, Qxu, Qxu, Xu, Xu, Xu, Xu
Xu, Xu, Xu, Xu, Xu, Xu, Xu, Xu, Xu, Qxu, Xu, Xu, Xos, Xos, Urb, Urb, Urb, Urb, Urb, Ur, Ur, Urb, Urb, Cud, Qxu, Qxu, Qxe, Xu, Xu, Xu
Xu, Xu, Xu, Xu, Xu, Xu, Xu, Xu, Xu, Xu, Xos, Xos, Xol, Xol, Urb, Urb, Urb, Urb, Urb, Urb, Urb, Ur, Kud, Cud, Qxu, Qxu, Qxe, Xu, Xu, Xu
Xu, Xu, Xu, Xu, Xu, Xu, Xu, Xu, Xu, Xu, Xos, Xos, Cud, Urb, Urb, Urb, Urb, Urb, Xu, Urb, Urb, Urb, Cud, Qxu, Qxu, Qxu, Qxu, Qxe, Xu, Xu
Xu, Xu, Xu, Xu, Xu, Xu, Xu, Xu, Xu, Xu, Xos, Xos, Urb, Kud, Cud, Urb, Xos, Xos, Xu, Cud, Cud, Cud, Xu, Qxu, Qxu, Qxu, Qxu, Xu, Xu, Xu
Xu, Xu, Xu, Xu, Xu, Xu, Xu, Xu, Xos, Xos, Xol, Xol, Urb, Rr, Urb, Xos, Xos, Xos, Xu, Xu, Xu, Xu, Qxu, Qxu, Xu, Qxu, Xu, Xu, Xu, Xu
Xu, Xu, Xu, Xu, Xu, Xu, Xos, Xos, Xol, Xos, Urb, Urb, Rr, Rr, Urb, Xos, Xos, Xos, Xu, Xu, Xu, Xu, Xu, Xu, Xu, Xu, Xu, Xu, Xu, Xu
Xu, Xu, Xu, Xu, Xu, Xos, Xos, Xol, Urb, Urb, Rr, Rr, Urb, Urb, Xos, Xos, Xos, Xos, Xu, Xu, Xu, Xu, Xu, Xu, Xu, Xu, Xu, Xu, Xu, Xu
Xu, Xu, Xu, Xu, Xu, Xos, Xos, Urb, Rr, Rr, Urb, Urb, Xos, Xos, Xos, Xos, Xu, Xu, Xu, Xu, Xu, Xu, Xu, Xu, Xu, Xu, Xu, Xu, Xu, Xu
Xu, Xu, Xu, Xu, Xu, Xos, Xos, Urb, Rr, Urb, Xos, Xos, Xos, Xos, Xu, Xu, Xu, Xu, Xu, Xu, Xu, Xu, Xu, Xu, Xu, Xu, Xu, Xu, Xu, Xu
Xu, Xu, Xu, Xu, Xu, Xos, Xos, Urb, Rr, Urb, Xos, Xos, Xos, Xu, Xu, Xu, Xu, Xu, Xu, Xu, Xu, Xu, Xu, Xu, Xu, Xu, Xu, Xu, Xu, Xu
Xu, Xu, Xu, Xu, Xu, Xos, Xos, Urb, Kud, Cud, Urb, Xol, Xol, Xos, Xos, Xu, Xu, Xu, Xu, Xu, Xu, Xu, Xu, Xu, Xu, Xu, Xu, Xu, Xu, Xu
Xu, Xu, Xu, Xu, Xu, Xos, Xos, Cud, Urb, Rr, Rr, Urb, Urb^Zos, Xos^Zos, Xos^Zos, Xos, Xos, Xu, Xu, Xu, Xu, Xu, Xu, Xu, Xu, Xu, Xu, Xu, Xu, Xu
Xu, Xu, Xu, Xu, Xu, Xos, Xos, Xos, Xos, Urb, Urb^Zos, Rr^Zos, Rr^Zos, Urb^Zos, Urb^Zos, Xol^Zos, Xol^Zos, Xos, Xos, Xu, Xu, Xu, Xu, Xu, Xu, Xu, Xu, Xu, Xu, Xu
Xu, Xu, Xu, Xu, Xu, Xu, Xu, Xos, Xu^Zos, Xos^Zos, Xos^Zos, Urb^Zos, Urb^Zos, Rr^Zos, Rr^Zos, Urb^Zos, Urb^Zos, Xos^Zos, Xos^Zos, Xos, Xos, Xu, Xu, Xu, Xu, Xu, Xu, Xu, Xu, Xu
