border_size=1
usage=map

Qxu^Zos, Urb^Zos, Urb^Zos, Urb^Zos, Urb^Zos, Qxu^Zos, Xos, Xos, Xu, Xu, Qxu, Xu, Xu, Xu, Xu, Xu, Xu, Xu, Xos^Zos, Urb^Zos, Urb^Zos, Urb^Zos, Urb^Zos, Xos^Zos, Xu, Xu, Xu, Xu, Xu, Xu
Xos, Qxu^Zos, Qxu^Zos, Urb^Zos, Ur^Ngl/, Urb^Ngl/, Urb, Xos, Cud^Ecf, Qxu, Qxu, Qxu, Qxu, Uue, Uue, Uh, Xu, Xu, Xos, Urb^Zos, Gg^Zos, Urb^Zos, Urb^Zos, Xos^Zos, Xu, Xu, Xu, Xu, Xu, Xu
Xu, Xos, Xos, Urb^Ngl/, Urb, Ur, Ur, Urb, Urb, Qxu, Qxu, Qxu, Qxu, Qxu, Qxu, Uue, Xu, Xu, Xos, Urb^Zos, Urb, Urb^Zos, Urb, Xos, Xu, Xu, Xu, Xu, Xu, Xu
Xu, Xu, Xu, Xos, Cud^Ecf, Urb, Urb, Ur, Ur, Urb, Urb, Cud^Ecf, Qxu, Qxu, Qxu, Qxu, Qxu, Xu, Xos, Xos, Urb, Urb, Urb, Xos, Xu, Xu, Xu, Xu, Xu, Xu
Xu, Xu, Xu, Xu, Qxu, Qxu, Qxu, Urb, Urb, Ur, Ur, Urb, Urb, Qxu, Cud^Ecf, Qxu, Qxu, Xu, Xos, Xos, Urb^Ng\, Urb, Urb, Xos, Xu, Xu, Xu, Xu, Xu, Xu
Xu, Xu, Xu, Xu, Qxu, Qxu, Qxu, Cud^Ecf, Qxu, Urb, Urb, Ur, Ur, Urb, Urb, Qxu, Qxu, Xos, Urb, Urb, Urb, Urb^Ng\, Urb^Ng\, Xos, Xu, Xu, Xu, Xu, Xu, Xu
Xu, Xu, Xu, Xu, Uh, Qxu, Qxu, Qxu, Qxu, Qxu, Cud^Ecf, Urb, Urb, Ur, Ur, Urb, Urb, Cud^Ecf, Urb, Urb, Urb, Urb, Xol, Xos, Qxu, Xu, Xu, Xu, Xu, Xu
Xu, Xu, Xu, Xu, Xu, Uh, Qxu, Qxu, Qxu, Qxu, Qxu, Qxu, Qxu, Urb, Urb, Ur, Ur, Urb, Urb, Urb, Urb, Urb, Cud, Xol, Qxu, Xu, Xu, Xu, Xu, Xu
Xu, Xu, Xu, Xu, Xu, Uh, Xu, Qxu, Uue, Qxu, Qxu, Qxu, Xu, Cud^Ecf, Uu, Urb, Urb, Ur, Ur, Urb, Urb, Urb, Urb, Cud, Qxu, Qxu, Xu, Xu, Xu, Xu
Xu, Xu, Xu, Xu, Xu, Xu, Xu, Xu, Xu, Qxu, Xu, Xu, Xu, Xos, Uu, Urb, Urb, Urb, Urb, Ur, Ur, Urb, Urb, Cud, Qxu, Qxu, Qxe, Xu, Xu, Xu
Xu, Xu, Xu, Xu, Xu, Xu, Xu, Xu, Xu, Xu, Xu, Xos, Xol, Xol, Urb, Urb, Urb, Urb, Urb, Urb, Urb, Ur, Kud, Cud, Qxu, Qxu, Qxe, Xu, Xu, Xu
Xu, Xu, Xu, Xu, Xu, Xu, Xu, Xu, Xu, Xu, Xu, Xos, Cud, Urb, Urb, Urb, Urb, Urb, Xu, Urb, Cud, Urb, Cud, Qxu, Qxu, Qxu, Qxu, Qxe, Xu, Xu
Xu, Xu, Xu, Xu, Xu, Xu, Xu, Xu, Xu, Xu, Xu, Xos, Urb, Cud, Cud, Urb, Xos, Xos, Xu, Cud, Cud, Cud, Xu, Qxu, Qxu, Qxu, Qxu, Xu, Xu, Xu
Xu, Xu, Xu, Xu, Xu, Xu, Xu, Xu, Xu, Xu, Xol, Xos, Urb, Rr, Urb, Xos, Xos, Xos, Xu, Xu, Xu, Xu, Qxu, Qxu, Xu, Qxu, Xu, Xu, Xu, Xu
Xu, Xu, Xu, Xu, Xu, Xu, Xu, Xu, Xos, Xol, Urb, Urb, Rr, Rr, Urb, Xos, Xos, Xos, Xu, Xu, Xu, Xu, Xu, Xu, Xu, Xu, Xu, Xu, Xu, Xu
Xu, Xu, Xu, Xu, Xu, Xu, Xos, Xos, Urb, Urb, Rr, Rr, Urb, Urb, Xos, Xos, Xos, Xos, Xu, Xu, Xu, Xu, Xu, Xu, Xos, Xu, Xu, Xu, Xu, Xu
