border_size=1
usage=map

Rr, Rr, Gg^Fet, Gll^Fp, Gll^Fp, Gll^Fp, Gd^Fms, Gg^Fms, Hh^Fp, Hh^Fp, Hh, Mm, Mm, Ms, Ha, Aa, Aa, Aa, Ai, Aa, Aa, Ha, Ha, Ms, Mm, Mm, Mm, Mm^Xm, Mm, Mm, Hh^Fmf, Hh, Hh^Fms, Gd^Fp, Hh^Fp, Hh^Fp, Hh^Fp, Hh^Fp, Hh^Fp, Gg^Fms, Gll^Fmf, Gg^Fmw, Gll^Fmf, Gs^Fms, Gll^Fmf, Gll^Fmf, Rp, Rp, Rp, Gg
Gg^Fds, Rr, Rp, Gg, Cv, Gll^Fdf, Gll^Fdf, Gs^Fms, Gll^Fmf, Hh, Hh^Fp, Hh^Fp, Mm, Ms, Ms^Xm, Ha, Ms, Ha^Fda, Aa^Fpa, Wog, Wog, Ms, Ms^Xm, Ms^Xm, Mm, Hhd, Hh^Fp, Mm, Hh^Fp, Hh^Fmf, Hh^Fmf, Hh^Fmf, Gll^Fmw, Hh^Fms, Gs^Fms, Hh^Fms, Gll^Fmf, Gd^Fmf, Gs^Fms, Gll^Fmf, Gll, Gll^Fmf, Gll^Fp, Gll^Fmf, Rp, Rp, Rp, Rp, Gg^Fet, Gg
Gd, Gg, Rp, Rp, Gs^Fms, Gs^Fms, Gll^Fmf, Gll^Fmf, Rp, Hh^Vhh, Hh^Fp, Hh^Fp, Hh^Fp, Mm, Mm, Ms^Xm, Ms, Ha, Ha^Fpa, Ha, Ha, Ha^Fpa, Ms^Xm, Ms, Mm, Hhd^Fp, Hhd, Hh^Fp, Ce, Ce, Ce, Hh^Fmf, Gll^Fmf, Gll^Fmf, Gll, Gll, Gg^Fet, Gll^Fmf, Gll^Fp, Gs^Efm, Gg, Gll^Fp, Rp, Rp, Rp, Rp, Gll^Fmf, Gg, Gs^Fms, Gs^Fms
Gll^Fmw, Cv, Gg^Es, Rp, Gg, Hh^Fp, Gg^Fet, Gll^Fmf, Rp, Gg, Gll^Fmf, Hh^Fp, Mm, Mm, Mm, Mm^Xm, Mm^Xm, Ms, Ms, Ha, Ms, Ha, Ms^Xm, Mm, Mm, Mm, Hh, Hhd, Ce, 3 Ke, Ce, Gll^Fp, Gg, Gll^Fp, Gs, Gs^Fms, Gll^Fp, Gs^Fms, Gll^Fmf, Gll^Fp, Gll^Fmf, Rp, Rp, Rp, Gg^Ve, Gg^Efm, Gll^Fmf, Gll^Fp, Gll^Fp, Gll^Fp
Gs^Fms, Gll^Fp, Gll^Fp, Rp, Rp, Gg, Rp, Rp, Gg^Ve, Gll^Fmf, Gg^Fet, Hh^Fp, Hh^Fmf, Hh^Fmf, Hhd^Fmf, Mm, Mm, Mm^Xm, Mm^Xm, Ms, Ms, Ms, Mm^Xm, Mm, Hhd^Dr, Hhd^Fmw, Hh^Es, Hh^Fp, Hh, Ce, Re, Re, Re, Gll^Fp, Gll^Fp, Gg, Gll^Fp, Gs, Gg, Gll^Fp, Re, Rp, Gg, Re, Re, Gll^Fmf, Gll, Gll^Fmf, Gll^Fp, Gll^Fp
Gll^Fp, Gll^Fp, Gll^Fp, Gg, Gg, Rp, Rp, Gg^Es, Gg, Gs, Cv, Gg, Hh, Hh, Hh^Fp, Hh^Fp, Mm, Mm, Mm, Mm^Xm, Ms^Xm, Ms^Xm, Mm, Mm, Hhd^Dr, Hh^Es, Hh^Es, Gll^Fp, Gll^Fp, Gll^Fp, Gg, Gg, Gg, Re, Gll^Fmf, Gll^Fp, Gll^Fmf, Gg, Re, Gll^Fp, Rp, Rp, Gll^Fp, Gll, Gll^Fp, Re^Fp, Gg, Gll, Gll^Fp, Gll^Fmf
Gll^Fp, Gll^Fp, Gll^Fp, Gll^Fmf, Gll^Fmf, Rp, Rr, Gg^Es, Rp^Es, Cv, 5 Kv, Cv, Gll^Fp, Hh, Gg^Fet, Hh^Fp, Hh^Fp, Mm, Mm, Mm^Xm, Mm^Xm, Ms^Xm, Mm^Xm, Mm, Hhd, Hhd^Es, Hh, Hh^Fp, Hh^Fp, Gll^Fp, Gll^Fp, Cv, Gs, Re^Es, Re, Re, Re, Re^Es, Rp, Rp, Gg, Gg, Gll^Fp, Gll^Fp, Gll^Fmf, Re, Re, Gll^Fmf, Gll^Fp, Gll^Fp
Ww, Ww, Re, Re, Re^Gvs, Gg^Ve, Gll^Fp, Rr, Rp, Cv, Cv, Cv, Gll^Fp, Gll^Fp, Gll^Fp, Gll^Fmf, Hh^Fp, Hh^Fp, Mm, Mm, Mm, Mm^Xm, Mm^Xm, Mm, Mm, Mm, Hhd^Fmw, Hh^Fp, Hhd^Fmf, Gll^Fp, Gll^Fp, Kv, Cv, Re, Gg, Gg, Gg^Efm, Gg^Efm, Rp, Rp, Gg^Efm, Gg, Gg, Gll^Fmf, Gs, Gll^Fmf, Re, Gll^Fp, Gll^Fp, Gll^Fp
Wo, Ww, Gg^Fet, Re^Gvs, Re^Gvs, Re^Gvs, Gll^Fp, Gll^Fp, Rp, Rp, Rp, Gg, Gg, Gll^Fp, Gll^Fp, Hh^Fet, Hh^Fp, Hh^Fp, Hh^Fp, Mm, Mm, Mm, Mm^Xm, Mm^Xm, Mm^Xm, Mm, Hhd^Fmw, Hhd^Fmw, Hhd^Fmw, Hhd^Fmf, Hh^Fp, Gll^Fp, Gll^Fp, Cv, Cv, Cv, Gg^Efm, Gg, Rr, Gg, Gs^Efm, Gg, Cv, Gg, Gg, 1 Gg, Re, Gg, Cv, Cv
Wo, Wo, Ww, Gg^Gvs, Gll^Fms, Gg^Efm, Gg^Fds, Gll^Fp, Gll^Fp, Rp, Gs, Rp, Rp, Gll^Fp, Gll^Fp, Gll^Fmf, Hh, Hh, Hh, Hh^Fp, Mm, Mm, Mm, Mm^Xm, Mm^Xm, Mm, Mm, Mm, Mm, Hhd^Fmw, Hh^Fp, Gll^Fp, Gll^Fp, Rp, Rp, Rp, Rp, Rp, Gs^Efm, Gs^Efm, Gll, Cv, Gg, Cv, Cv, Kv, Cv, Cv, Gll^Fp, Gll^Fp
Wo, Wo, Ww, Gg, Gll^Fp, Gs^Fms, Gll^Fp, Gll^Fp, Gll^Fp, Gll^Fp, Gll^Fp, Gg, Rp, Gll^Fp, Re, Gll^Fp, Gll^Fp, Hh^Fmf, Gll^Fp, Hh, Mm, Mm, Mm, Mm, Mm, Mm^Xm, Mm^Xm, Mm, Mm, Mm, Hh^Fp, Hh^Fp, Gll^Fp, Gg, Rp, Rp, Gll^Efm, Gll^Fp, Gll^Fmf, Ds, Ds^Ve, Ww, Ww, Ds, Gs, Gg, Gll, Gll, Gll^Fp, Gll^Fp
Wo, Wo, Ds, Ds, Gs^Fms, Gs^Fms, Gll^Fp, Gll^Fp, Gll^Fmf, Gll^Fp, Gg, Gg, Rp, Re, Gg^Ve, Gs, Gll^Fp, Gll^Fmf, Hh^Fmf, Hh^Fmf, Hh, Hhd, Hhd, Mm, Mm, Mm^Xm, Mm, Mm, Mm, Hh^Fp, Hh^Fp, Gll^Fp, Gs^Efm, Gg^Efm, Rp, Gg, Gll^Fp, Gll^Fmf, Gll^Em, Ds^Fms, Ww, Ww, Wo, Gs^Em, Gll^Fp, Gll^Fp, Gll^Fmf, Gll^Fp, Gll^Fp, Gll^Fp
Ds, Ww, Ds, Gg^Fds, Gg^Fds, Gg^Fds, Gll^Fmf, Gll^Fmf, Gg^Fet, Gll^Fp, Rp^Es, Rp, Gg, Re, Gg^Fet, Gll, Gll^Fmw, Gll^Fmw, Gll^Fp, Hh^Fmf, Hh, Hhd, Hhd, Mm, Mm, Mm^Xm, Mm, Mm, Mm, Mm, Hh, Hh^Fp, Gll^Fp, Gg^Efm, Gg, Rp, Rp, Gll^Fp, Gll^Fmf, Gs^Fet, Wo, Wo, Wo, Ss, Ss, Gll^Fmf, Gll^Fp, Gll^Fmf, Gll^Fp, Gll^Fp
Gll^Fp, Ds^Em, Gll^Fp, Gll^Fp, Gll^Fmw, Gll^Fmf, Gll^Fp, Gg, Gs^Efm, Ket, Rp, Gs, Gg, Gll^Fp, Gll^Fp, Gll^Fp, Gll^Fmf, Gll^Fmw, Gll^Fp, Hh^Fp, Hh^Fp, Hh, Hh, Hh^Fp, Mm, Mm, Mm, Ds, Wo, Hh^Fp, Hh^Fp, Hh^Fds, Gll^Fp, Gll^Fp, Gg^Fet, Gg, Gg^Es, Rp, Rp, Ww, Ww, Wo, Ww, Wo, Gg, Gll^Fp, Gll^Fp, Re^Ve, Gll^Fmf, Gll^Fp
Gll^Fp, Re, Re, Gs^Es, Gll^Fmw, Gll^Fp, Gll^Fmf, Gg, Gg, Rp, Rp, Re, Gg, Gll^Fp, Gll^Fp, Gll^Fmf, Gll^Fp, Gll^Fmw, Hh, Hh^Fp, Hh^Fp, Hh, Hh^Fp, Mm, Mm, Mm, Mm, Mm, Wwf, Wo, Hh^Fp, Hh^Fp, Gg^Fds, Gg^Fds, Gll^Fp, Ket, Rp, Gg, Rp, Rp, Gg, Gg, Gg, Gg, Gs^Es, Gll^Fp, Re, Re, Gll^Fmf, Gll^Fp
Gll^Fp, Gll^Fp, Re, Gs, Gll, Gll^Fp, Gll^Fp, Gll^Fp, Re, Re, Gll^Fp, Rp, Rp, Gg, Gll^Fmf, Gll^Fp, Ss, Gll^Fp, Gll^Fp, Gll^Fp, Gg^Ve, Gll^Fp, Gll^Fp, Hh^Fp, Hh^Fp, Hh^Fp, Ds, Hh, Wwf, Wwf^Em, Ds, Hh^Fmf, Hh^Fp, Gll^Fp, Gs^Fms, Gs, Rp, Rp, Gll^Fp, Gg, Gll^Fp, Gll^Fp, Gll^Fp, Gll^Fp, Re, Re^Es, Gg, Gll^Fp, Gll^Fp, Gll^Fp
Hhd^Fp, Re^Es, Re, Gg, Gg^Ve, Gg^Fet, Gg, Gg, Re, Gll^Fp, Gll^Fmf, Gll^Fp, Rp, Re, Gg, Gll^Fmf, Gll^Fp, Ss, Re^Em, Re^Gvs, Re^Gvs, Re^Gvs, Gg, Gs^Fms, Gll^Fp, Ds, Wo, Wwf, Hh^Fms, Ds, Hh^Fms, Hh, Gll^Fmf, Gll^Fmf, Gg, Gg, Rp, Gll^Fp, Gll^Fmf, Gll^Fp, Gll^Fmf, Gll^Fp, Gll^Fmf, Gll^Fp, Re, Re, Re, Gll^Fp, Gll^Fp, Gll^Fp
Hh^Fp, Hhd, Rb, Re^Efm, Re^Efm, Re, Re^Es, Re, Gll^Fp, Gll^Fmw, Gll^Fmw, Gs, Gg, Rp, Re, Ket, Gg^Fet, Sm, Re^Gvs, Re^Gvs, Re^Gvs, Re^Gvs, Re, Gg, Gll^Fp, Ds, Wo, Ww, Gg^Fet, Gll^Fmf, Gs^Efm, Hh^Fmf, Gll^Fmf, Gll^Fmf, Gg^Es, Rp, Gg, Gg, Gll^Fp, Gll^Fmf, Gs^Fms, Gll^Fdf, Gll^Fdf, Gg^Ve, Gg, Gg, Rp, Rp, Rp, Rp
Hh^Fp, Hh^Fp, Hh, Rb, Wwrg, Wwf^Em, Wwf, Re, Hh, Gll^Fp, Gll^Fp, Gll^Fp, Gll^Fp, Rp, Rp, Gll^Fp, Gll^Fmf, Gll^Fp, Re^Gvs, Re^Gvs, Re^Gvs, Re^Gvs, Gg^Eff, Gll, Gll^Fp, Gg^Fet, Wo, Ww, Rp, Gs, Rp^Eff, Gs, Gs, Gg^Es, Rp^Eff, Rr, Re, Gg, Gll^Fp, Gll^Fp, Gll^Fp, Gll^Fmf, Gll^Fmf, Gll^Fmf, Gll^Fmf, Gd^Fp, Gs, Rp, Hh^Fp, Rp
Mm, Hh, Mm^Xm, Hh, Mm, Hhd, Mm, Hh, Hh^Fp, Gll^Fp, Gll^Fmf, Gs^Fms, Gll^Fp, Gg, Gg, Rp, Rp, Gll^Fmf, Gg, Gg^Gvs, Gg, Gg^Eff, Gg^Fet, Gs^Eff, Gs^Eff, Gg^Eff, Rp, Ww^Bsb/, Ww, Rp, Rr^Es, Rp^Eff, Rp^Eff, Rp^Eff, Rr, Rr, Rp, Rp, Gs^Es, Gs^Fms, Gll^Em, Gs^Fms, Gll^Fmf, Gll^Fmf, Gll^Fp, Gll^Fp, Rp, Rp, Gll^Fp, Hh^Fp
Mm, Mm^Xm, Mm, Mm, Mm, Mm, Mm, Mm, Hh, Hh^Fp, Hh^Fp, Gll^Fp, Gll^Fp, Gg, Re, Re, Rp, Rp, Rp, Gg^Efm, Re, Gg, Rp, Gg, Rp, Rp, Rp, Wo, Wo, Ww, Rp, Rr, Rr, Rr, Gll^Fp, Gs, Gs^Efm, Rr, Rr, Gs, Gll^Fp, Gll^Fmf, Gg, Cv, Rr, Rr, Gg, Gg^Efm, Gg, Hh^Fp
Hh^Fp, Mm, Hh, Mm, Hh, Hh, Hh, Hh, Re, Hh^Fp, Gs^Es, Gs, Gg, Re, Gg, Gg, Gll^Fp, Gg, Gll^Fmf, Rp, Gg, Re, Gll^Fp, Rp, Gg, Rp, Rp, Rp, Rp, Ww^Bsb/, Wo, Gg^Fet, Gll^Fp, Gll^Fp, Gll^Fp, Gll^Fp, Gg, Rp, Gg, Rr, Rp, Gs, Gg, Rp, Rp, Gs, Hh, Gg^Efm, Hh, Hh
Hh^Fp, Hh^Fp, Hh, Hh^Fds, Hh^Fms, Ch, Gll^Efm, Rp^Vhcr, Gs, Ch^Dr, Chr, Gll, Rp, Rp, Gll^Fdw, Gll^Fdw, Gll^Fp, Gll^Fmf, Gll^Fp, Gll^Fp, Gll^Fp, Gll^Fp, Gll^Fp, Gll^Fmf, Hh, Gll^Fp, Gll, Gg, Gg^Fet, Ww, Wo, Gll^Fp, Gll^Fp, Gll^Fp, Gll^Fp, Gll^Fp, Gg^Ve, Gg, Gg, Gg, Rp, Rp, Rp, Rp, Gg, Hh, Gg^Efm, Hh, Hh, Hh
Hh, Hh^Vhr, Re, Gll^Fp, Gg^Fet, Gll^Fp, Gll^Fp, Re, Gg, Chr, Gll^Fp, Gll^Fms, Rp^Es, Rp^Es, Re, Gll^Fp, Gll^Fp, Gll^Fmf, Gs^Fms, Gs^Fms, Gs^Fms, Gll^Fms, Gll^Fp, Hh^Fmf, Hh, Hh, Ds, Ds, Ds, Ww, Wo, Ww, Ww, Ds, Ds, Ds, Ds, Gg^Es, Gg^Fet, 2 Kv, Cv, Cv, Cv, Cv, Gg^Fet, Gs^Efm, Hh^Fp, Cv, Hh, Hh
Ch, Chr, Rp, Re, Gs, Gll^Fp, Gs^Efm, Re^Es, Gs, Gll^Fp, Re, Re^Es, Hh^Fp, Gg, Re, Gll^Fp, Gg, Gll, Gs^Fds, Gs^Fds, Gs^Fds, Gs^Fds, Gll^Fmf, Hh^Fp, Gll^Fp, Ds, Ww, Ww, Ww, Ww, Wo^Ewf, Wo, Wo, Ww, Wo, Ww, Ww, Ds, Gg, Cv, Cv, Cv, Cv, Kv, Gg, Gg, Gll^Fp, Gll^Fp, Hh, Hh
Gll^Fp, Chr, Gg^Es, Rp, Re, Rd, Re, Re, Rp, Gg^Fet, Re, Hh^Fp, Ch, Chr, Gll^Fp, Re, Re^Vl, Re, Gs^Efm, Gs^Fds, Gs^Fms, Gll^Fms, Gll^Fms, Hh^Fms, Hh, Ds, Gll^Fmf, Gg^Fet, Wo, Wo, Wo, Wo^Ewl, Wo, Wo, Wo, Wo, Ww, Ds, Gg^Es, Gg^Efm, Rp, Rp, Gg, Gg, Gll^Fmf, Gll^Fp, Gll^Fmf, Hh^Fp, Hh^Fp, Hh
Gll^Fp, Gs, Rp^Es, Rp, Chr, Chr^Dr, Chr, 4 Khr, Ch, Re, Gs^Vhr, Hh, Chs, Ss^Em, Ss, Gg, Gg^Efm, Gs^Efm, Gll^Fmf, Gs^Fms, Gll^Fp, Gs^Fms, Gs^Fds, Hh^Fms, Hh, Gll^Fmf, Gll^Fp, Ww, Ww, Wo, Wo, Wo, Ww, Wo, Ss, Ss, Ds, Gll^Fp, Gll^Fp, Gg^Efm, Rp, Rp, Gs, Gll^Fp, Gll^Fmw, Gll^Fmw, Gll^Fp, Hh^Fmf, Hh, Hh^Fp
Rp, Rp^Es, Rp^Vhcr, Gs, Ch, Chr, Chr, Chr, Gg, Re, Re, Gg, Ss, Ss, Gll^Fp, Gll^Fp, Gll^Fp, Gll^Fp, Gll^Fmf, Gll^Fp, Hh^Fp, Gll^Fp, Gll^Fp, Gll^Fp, Gll^Fmf, Gll^Fmf, Gll^Fp, Ww, Cv, Ds, Hh^Fp, Ds, Ds, Ww, Ss, Ss, Ss, Gll^Fp, Gll^Fp, Gll^Fmf, Rp, Rp, Gll^Fp, Gll^Fp, Gll^Fmw, Gll^Fmw, Hh^Fmf, Hh^Fmf, Hh, Hh
Gll^Fmf, Gg, Gg, Gg, Gll^Fp, Gs, Gll, Chr^Dr, Gll^Fp, Gll^Fp, Re, Re, Gll^Fmf, Ss, Gll^Fp, Gll^Fp, Hh^Fp, Gll^Fmf, Gll^Fp, Gll^Fp, Hh, Gll^Fp, Gs^Fms, Gll^Fp, Gll^Fp, Gll^Fmf, Gll^Fp, Gll^Fp, Gll^Fmw, Hh, Hh, Hh, Hh, Hh, Gll^Fmf, Gll^Fmw, Gll^Fp, Gll^Fp, Rp, Rp, Rp, Rp, Gll^Fp, Gll^Fmw, Gll^Fp, Gll^Fmf, Hh^Fp, Hh^Fmf, Hh^Fp, Hh
Gll^Fp, Gll^Fmf, Gll^Fmf, Gll^Fp, Gll^Fp, Gll^Fp, Gll^Fp, Gll^Fp, Gll^Fp, Gll^Fp, Gll^Fp, Gll^Fp, Gll^Fp, Gll^Fp, Gll^Fp, Hh^Fp, Gll^Fp, Hh^Fp, Gll^Fp, Hh, Gll^Fp, Hh^Fp, Gs^Fms, Hh^Fp, Gll^Fp, Gll^Fp, Gll^Em, Gll^Fp, Gll^Fp, Hh^Fp, Hh^Fp, Hh, Hh^Fp, Gll^Fmf, Hhd^Fmw, Gll^Fmf, Hhd^Fmw, Rp, Rp, Rp, Gll^Fp, Gll^Fp, Gll^Fp, Gll^Fp, Hh, Hh^Fp, Hh, Hh^Fmf, Hh, Hh
