border_size=1
usage=map

Xu, Xu, Xu, Xu, Xu, Xu, Xu, Xu, Xu, Xu, Xu, Xu, Xu, Xu, Xu, Xu, Xu, Xu, Xu, Xu, Xu, Xu, Xu, Xu, Xu, Xu, Xu, Xu, Xu, Xu^Zos, Xos^Zos, Xos^Zos, Urb^Zos, Urb^Zos, Urb^Zos, Xos^Zos, Xos^Zos, Xu^Zos, Xu, Xu, Xu, Xu, Xu, Xu, Xu, Xu, Xu, Xu, Xu, Xu, Xu, Xu, Xu, Xu, Xu, Xu, Xu, Xu, Xu, Xu, Xu, Xu, Xu, Xu, Xu, Xu
Xu, Xu, Xu, Xu, Xu, Xu, Xu, Xu, Xu, Xu, Xu, Xu, Xu, Xu, Xu, Xu, Xu, Xu, Xu, Xu, Xu, Xu, Xu, Xu, Xu, Xu, Xu, Xu, Xu, Xu^Zos, Xos^Zos, Xos^Zos, Urb^Zos, Urb^Zos, Urb^Zos, Xos^Zos, Xos^Zos, Xu^Zos, Xu, Xu, Xu, Xu, Xu, Xu, Xu, Xu, Xu, Xu, Xu, Xu, Xu, Xu, Xu, Xu, Xu, Xu, Xu, Xu, Xu, Xu, Xu, Xu, Xu, Xu, Xu, Xu
Xu, Xu, Xu, Xu, Xu, Xu, Xu, Xu, Xu, Xu, Xu, Xu, Xu, Xu, Xu, Xu, Xu, Xu, Xu, Xu, Xu, Xu, Xu, Xu, Xu, Xu, Xu, Xu, Xu, Xu^Zos, Xos^Zos, Xos^Zos, Urb^Zos, Urb^Zos, Urb^Zos, Xos^Zos, Xos^Zos, Xu^Zos, Xu, Xu, Xu, Xu, Xu, Xu, Xu, Xu, Xu, Xu, Qxu, Xu, Uu, Xu, Xu, Xu, Xu, Xu, Xu^Zos, Xu^Zos, Xu^Zos, Xu, Xu, Xu, Xu, Xu, Xu, Xu
Xu, Xu, Xu, Xu, Xu, Xu, Xu, Xu, Xu, Xu, Xu, Xu, Xu, Xu, Xu, Xu, Xu, Xu, Xu, Xu, Xu, Xu, Xu, Xu, Xu, Xu, Xu, Xu, Xu, Xu^Zos, Xos^Zos, Xos^Zos, Urb^Zos, Urb^Zos, Urb^Zos, Xos^Zos, Xos^Zos, Xu^Zos, Xu, Xu, Xu, Xu, Xu, Xu, Xu, Xu, Xu, Qxu, Uu^Ii, Uu, Xu, Uu, Uu, Xu, Xu, Xu^Zos, Wog^Zos, Xu^Zos, Xu^Zos, Xu, Xu, Xu, Xu, Xu, Xu, Xu
Xu, Xu, Xu, Xu, Xu, Xu, Xu, Xu, Xos, Xos, Xos, Xu, Xu, Xu, Qxu, Xu, Qxu, Qxu, Qxu, Qxu, Qxu, Xu, Xu, Xu, Xu, Xu, Xu, Xu, Xu, Xu^Zos, Xos^Zos, Xos^Zos, Urb, Urb, Urb, Xos^Zos, Xos^Zos, Xu^Zos, Xu, Xu, Xu, Xu, Xu, Xu, Xu, Xu, Xu, Qxu, Qxu, Qxu, Xu, Xu, Xu, Uu, Wog, Wog, Xu, Xu^Zos, Xu, Xu, Xu, Xu, Xu, Xu, Xu, Xu
Xu, Xu, Xu, Xu, Xu, Xu, Xos, Xos, Xos, Xos, Xos, Xos, Xos, Xu, Uh^Vud, Qxu, Qxu, Qxu, Qxu, Qxu, Qxu, Qxu, Xol, Xu, Xu, Xu, Xu, Xu, Xu, Xu^Zos, Xos, Xos, Urb, Urb, Urb, Xol, Xol, Xos^Zos, Xos, Xu, Xu, Xu, Xu, Xu, Xu, Xu, Xu, Xu, Xu, Xu, Xu, Xu, Xu, Xu, Wog, Xu, Xu, Xu, Xu, Xu, Xu, Xu, Xu, Xu, Xu, Xu
Xu, Xu, Xu, Xu, Xos, Xos, Xos, Xos, Urb, Uu, Rb^Ii, Xos, Xos, Xu, Uh, Qxu, Cud, Cud, 2 Kud, Cud, Cud, Uu, Uh, Xol, Xu, Xu, Xu, Xu, Xu, Xu, Xos, Xos, Urb, Urb, Urb, Urb, Cud, Xos, Xos, Xos, Xos, Xu, Xu, Xu, Xu, Xu, Xu, Xu, Xos, Xos, Xos, Xu, Wog, Wog, Xu, Xu, Xu, Xu, Xu, Xu, Xu, Xu, Xu, Xu, Xu, Xu
Xu, Xu, Xu, Xos, Xos, Xos, Urb, Urb, Urb, Rb, Urb^Ng/, Xol, Xol, Xol, Uh, Uu, Uh, Cud, Uu, Cud, Uu^Es, Uu, Uh, Xos, Xu, Xu, Xu, Xu, Xu, Xu, Xu, Xos, Xos, Urb, Cud, Kud, Rr, Urb, Urb, Xos, Xos, Xos, Xos, Xu, Xu, Xu, Xos, Xos, Xos, Xos, Wog, Wog, Xu, Xu, Xu, Xu, Xu, Xu, Xu, Xu, Xu, Xu, Xu, Xu, Xu, Xu
Xu, Xu, Xu, Xu, Xu, Xos, Xos, Uu, Xos, Urb^Ng/, Urb, Uu, Rb, Rb^Es, Uu, Uh, Urb, Urb, Uu, Rb, Rb^Es, Uh, Xu, Xos, Xu, Xu, Xu, Xu, Xu, Xu, Xu, Xu, Xu, Xos, Xos, Urb, Urb, Rr, Urb, Xos, Xu, Xos, Xos, Xos, Xos, Xos, Xos, Xos, Wog, Wog, Xu, Xu, Xu, Xu, Xu, Xu, Xu, Xu, Xu, Xu, Xu, Xu, Xu, Xu, Xu, Xu
Xu, Xu, Xu, Xu, Xu, Xu, Xu, Xos, Xu, Xol, Urb, Urb, Urb, Uu, Urb, Uu, Urb, Urb, Urb, Urb, Xu, Cud, Xu, Xu, Xu, Xu, Xu, Xu, Xu, Xu, Xu, Xu, Xu, Xu, Wog^Xo, Wog, Wwf, Rr, Urb, Xu, Xu, Xu, Xu, Xos, Xos, Xos, Xos, Xos, Wog, Xu, Xu, Xu, Xu, Xu, Xu, Xu, Xu, Xu, Xu, Xu, Xu, Xu, Xu, Xu, Xu, Xu
Xu, Xu, Xu, Xu, Xu, Xu, Xuc, Xu, Xu, Urb^Bzl, Urb, Urb, Urb, Urb, Urb^Bzn, Urb, Rr, Urb, Cud, Xu, Xu, Xu, Xu, Xu, Xu, Xu, Xu, Xu, Xu, Xu, Xu, Xu, Xu, Xu, Xu, Xu, Uh, Uh, Ur, Xu, Qxu, Qxu, Qxu, Xu, Xu, Xu, Xu, Xos, Xu, Wog, Wog, Xu, Xuc, Xu, Xu, Xu, Xu, Xu, Xu, Xu, Xu, Xu, Xu, Xu, Xu, Xu
Xu, Xu, Xu, Xu, Xuc, Xuc, Iwr, Xuc, Cud, Urb, Xu, Xu, Xos, Xos, Xos, Urb, Rr, Urb, Xos, Xos, Xu, Xu, Xos, Xu, Xu, Xu, Xu, Xu, Xu, Xu, Xu, Xu, Xu, Xu, Xu, Uh, Uh, Ur, Uu^Bzl, Qxu, Qxu, Qxu, Xu, Xu, Xu, Xu, Xuc, Xu, Xuc, Xu, Wog, Wog, Wog, Xu, Xu, Xu, Xu, Xu, Xu, Xu, Xu, Xu, Xu, Xu, Xu, Xu
Xu, Xu, Xu, Xu, Xuc, Iwr, Iwr^Ii, Iwr, Xuc, Xu, Xu, Xu, Xu, Xu, Xos, Urb, Rr, Urb, Xos, Xos, Xos, Xos, Xos, Xos, Xu, Xu, Xu, Xu, Xu, Xu, Xu, Xu, Xu, Xu, Uh, Uh, Ur, Ur, Qxu, Qxu, Xos, Xu, Xu, Xu, Xu, Xu, Xu, Xuc, Xu, Xu, Qxu, Wog, Wog, Wog, Wog, Xu, Xu, Xu, Xu, Xu, Xu, Xu, Xu, Xu, Xu, Xu
Xu, Xu, Xu, Xu, Xuc, Iwr, Iwr, Iwr, Xuc, Xu, Xu, Xu, Xu, Xu, Uh, Urb, Rr, Urb, Xol, Xos, Xos, Xos, Xu, Xu, Xu, Xu, Xu, Xu, Xu, Xu, Xu, Xu, Xu, Xu, Cud, Uu, Urb, Uh, Qxu, Qxu, Xos, Xu, Xu, Xu, Xu, Xu, Xol, Xu, Xu, Qxu, Qxu, Qxu, Xu, Wog, Wog, Xu, Xos, Xu, Xu, Xu, Xu, Xu, Xu, Xu, Xu, Xu
Xu, Xu, Xu, Xu, Xu, Xuc, Xuc, Xuc, Xu, Xu, Xu, Xu, Xu, Uh^Uf, Uu^Vu, Urb, Rr, Urb, Urb, Xol, Urb, Xu, Uh, Uu^Uf, Wwg, Wwg, Uu^Vu, Xu, Xu, Xu, Xu, Xu, Xos, Xos, Xol, Xol, Urb^Ngl\, Rr, Urb, Xos, Xos, Xu, Xu, Xu, Xu, Xol, Uh, Uh^Uf, Uh, Uh, Uu, Xol, Xol, Wog, Wog, Xos, Xos, Xos, Xos, Xu, Xu, Xu, Xu, Xu, Xu, Xu
Xu, Xu, Xu, Xu, Xu, Xu, Xu, Xu, Xu, Xu, Xu, Xu, Xu, Uh^Uf, Uu^Bzl, Urb, Urb, Rr, Rr, Urb, Rr, Rr, Rr, Wwf^Es, Wwf, Wwf^Em, Uh, Uh, Xu, Xu, Qxu, Qxu, Qxu, Xos, Urb^Ngl\, Urb, Rr, Rr^Ngl\, Urb^Ngl\, Xos, Xu, Xu, Qxu, Qxu, Cud, Cud, Uh^Uf, Uu^Uf, Urb, Uh, Ur, Ur, Uu, Wog, Wog, Wog, Wog, Xos, Xos, Xos, Xos, Xu, Xu, Xu, Xu, Xu
Xu, Xu, Xu, Xu, Xu, Xu, Xu, Xu, Xu, Xu, Xu, Xu, Qxu, Qxu, Qxu, Qxu, Qxu, Urb, Urb, Rr, Urb, Urb, Urb, Rr, Rr, Uh, Xos, Xu, Xu, Xu, Qxu, Qxu, Urb, Urb, Rr, Rr^Ngl\, Urb^Ngl\, Urb, Xos, Xos, Xu, Xu, Qxu, Qxu, Cud, Uu, Rb, Urb^Emf, Cud, Cud, Cud, Urb, Uu^Uf, Uh^Uf, Xu, Wog, Wog, Wog, Wog, Xos, Xos, Xos, Xu, Xu, Xu, Xu
Xu, Xu, Xu, Xu, Xu, Xu, Xu, Xu, Xu, Xu, Xu, Xu, Qxu, Qxu, Qxu, Qxu, Xu, Qxu, Xu, Xu, Xu, Xos, Xos, Urb, Rr, Urb, Xos, Xu, Xu, Xu, Qxu, Qxu, Urb, Rr, Urb, Urb, Xos, Xos, Xos, Xos, Xos, Qxu, Qxu, Qxu, Urb, Uu, Urb, Urb, Cud, Urb^Ii, Cud, Uh, Uh, Uh^Uf, Xu, Xos, Xos, Wog, Wog, Wog, Xu, Xu, Xu, Xu, Xu, Xu
Xu, Xu, Xu, Xu, Xu, Xu, Xu, Xu, Xu, Xu, Qxu, Qxu, Xu, Qxu, Xu, Qxu, Xu, Xu, Xu, Xu, Xu, Xos, Xos, Urb, Rr, Urb, Xos, Xu, Xu, Xu, Qxu, Qxu, Urb, Rr, Urb, Xol, Xol, Xos, Xos, Xos, Xos, Xos, Urb, Urb, Urb, Rb, Rb^Es, Urb, Uu, Cud, Uu, Uh, Urb, Cud, Xu, Xu, Xos, Qxu, Xu, Wog, Xu, Xu, Xu, Xu, Xu, Xu
Xu, Xu, Xu, Xu, Xu, Xu, Xu, Xu, Xu, Xu, Qxu, Xu, Xu, Xu, Xu, Xu, Xol, Xu, Xu, Xu, Xos, Xol, Xol, Urb, Rr, Urb, Xol, Xos, Xos, Xos, Xos, Qxu, Urb^Bzn, Rr, Rr, Urb, Urb, Urb, Urb, Xos, Urb^Ng\, Urb, Urb, Urb, Qxu, Qxu, Qxu, Urb, Urb, Urb, Urb, Uu, Urb^Ng/, Xos, Xol, Xu, Xu, Qxu, Xu, Wog, Wog, Xu, Xu, Xu, Xu, Xu
Xu, Xu, Xu, Xu, Xu, Xu, Xu, Xu, Xu, Xu, Uu^Ngl/, Xu, Xu, Xos, Iwr^Bzn, Xu, Iwr, Xol, Xos, Xos, Xos, Xol, Urb, Urb, Rr, Urb, Urb, Xol, Xol, Xos, Xos, Xos, Xos, Urb, Urb, Rr, Rr, Rr, Rr, Urb, Urb, Urb^Ng\, Xos, Xos, Xu, Qxu, Xuc, Xuc, Xuc, Xuc, Xos, Urb^Ng/, Urb, Urb, Xol, Xol, Uu^Bzn, Qxu, Urb, Wog, Wog, Wog, Wog, Xu, Xu, Xu
Xu, Xu, Xu, Xu, Xu, Xu, Xu, Xu, Xu, Xu, Qxu, Xu, Xu, Xos, Iwr, Iwr, Iwr, Iwr, Xu, Xuc, Cud^Xo, Urb, Rr, Rr, Urb, Rr, Rr^Ngl/, Urb^Ngl/, Urb, Cud, Xos, Xos, Xos, Xos, Xos, Urb, Urb, Urb, Urb, Rr, Urb, Urb^Bzl, Xos, Xu, Qxu, Qxu, Xuc, Xuc, Xuc, Xos, Xuc, Xos, Urb, Urb, Urb, Urb, Urb, Urb, Urb, Urb, Uu^Vud, Wog, Xu, Wog^Xo, Wog, Xu
Xos, Xos, Xos, Xu, Xu, Xu, Xu, Xu, Xu, Qxu, Xu, Xu, Xu, Xos, Xuc, Iwr, Xuc, Xuc, Xuc, Xuc, Urb^Xo, Kud, Cud^Xo, Urb, Xos, Urb^Ngl/, Urb, Rr, Rr, Urb, Urb, Cud, Xos, Xos, Xos, Xos, Xos, Xos, Urb, Rr, Urb, Xos, Xu, Xu, Qxu, Qxu, Cud, Cud, Cud, Uu, Uu, Uu, Urb, Urb, Urb, Urb, Urb, Urb, Urb, Uu, Uu, Xu, Xu, Xu, Xu, Wog
Xos, Xos, Xos, Xos, Xos, Xu, Xu, Xu, Xu, Qxu, Xu, Xu, Xu, Xuc, Xuc, Cud, Xuc, Cud, Urb, Urb, Urb, Urb^Xo, Xuc, Xos, Xos, Xos, Cud, Urb, Urb, Rr, Rr, Urb, Urb, Cud, Xol, Xos, Urb, Urb, Rr, Rr, Urb, Xos, Xu, Xu, Xu, Xuc, Cud, Urb^Ii, Cud, Xuc, Xu, Xu, Rb, Urb, Urb, Urb, Urb, Uu, Xu, Urb, Urb, Xu, Xu, Xu, Xu, Xu
Xos, Urb, Urb^Xo, Xos, Xos, Xos, Xos, Xu, Qxu, Qxu, Xos, Xos, Xos, Xuc, Urb, Urb, Urb, Urb, Urb, Urb, Urb, Xuc, Xuc, Xu, Xu, Xos, Xos, Xos, Cud, Urb, Urb, Rr, Rr, Urb, Urb, Xol, Urb, Rr, Urb, Urb, Xos, Xos, Xos^Zos, Xu^Zos, Xu^Zos, Xuc, Xuc, Cud, Xuc, Xuc, Xos, Cud, Rb, Uu, Urb, Urb, Rb, Rb, Xos, Xu, Xu, Cud, Xu, Xu, Xu, Xu
Xos, Xos, Xol, Urb, Xos, Xos, Urb, Urb, Xos, Xos, Xos, Xos, Xos, Urb, Cud, Cud, Cud, Urb, Urb, Urb, Urb, Cud, Xuc, Xu, Xu, Xu, Xu, Xos, Xos, Xol, Cud, Urb, Urb, Rr, Rr, Urb, Rr, Rr, Urb, Xol, Xol, Xos, Qxu, Qxu^Zos, Qxu^Zos, Xu^Zos, Xu^Zos, Xuc, Xu, Xu, Xos, Cud, Cud, Rb, Cud, Urb, Cud, Cud, Xos, Xu, Iwr, Iwr, Xu, Xu, Xu, Xu
Uu, Xol, Cud, Uh, Urb, Urb^Ng\, Xos, Xos, Xos, Xos, Xos, Xos, Xos, Urb, Cud, 4 Kud, Cud, Urb^Bzl, Urb, Urb, Urb, Urb, Xol, Xu, Xu, Xu, Xu, Xu, Xu, Xos, Xos, Xos, Xos, Urb, Urb, Rr, Urb, Rr, Rr, Urb, Cud, Qxu, Qxu, Qxu, Qxu, Qxu^Zos, Qxu^Zos, Xu^Zos, Xu^Zos, Xu, Xos, Cud, Cud, 3 Kud, Cud, Cud, Xos, Xos, Xos, Iwr^Bzl, Iwr, Iwr, Cud, Xos, Xu, Xu
Ur^Br\, Uu^Em, Uu^Em, Uu, Uu^Ii, Qxu, Cud, Xos, Xos, Xos, Xos, Xos, Xos, Urb, Urb, Cud, Urb, Urb, Urb, Urb, Urb^Ng/, Urb^Ng/, Urb, Xol, Xos, Xu, Xu, Xu, Xu, Xu, Xu, Xos, Xos, Xos, Xos, Urb, Qxu, Urb, Urb, Urb, Urb, Cud, Cud, Qxu, Qxu, Qxu, Qxu, Qxu^Zos, Qxu^Zos, Xu^Zos, Xos, Xos, Xos, Cud, Xos, Xos, Xu, Xos, Xos, Xu, Iwr, Iwr, Xu, Xos, Xu, Xu
Uu, Ur^Br\, Ur^Br\, Ur^Es, Uu, Qxu, Xol, Xos, Xos, Xos, Xos, Xos, Xos, Urb, Qxu, Urb, Xos, Urb, Xos, Urb^Ng/, Urb, Urb, Rr, Urb, Urb, Xol, Xol, Xu, Xu, Xu, Xu, Xol, Xos^Zos, Xos^Zos, Qxu^Zos, Qxu, Qxu, Qxu, Urb^Bzl, Urb, Urb, Urb, Urb, Cud, Cud, Qxu, Qxu, Qxu, Xos, Xos, Xos, Xu, Xu, Xos, Xu, Xu, Xu, Xu, Xu, Xos, Xos, Xu, Xos, Xos, Xu, Xu
Xu, Uu^Ii, Uu^Ii, Ur^Br\, Ur^Br\, Uh, Uh^Ii, Xos, Xu, Xu, Xu, Xos, Xos, Xos, Qxu, Xuc, Xu, Xos, Xu, Xos, Xos, Urb, Urb, Rr, Rr, Urb, Urb, Xos, Xos, Xu, Xu, Xol, Xol, Qxu^Zos, Qxu^Zos, Qxu^Zos, Qxu^Zos, Qxu, Qxu, Urb, Urb, Urb, Urb, Urb, Urb, Cud, Xos, Xos, Xos, Xos, Xos, Xos, Xos, Xu, Xu, Xu, Xu, Xu, Xu, Xu, Xu, Xos, Xu, Xu, Xu, Xu
Xu, Xu, Qxu^Ii, Ur^Em, Ur^Br|, Uu^Ii, Xu, Xu, Xu, Xu, Xu, Xos, Uu^Vu, Xu, Xu, Qxu, Qxu, Xu, Xu, Xu, Xu, Xos, Xos, Urb, Urb, Rr, Urb, Xos, Xos, Xu, Xu, Xu, Xu, Xol, Xol, Qxu^Zos, Qxu^Zos, Qxu^Zos, Xos, Xos, Xos, Urb, Urb, Urb, Urb, Xol, Xol, Xos, Xue, Xue, Xue, Xos, Xos, Xos, Xos, Xu, Xu, Xu, Xu, Xu, Xu, Xu, Xu, Xu, Xu, Xu
Xu, Qxu, Qxu, Ur^Em, Ur^Br|, Uu, Xu, Xu, Uh^Uf, Uh^Uf, Uu, Uh, Re, Xu, Xu, Xu, Xu, Qxu^Xo, Xu, Xu, Xu, Xu, Xos, Xos, Urb, Rr, Urb, Xos, Xos, Xu, Xu, Xu, Xu, Xu, Xu, Xos, Xol, Xol, Urb, Urb, Urb, Urb^Ng\, Urb^Ng\, Urb, Urb^Ng/, Urb^Ng/, Urb^Bzn, Xue, Uue, Xue, Uhe^Uf, Qxe, Qxe, Xos, Xos, Xos, Xu, Xu, Xu, Xu, Xu, Xu, Xu, Xu, Xu, Xu
Xu, Qxu, Qxu, Uu, Ur^Br|, Uu, Xu, Xu, Uh, Urb^Ii, Urb, Re, Re, Qxu, Qxu, Xu, Qxu, Qxu, Xu, Xu, Xu, Xu, Xos, Xos, Xol, Rr, Xol, Xos, Xos, Xu, Xu, Xu, Xu, Xu, Xu, Xos, Urb, Urb, Re, Urb, Urb, Urb, Xos, Xos, Urb^Bzn, Urb, Urb, Urb, Urb, Uue, Uhe, Uhe, Qxe, Xue, Xos, Xos, Xu, Xu, Xu, Xu, Xu, Xu, Xu, Xu, Xu, Xu
Xu, Xu, Xu, Uu, Ur^Br|, Uu, Xu, Xu, Xu, Uu, Uh^Uf, Re^Uf, Uu, Uh, Xos, Qxu, Xu, Xu, Xu, Xu, Xos, Xos, Xol, Xol, Urb, Rr, Urb, Xol, Xol, Xos, Xos, Xu, Xu, Xu, Xu, Xos, Urb, Urb, Urb, Urb, Xos, Xos, Xue, Xue, Urb, Urb, Urb, Urb, 1 Urb, Re, Xue, Uhe, Uhe, Xue, Xos, Xos, Xu, Xu, Xu, Xu, Xu, Xu, Xu, Xu, Xu, Xu
Xu, Xu, Xu, Uu, Ur^Br|, Uu, Qxu, Xu, Xu, Xu, Xu, Urb, Urb, Xu, Xu, Xos, Xu, Xu, Xu, Xu, Xos, Cud, Urb, Urb, Urb, Rr, Urb, Urb, Urb, Cud, Xos, Xu, Xu, Xu, Xu, Xos, Xos, Urb, Urb, Urb, Xos, Xue, Uue, Uhe, Wwf, Urb, Rb, Urb, Urb, Urb, Re^Es, Uhe, Uue, Xos, Xos, Xos, Xu, Xu, Xu, Xu, Xu, Xu, Xu, Xu, Xu, Xu
Xu, Xu, Uh, Uu, Ur^Br|, Ur, Qxu, Xu, Xu, Xu, Xu, Uh, Urb, Xu, Xu, Xu, Xu, Xu, Xu, Xu, Xos, Xos, Urb, Urb, Re, Re, Re^Es, Urb, Urb, Xos, Xos, Xu, Xu, Xu, Xos, Xu, Xu, Xos, Xos, Xos, Xos, Uhe^Uf, Uhe, Uue, Wwf^Es, Urb, Re^Edb, Urb, Uue, Urb, Re^Es, Re^Es, Xue, Xos, Xu, Xu, Xu, Xu, Xu, Xu, Xu, Xu, Xu, Xu, Xu, Xu
Xu, Xu, Uh^Ii, Uu^Ii, Ur^Br|, Ur, Uu^Em, Xu, Xu, Xu, Xos, Uh, Xos, Xu, Xu, Xu, Xu, Xu, Qxu, Xu, Xos, Xos, Urb, Urb, Re, Uh^Ii, Re, Urb, Urb, Xos, Xos, Xos, Xos, Xos, Uh^Uf, Xos, Xos, Xu, Xu, Xu, Xu, Xos, Uhe, Wwf, Wwf, Urb, Uue, Re^Edb, Uhe, Uue, Urb, Uue, Xue, Xu, Xu, Xu, Xu, Xu, Xu, Xu, Xu, Xu, Xu, Xu, Xu, Xu
Xu, Uh, Uh^Uf, Uu^Ii, Uh, Ur^Br\, Ur^Br\, Uh, Cud, Xos, Xos, Xos, Xos, Xos, Xos, Xu, Xos, Qxu, Qxu, Urb, Xos, Urb, Xos, Urb, Urb, Re^Es, Urb, Urb, Xos, Urb, Xos, Xos, Xos, Uu^Uf, Urb^Edt, Urb^Edb, Uh, Xos, Xu, Xu, Xu, Xu, Qxe, Urb, Qxe, Wwf^Em, Xue, Uhe^Uf, Uhe^Uf, Uhe, Qxe, Qxe, Qxu, Xu, Xu, Xu, Xu, Xu, Xu, Xu, Xu, Xu, Xu, Xu, Xu, Xu
Xu, Xu, Xu, Uh^Uf, Xu, Uu, Ur, Cud, Rr, Urb, Urb, Urb^Bzn, Urb, Xos, Xos, Xos, Urb^Bzl, Qxu, Qxu^Bcx/, Urb, Urb, Xos, Xu, Xos, Xos, Urb, Xos, Xos, Xos, Xos, Urb, Xos, Urb^Ng\, Uu, Urb^Es, Uu^Es, Xos, Xos, Xu, Xu, Xu, Xu, Qxu, Qxe, Xue, Xue, Xu, Xos, Xos, Xos, Xos, Qxu, Qxu, Xu, Xu, Xu, Xu, Xu, Xu, Xu, Xu, Xu, Xu, Xu, Xu, Xu
Xos, Xu, Xu, Xu, Xu, Xu, Xu, Cud, Urb, Rr, Rr, Urb, Urb, Xol, Xol, Xos, Urb, Rr, Qxu, Qxu, Qxu, Xu, Xu, Xu, Xos, Cud, Xos, Xos, Xu, Urb, Rr, Urb, Xos, Xos, Xol, Xos, Xu, Xu, Xu^Zos, Xu, Xu, Xu, Xu, Qxu, Xu, Xu, Xu, Xu, Xu, Xos, Xu, Qxu, Qxe, Qxu, Xu, Xu, Xu, Xu, Xu, Xu, Xu, Xu, Xu, Xu, Xu, Xu
Xos, Xos, Xos, Xu, Xu, Xu, Xu, Xos, Urb^Bzn, Urb, Urb, Rr, Rr, Urb, Urb, Urb, Rr, Rr, Urb^Bzl, Qxu, Qxu, Xos, Xos, Xos, Xos, Xos, Xos, Xu, Xu, Urb, Rr, Urb, Xos, Xol, Xos, Xu, Xu^Zos, Xu^Zos, Uu^Zos, Xu^Zos, Xu^Zos, Xu, Xu, Xu, Xu, Xu, Xu, Xu, Xu, Xu, Xu, Xu, Xu, Xu, Xu, Xu, Xu, Xu, Xu, Xu, Xu, Xu, Xu, Xu, Xu, Xu
Xos, Xos, Xos, Xos, Xos, Xu, Xos, Xos, Xos, Urb, Xos, Urb, Urb, Rr, Rr, Rr, Xos, Xos, Xos, Xos, Xos, Xos, Xos, Xos, Xos, Xos, Xos, Xu, Xu, Urb, Rr, Urb, Xol, Xos, Xos, Xos, Uu, Uu^Zos, Ur^Zos, Ur^Zos, Uu^Zos, Xu^Zos, Xu^Zos, Xu, Xu, Xu, Xu, Xu, Xu, Xu, Xu, Xu, Xu, Xu, Xu, Xu, Xu, Xu, Xu, Xu, Xu, Xu, Xu, Xu, Xu, Xu
Xos, Xos, Xos, Xos, Xos, Xos, Xos, Xos, Xos, Xos, Xos, Xos, Xos, Urb, Urb, Urb, Xos, Xos, Xos, Xos, Xos, Xos, Xos, Xos, Xos, Xos, Xu, Xu, Xu, Urb, Rr, Urb, Urb, Xol, Uu, Uu^Ng\, Ur^Ng\, Ur^Br/, Uu, Uu^Zos, Xu^Zos, Xu^Zos, Xu, Xu, Xu, Xu, Xu, Xu, Xu, Xu, Xu, Xu, Xu, Xu, Xu, Xu, Xu, Xu, Xu, Xu, Xu, Xu, Xu, Xu, Xu, Xu
Xos, Xos, Xos, Xos, Xos, Xos, Xos, Xos, Xos, Xos, Xos, Xos, Xos, Urb, Xos, Xos, Xos, Xos, Xos, Xos, Xos, Xos, Xos, Xos, Xu, Xu, Xu, Xu, Xos, Urb, Urb, Rr, Rr, Urb, Ur^Br/, Ur^Br/, Uu, Uu^Ng\, Xos, Xos, Xu, Xu, Xu, Xu, Xu, Xu, Xu, Xu, Xu, Xu, Xu, Xu, Xu, Xu, Xu, Xu, Xu, Xu, Xu, Xu, Xu, Xu, Xu, Xu, Xu, Xu
Xos, Xos, Xos, Xos, Xos, Xos, Xos, Xos, Xos, Xos, Xos, Xos, Xos, Xos, Xos, Xos, Xos, Xos, Xos, Xos, Xos, Xos, Xu, Xu, Xu, Xu, Xos, Xos, Xos, Xos, Uu, Urb, Ur^Br/, Ur^Br/, Rr, Urb, Urb, Xos, Xos, Xos, Xos, Xu, Xu, Xu, Xu, Xu, Xu, Xu, Xu, Xu, Xu, Xu, Xu, Xu, Xu, Xu, Xu, Xu, Xu, Xu, Xu, Xu, Xu, Xu, Xu, Xu
Xos, Xos, Xos, Xos, Xos, Xos, Xos, Xos, Xos, Xos, Xos, Xos, Xos, Xos, Xos, Xos, Xos, Xos, Xos, Xos, Xu, Xu, Xu, Xu, Xos, Xos, Xos^Zos, Xos, Uu, Uu^Ng\, Ur^Ng\, Ur^Br/, Uu, Urb, Urb, Rr, Rr, Urb, Urb, Xos, Xos, Xos, Xos, Xu, Xu, Xu, Xu, Xu, Xu, Xu, Xu, Xu, Xu, Xu, Xu, Xu, Xu, Xu, Xu, Xu, Xu, Xu, Xu, Xu, Xu, Xu
Xos, Xos, Xos, Xos, Xos, Xos, Xos, Xos, Xos, Xos, Xos, Xos, Xos, Xos, Xos, Xos, Xos, Xos, Xu, Xu, Xu, Xu, Xos, Xos, Xos, Xos^Zos, Uu^Zos, Uu^Zos, Ur^Zos, Ur^Br/, Uu, Uu^Ng\, Xos, Xos, Xos, Urb, Urb, Rr, Rr, Urb, Urb, Xos, Xos, Xos, Xos, Xu, Xu, Xu, Xu, Xu, Xu, Xu, Xu, Xu, Xu, Xu, Xu, Xu, Xu, Xu, Xu, Xu, Xu, Xu, Xu, Xu
