Xu, Xu, Xu, Xu, Xu, Xu, Xu, Xu, Xu, Xu, Xu, Xu, Xu, Xu, Xu, Xu, Xu, Xu, Xu, Xu, Xu, Xu, Xu, Xu, Xu, Xu, Xu, Xu, Xu, Xu^_s, Xos^_s, Xos^_s, Urb^_s, Urb^_s, Urb^_s, Xos^_s, Xos^_s, Xu^_s, Xu, Xu, Xu, Xu, Xu, Xu, Xu, Xu, Xu, Xu, Xu, Xu, Xu, Xu, Xu, Xu, Xu, Xu, Xu, Xu, Xu, Xu, Xu, Xu, Xu, Xu, Xu, Xu
Xu, Xu, Xu, Xu, Xu, Xu, Xu, Xu, Xu, Xu, Xu, Xu, Xu, Xu, Xu, Xu, Xu, Xu, Xu, Xu, Xu, Xu, Xu, Xu, Xu, Xu, Xu, Xu, Xu, Xu^_s, Xos^_s, Xos^_s, Urb^_s, Urb^_s, Urb^_s, Xos^_s, Xos^_s, Xu^_s, Xu, Xu, Xu, Xu, Xu, Xu, Xu, Xu, Xu, Xu, Xu, Xu, Xu, Xu, Xu, Xu, Xu, Xu, Xu, Xu, Xu, Xu, Xu, Xu, Xu, Xu, Xu, Xu
Xu, Xu, Xu, Xu, Xu, Xu, Xu, Xu, Xu, Xu, Xu, Xu, Xu, Xu, Xu, Xu, Xu, Xu, Xu, Xu, Xu, Xu, Xu, Xu, Xu, Xu, Xu, Xu, Xu, Xu^_s, Xos^_s, Xos^_s, Urb^_s, Urb^_s, Urb^_s, Xos^_s, Xos^_s, Xu^_s, Xu, Xu, Xu, Xu, Xu, Xu, Xu, Xu, Xu, Xu, Qxu, Xu, Uh, Xu, Xu, Xu, Xu, Xu, Xu^_s, Xu^_s, Xu^_s, Xu, Xu, Xu, Xu, Xu, Xu, Xu
Xu, Xu, Xu, Xu, Xu, Xu, Xu, Xu, Xu, Xu, Xu, Xu, Xu, Xu, Xu, Xu, Xu, Xu, Xu, Xu, Xu, Xu, Xu, Xu, Xu, Xu, Xu, Xu, Xu, Xu^_s, Xos^_s, Xos^_s, Urb^_s, Urb^_s, Urb^_s, Xos^_s, Xos^_s, Xu^_s, Xu, Xu, Xu, Xu, Xu, Xu, Xu, Xu, Xu, Qxu, Uh^Ii, Uh, Xu, Uh, Uh, Xu, Xu, Xu^_s, Wog^_s, Xu^_s, Xu^_s, Xu^_s, Xu, Xu, Xu, Xu, Xu, Xu
Xu, Xu, Xu, Xu, Xu, Xu, Xu, Xu, Xos, Xos, Xos, Xu, Xu, Xu, Qxu, Xu, Qxu, Qxu, Qxu, Qxu, Qxu, Xu, Xu, Xu, Xu, Xu, Xu, Xu, Xu, Xu^_s, Xos^_s, Xos^_s, Urb, Urb, Urb, Xos^_s, Xos^_s, Xu^_s, Xu, Xu, Xu, Xu, Xu, Xu, Xu, Xu, Xu, Qxu, Qxu, Qxu, Xu, Xu, Xu, Uh, Wog^Uov, Wog, Xu, Xu^_s, Xu, Xu, Xu, Xu, Xu, Xu, Xu, Xu
Xu, Xu, Xu, Xu, Xu, Xu, Xos, Xos, Xos, Xos, Xos, Xos, Xos, Xu, Uh^Vud, Qxu, Qxu, Qxu, Qxu, Qxu, Qxu, Qxu, Xos^Efs, Xu, Xu, Xu, Xu, Xu, Xu, Xu^_s, Xos, Xos, Urb, Urb, Urb, Xos^Efs, Xos^Efs, Xos^_s, Xos, Xu, Xu, Xu, Xu, Xu, Xu, Xu, Xu, Xu, Xu, Xu, Xu, Xu, Xu, Xu, Wog^Uov, Xu, Xu, Xu, Xu, Xu, Xu, Xu, Xu, Xu, Xu, Xu
Xu, Xu, Xu, Xu, Xos, Xos, Xos, Xos, Urb, Uu, Rb^Ii, Xos, Xos, Xu, Uh, Qxu, Cud, Cud, 2 Kud, Cud, Cud, Uu, Uh, Xos^Efs, Xu, Xu, Xu, Xu, Xu, Xu, Xos, Xos, Urb, Urb, Urb, Urb, Cud, Xos, Xos, Xos, Xos, Xu, Xu, Xu, Xu, Xu, Xu, Xu, Xos, Xos, Xos, Xu, Wog^Uov, Wog^Uov, Xu, Xu, Xu, Xu, Xu, Xu, Xu, Xu, Xu, Xu, Xu, Xu
Xu, Xu, Xu, Xos, Xos, Xos, Urb, Urb, Urb, Rb, Urb^Pr/, Xos^Efs, Xos^Efs, Xos^Efs, Uh, Uu, Uh, Cud, Uu, Cud, Uu^Es, Uu, Uh, Xos, Xu, Xu, Xu, Xu, Xu, Xu, Xu, Xos, Xos, Urb, Cud, Kud, Rr, Urb, Urb, Xos, Xos, Xos, Xos, Xu, Xu, Xu, Xos, Xos, Xos, Xos, Wwf, Wwf^Xo, Xu, Xu, Xu, Xu, Xu, Xu, Xu, Xu, Xu, Xu, Xu, Xu, Xu, Xu
Xu, Xu, Xu, Xu, Xu, Xos, Xos, Uu, Xos, Urb^Pr/, Urb, Uu, Rb, Rb^Es, Uu, Uh, Urb, Urb, Uu, Rb, Rb^Es, Uh, Xu, Xos, Xu, Xu, Xu, Xu, Xu, Xu, Xu, Xu, Xu, Xos, Xos, Urb, Urb, Rr, Urb, Xos, Xu, Xos, Xos, Xos, Xos, Xos, Xos, Xos, Wog^Uov, Wog^Uov, Xu, Xu, Xu, Xu, Xu, Xu, Xu, Xu, Xu, Xu, Xu, Xu, Xu, Xu, Xu, Xu
Xu, Xu, Xu, Xu, Xu, Xu, Xu, Xos, Xu, Xos^Efs, Urb, Urb, Urb, Uu, Urb, Uu, Urb, Urb, Urb, Urb, Xu, Cud, Xu, Xu, Xu, Xu, Xu, Xu, Xu, Xu, Xu, Xu, Xu, Xu, Wog^Xo, Wog, Wwf, Rr, Urb, Xu, Xu, Xu, Xu, Xos, Xos, Xos, Xos, Xos, Wog^Uov, Xu, Xu, Xu, Xu, Xu, Xu, Xu, Xu, Xu, Xu, Xu, Xu, Xu, Xu, Xu, Xu, Xu
Xu, Xu, Xu, Xu, Xu, Xu, Xuc, Xu, Xu, Urb^Eb, Urb, Urb, Urb, Urb, Urb^Ebn, Urb, Rr, Urb, Cud, Xu, Xu, Xu, Xu, Xu, Xu, Xu, Xu, Xu, Xu, Xu, Xu, Xu, Xu, Xu, Xu, Xu, Uh, Uh, Ur, Xu, Qxu, Qxu, Qxu, Xu, Xu, Xos, Xos, Xos, Xu, Wog^Uov, Wog^Uov, Xu, Xuc, Xu, Xu, Xu, Xu, Xu, Xu, Xu, Xu, Xu, Xu, Xu, Xu, Xu
Xu, Xu, Xu, Xu, Xuc, Xuc, Iwr, Xuc, Cud, Urb, Xu, Xu, Xos, Xos, Xos, Urb, Rr, Urb, Xos, Xos, Xos, Xu, Xu, Xu, Xu, Xu, Xu, Xu, Xu, Xu, Xu, Xu, Xu, Xu, Xu, Uh, Uh, Ur, Uu^Eb, Qxu, Qxu, Qxu, Xu, Xu, Xu, Xu, Xuc, Xuc, Xuc, Xu, Wog, Wog^Uov, Wog^Uov, Xu, Xu, Xu, Xu, Xu, Xu, Xu, Xu, Xu, Xu, Xu, Xu, Xu
Xu, Xu, Xu, Xu, Xuc, Iwr, Iwr^Ii, Iwr, Xuc, Xu, Xu, Xu, Xu, Xu, Xos, Urb, Rr, Urb, Xos, Xos, Xos, Xu, Xu, Xu, Xu, Xu, Xu, Xu, Xu, Xu, Xu, Xu, Xu, Xu, Uh, Uh, Ur, Ur, Qxu, Qxu, Xos, Xu, Xu, Xu, Xu, Xu, Xu, Xuc, Xu, Xu, Qxu, Wog, Wog, Wog^Uov, Wog^Uov, Xu, Xu, Xu, Xu, Xu, Xu, Xu, Xu, Xu, Xu, Xu
Xu, Xu, Xu, Xu, Xuc, Iwr, Iwr, Iwr, Xuc, Xu, Xu, Xu, Xu, Xu, Uh, Urb, Rr, Urb, Xos^Efs, Xos, Xos, Xu, Xu, Xu, Xu, Xu, Xu, Xu, Xu, Xu, Xu, Xu, Xu, Xu, Cud, Uu, Urb, Uh, Qxu, Qxu, Xos, Xu, Xu, Xu, Xu, Xu, Xos^Efs, Xu, Xu, Qxu, Qxu, Qxu, Xu, Wog, Wog^Uov, Xu, Xos, Xu, Xu, Xu, Xu, Xu, Xu, Xu, Xu, Xu
Xu, Xu, Xu, Xu, Xu, Xuc, Xuc, Xuc, Xu, Xu, Xu, Xu, Xu, Uh^Uf, Uu^Vu, Urb, Rr, Urb, Urb, Xos^Efs, Urb, Xu, Uh, Uu^Uf, Wwg, Wwg, Uu^Vu, Xu, Xu, Xu, Xu, Xu, Xos, Xos, Xos^Efs, Xos^Efs, Urb^Ngl\, Rr, Urb, Xos, Xos, Xu, Xu, Xu, Xu, Xos^Efs, Uh, Uh^Uf, Uh, Uh^Vu, Uu, Xos^Efs, Xos^Efs, Wwg, Wog, Xos, Xos, Xos, Xos, Xu, Xu, Xu, Xu, Xu, Xu, Xu
Xu, Xu, Xu, Xu, Xu, Xu, Xu, Xu, Xu, Xu, Xu, Xu, Xu, Uh^Uf, Uu^Eb, Urb, Urb, Rr, Rr, Urb, Rr, Rr, Rr, Wwf^Es, Wwf, Wwf^Em, Uh, Uh, Xu, Xu, Qxu, Qxu, Qxu, Xos, Urb^Ngl\, Urb, Rr, Rr^Ngl\, Urb^Ngl\, Xos, Xu, Xu, Qxu^Xo, Qxu^Xo, Cud, Cud, Uh^Uf, Urb^Uf, Urb, Uh, Ur, Ur, Uu, Wwg, Wwg, Wog, Wog, Xos, Xos, Xos, Xos, Xu, Xu, Xu, Xu, Xu
Xu, Xu, Xu, Xu, Xu, Xu, Xu, Xu, Xu, Xu, Xu, Xu, Qxu, Qxu, Qxu, Qxu, Qxu, Urb, Urb, Rr, Urb, Urb, Urb, Rr, Rr, Uh, Xos, Xu, Xu, Xu, Qxu, Qxu, Urb^Ebn, Urb, Rr, Rr^Ngl\, Urb^Ngl\, Urb, Xos, Xos, Xu, Xu, Qxu^Xo, Qxu, Cud, Uu, Rb, Urb^Emf, Urb^Ii, Urb^Ii, Urb, Urb, Uu^Uf, Uh^Uf, Xu, Wog, Wog, Wog, Wog, Xos, Xos, Xos, Xu, Xu, Xu, Xu
Xu, Xu, Xu, Xu, Xu, Xu, Xu, Xu, Xu, Xu, Xu, Xu, Qxu, Qxu, Qxu, Qxu, Xu, Qxu, Xu, Xu, Xu, Xos, Xos, Urb, Rr, Urb, Xos, Xu, Xu, Xu, Qxu, Qxu, Urb, Rr, Urb, Urb, Xos, Xos, Xos, Xos, Xos, Qxu^Xo, Qxu, Qxu, Urb, Uu, Urb, Urb, Urb, Urb^Ii, Urb, Uu, Uh, Uh^Uf, Xu, Xos, Xos, Wog, Wog, Wog, Xu, Xu, Xu, Xu, Xu, Xu
Xu, Xu, Xu, Xu, Xu, Xu, Xu, Xu, Xu, Xu, Qxu, Qxu, Xu, Qxu, Xu, Qxu, Xu, Xu, Xu, Xu, Xu, Xos, Xos, Urb, Rr, Urb, Xos, Xu, Xu, Xu, Qxu, Qxu, Urb, Rr, Urb, Xos^Efs, Xos^Efs, Xos, Xos, Xos, Xos, Xos, Urb, Urb, Urb, Rb, Rb^Es, Urb, Uu, Urb, Uu, Uh, Urb, Cud, Xu, Xu, Xos, Qxu, Xu, Wog, Xu, Xu, Xu, Xu, Xu, Xu
Xu, Xu, Xu, Xu, Xu, Xu, Xu, Xu, Xu, Xu, Qxu, Xu, Xu, Xu, Xu, Xu, Xos^Efs, Xu, Xu, Xu, Xos, Xos^Efs, Xos^Efs, Urb, Rr, Urb, Xos^Efs, Xos, Xos, Xos, Xos, Qxu, Urb, Rr, Rr, Urb, Urb, Urb, Urb, Xos, Urb^Pr\, Urb, Urb, Urb, Qxu, Qxu, Qxu, Uu, Uu, Urb, Urb, Uu, Urb^Pr/, Xos, Xos^Efs, Xu, Xu, Qxu, Xu, Wog, Wog, Xu, Xu, Xu, Xu, Xu
Xu, Xu, Xu, Xu, Xu, Xu, Xu, Xu, Xu, Xu, Uu^Ngl/, Xu, Xu, Xos, Iwr^Ebn, Xu, Iwr, Xos^Efs, Xos, Xos, Xos, Xos^Efs, Urb, Urb, Rr, Urb, Urb, Xos^Efs, Xos^Efs, Xos, Xos, Xos, Xos, Urb, Urb, Rr, Rr, Rr, Rr, Urb, Urb, Urb^Pr\, Xos, Xos, Xu, Qxu, Xuc, Xuc, Xuc, Xuc, Xos, Urb^Pr/, Urb, Urb, Xos^Efs, Xos^Efs, Uu^Ebn, Qxu, Urb, Wog, Wog, Wog, Wog, Xu, Xu, Xu
Xu, Xu, Xu, Xu, Xu, Xu, Xu, Xu, Xu, Xu, Qxu, Xu, Xu, Xos, Iwr, Iwr, Iwr, Iwr, Xu, Xuc, Cud^Xo, Urb, Rr, Rr, Urb, Rr, Rr^Ngl/, Urb^Ngl/, Urb, Cud, Xos, Xos, Xos, Xos, Xos, Urb, Urb, Urb, Urb, Rr, Urb, Urb^Eb, Xos, Xu, Qxu, Qxu, Xuc, Xuc, Xuc, Xos, Xuc, Xos, Urb, Urb, Urb, Urb, Urb, Urb, Urb, Urb, Uu^Vud, Wog, Wog, Wog^Xo, Wog, Xu
Xu, Xu, Xu, Xu, Xu, Xu, Xu, Xu, Xu, Qxu, Xu, Xu, Xu, Xos, Xuc, Iwr, Xuc, Xuc, Xuc, Xuc, Urb^Xo, Kud, Cud^Xo, Urb, Xos, Urb^Ngl/, Urb, Rr, Rr, Urb, Urb, Cud, Xos, Xos, Xos, Xos, Xos, Xos, Urb, Rr, Urb, Xos, Xu, Xu, Qxu, Qxu, Cud, Cud, Cud, Uu, Uu, Ur, Ur, Urb, Urb, Urb, Rb, Urb, Urb, Uu, Cud, Xuc, Xu, Xu, Xu, Wog
Xu, Xu, Xu, Xu, Xu, Xu, Xu, Xu, Xu, Qxu, Xu, Xu, Xu, Xuc, Xuc, Cud, Xuc, Cud, Urb, Urb, Urb, Urb^Xo, Xuc, Xos, Xos, Xos, Cud, Urb, Urb, Rr, Rr, Urb, Urb, Cud, Xos^Efs, Xos, Urb, Urb, Rr, Rr, Urb^Vud, Xos, Xu, Xu, Xu, Xuc, Cud, Urb^Ii, Cud, Xuc, Xu, Xu, Urb, Urb, Ur, Urb, Rb^Es, Uu, Urb, Cud, 3 Kud, Xuc, Xuc, Xu, Xu, Xu
Xu, Xu, Xu, Xu, Xu, Xu, Xu, Xu, Qxu, Qxu, Xos, Xu, Xos, Xuc, Urb, Urb, Urb, Urb, Urb, Urb, Urb, Xuc, Xuc, Xu, Xu, Xos, Xos, Xos, Cud, Urb, Urb, Rr, Rr, Urb, Urb, Xos^Efs, Urb, Rr, Urb, Urb, Xos, Xos, Xos^_s, Xu^_s, Xu^_s, Xuc, Xuc, Cud, Xuc, Xuc, Xu, Xos, Xos, Uu, Ur, Rb^Es, Uu^Es, Urb, Rb^Es, Cud, Cud, Cud, Cud, Xos^Efs, Xos^Efs, Xu
Xu, Xu, Xu, Xu, Xu, Xu, Xu, Qxu, Xos, Xos, Xos, Xos, Xos, Urb, Cud, Cud, Cud, Urb, Urb, Urb, Urb, Cud, Xuc, Xu, Xu, Xu, Xu, Xos, Xos, Xos^Efs, Cud, Urb, Urb, Rr, Rr, Urb, Rr, Rr, Urb, Xos^Efs, Xos^Efs, Xos, Qxu, Qxu^_s, Qxu^_s, Xu^_s, Xu^_s, Xuc, Xu, Xu, Xu, Xu, Xos, Cud, Xuc, Urb, Urb, Uu, Rb, Uu, Urb, Urb, Urb, Urb, Xu, Xos
Xu, Xu, Xu, Xu, Xu, Xu, Xu, Qxu, Xos, Xos, Xos, Xos, Xos, Urb, Cud, 4 Kud, Cud, Urb^Eb, Urb, Urb, Urb, Urb, Xos^Efs, Xu, Xu, Xu, Xu, Xu, Xu, Xos, Xos, Xos, Xos, Urb, Urb, Rr, Urb, Rr, Rr, Urb, Cud, Qxu, Qxu, Qxu, Qxu, Qxu^_s, Qxu^_s, Xu^_s, Xu^_s, Xu, Xos, Xuc, Iwr, Iwr, Xuc, Xuc, Xos, Uu, Urb, Rb^Es, Urb, Urb, Urb, Urb, Xos, Xos
Xu, Xu, Xu, Xu, Xu, Xu, Xu, Qxu, Xos, Xos, Xos, Xos, Xos, Urb, Urb, Cud, Urb, Urb, Urb, Urb, Urb^Pr/, Urb^Pr/, Urb, Xos^Efs, Xos, Xu, Xu, Xu, Xu, Xu, Xu, Xos, Xos, Xos, Xos, Urb, Qxu, Urb, Urb, Urb, Urb, Cud, Cud, Qxu, Qxu, Qxu, Qxu, Qxu^_s, Qxu^_s, Xu^_s, Xos, Iwr^Eb, Iwr, Iwr, Cud, Xos, Xos, Urb, Urb, Urb, Urb, Urb, Urb, Xos, Xos, Xos
Xu, Xu, Xu, Xu, Xu, Xu, Xos, Qxu, Xos, Xos, Xos, Xos, Xos, Urb, Qxu, Urb, Xos, Urb, Xos, Urb^Pr/, Urb, Urb, Rr, Urb, Urb, Xos^Efs, Xos^Efs, Xu, Xu, Xu, Xu, Xos^Efs, Xos^_s, Xos^_s, Qxu^_s, Qxu, Qxu, Qxu, Urb^Eb, Urb, Urb, Urb, Urb, Cud, Cud, Qxu, Qxu, Qxu, Xos, Xos, Xos, Xuc, Iwr, Iwr, Xuc, Xos, Xos, Xos, Xos, Xu, Xos, Xos, Xos, Urb, Xos, Xos
Xu, Xu, Xu, Xu, Xos^Efs, Xos, Xos, Qxu, Xos, Xos, Xos, Xos, Xos, Xos, Qxu, Xuc, Xu, Xos, Xu, Xos, Xos, Urb, Urb, Rr, Rr, Urb, Urb, Xos, Xos, Xu, Xu, Xos^Efs, Xos^Efs, Qxu^_s, Qxu^_s, Qxu^_s, Qxu^_s, Qxu, Qxu, Urb, Urb, Urb, Urb, Urb, Urb, Cud, Xos, Xos, Xos, Xos, Xos, Xos, Xos, Xuc, Xu, Xu, Xu, Xos, Xos, Xos, Xos, Xos, Xuc, Cud, Xuc, Xos
Xu, Xu, Xos, Xos, Xos, Xos, Xos, Uh, Uh^Pr/, Xos, Xos, Xos, Xos, Xos, Qxu^Xo, Xu, Xu, Xu, Xu, Xu, Xu, Xos, Xos, Urb, Urb, Rr, Urb, Xos, Xos, Xu, Xu, Xu, Xu, Xos^Efs, Xos^Efs, Qxu^_s, Qxu^_s, Qxu^_s, Xos, Xos, Xos, Urb, Urb, Urb, Urb, Xos^Efs, Xos^Efs, Xos, Xue, Xue, Xue, Xos, Xos, Xos, Xos, Xu, Xu, Xu, Xu, Xos, Xos, Xuc, Iwr, Iwr, Iwr, Xos
Xos, Xos, Xos, Xos, Xu, Xu, Xu, Xos, Xos, Uh, Xos, Xos, Uh, Qxu, Xu, Xu, Xu, Xu, Xu, Xu, Xu, Xu, Xos, Xos, Urb, Rr, Urb, Xos, Xos, Xu, Xu, Xu, Xu, Xu, Xu, Xos, Xos^Efs, Xos^Efs, Urb, Urb, Urb, Urb^Pr\, Urb^Pr\, Urb, Urb^Pr/, Urb^Pr/, Urb^Ebn, Xue, Uue, Xue, Uhe^Uf, Qxe, Qxe, Xos, Xos, Xos, Xu, Xu, Xu, Xos, Xos, Iwr^Eb, Iwr, Iwr, Cud, Xos
Xos, Xos, Uu^Em, Xu, Xu, Xu, Xu, Xos, Cud, Uu^Es, Uu^Es, Uh^Pr\, Xos, Xu, Xu, Xu, Xu, Xu, Xu, Xu, Xos, Xos, Xos^Efs, Xos^Efs, Urb, Rr, Urb, Xos^Efs, Xos^Efs, Xos, Xos, Xu, Xu, Xu, Xu, Xos, Urb, Urb, Re, Urb, Urb, Urb, Xos, Xos, Urb^Ebn, Urb, Urb, Urb, Urb, Uue, Uhe, Uhe, Qxe, Xue, Xos, Xos, Xu, Xu, Xu, Xos, Xos, Iwr, Xuc, Iwr, Xos, Xos
Xu, Uu^Uf, Uu^Uf, Uu, Uu^Es, Uu^Vud, Rb, Xu, Uu^Br|, Urb, Uh, Uu, Xos, Xos, Xu, Xu, Xu, Xu, Xu, Xos, Xos, Cud, Urb, Urb, Rr, Rr, Rr, Urb, Urb, Cud, Xos, Xos, Xos, Xu, Xu, Xos, Urb, Urb, Urb, Urb, Xos, Xos, Xue, Xue, Urb, Urb, Urb, Urb, 1 Urb, Re, Xue, Uhe, Uhe, Xue, Xos, Xos, Xu, Xuc, Xu, Xu, Xu, Xos, Xos, Xos, Xu, Xu
Xu, Uh^Uf, Uh, Uh, Urb, Urb, Rb^Br/, Rb^Br/, Rb^Es, Rb, Xu, Uu^Ii, Xos, Xos, Xu, Xu, Xu, Xu, Xu, Xos, Cud, Cud, Urb, Urb, Rr, Uh^Ii, Rr, Urb, Urb, Cud, Cud, Xos, Xos, Xu, Xu, Xos, Xos, Urb, Urb, Urb, Xos, Xue, Uue, Uhe, Wwf, Urb, Rb, Urb, Urb, Urb, Re^Es, Uhe, Uue, Xos, Xos, Xos, Xu, Xu, Xu, Xu, Xu, Xu, Xu, Xu, Xu, Xu
Xu, Xu, Uh, Uu, Urb, Urb^Br|, Urb, Urb, Uu, Cud, Xu, Xos, Xos, Xos, Xu, Xu, Xu, Xu, Xu, Xos, Xos, Xos, Xos, Urb, Urb, Rr, Urb, Urb, Xos, Xos, Xos, Xos, Xos, Xu, Xu, Xu, Xu, Xos, Xos, Xos, Xos, Uhe^Uf, Uhe, Uue, Wwf^Es, Urb, Re^Edb, Urb, Uue, Urb, Re^Es, Re^Es, Xue, Xos, Xu, Xu, Xu, Xu, Xu, Xu, Xu, Xu, Xu, Xu, Xu, Xu
Xu, Xu, Uh, Urb, Urb, Urb^Br|, Urb, Urb, Qxu, Xu, Xu, Xu, Xos, Xos, Xos, Xu, Xu, Xu, Qxu^Xo, Xos, Xos, Xos, Urb, Urb, Urb, Urb, Urb, Urb, Urb, Xos, Xos, Xos, Xos, Xu, Xos, Xos, Xos, Xu, Xu, Xu, Xu, Xos, Uhe, Wwf, Wwf, Urb, Uue, Re^Edb, Uhe, Uue, Urb, Uue, Xue, Xu, Xu, Xu, Xu, Xu, Xu, Xu, Xu, Xu, Xu, Xu, Xu, Xu
Xu, Xu, Uh^Vu, Uu, Uh, Urb^Br\, Urb^Br\, Uu, Cud, Xos^Efs, Xos^Efs, Xos, Xos, Xos, Xos, Xos, Xos, Qxu^Xo, Qxu, Urb, Urb, Xos, Xos, Urb, Urb, Urb, Urb, Urb, Xos, Xos, Urb, Xos, Xos, Xos, Uu^Uf, Uh^Uf, Urb^Edb, Xos, Xos, Xu, Xu, Xu, Qxe, Urb, Qxe, Wwf^Em, Xue, Uhe^Uf, Uhe^Uf, Uhe, Qxe, Qxe, Qxu, Xu, Xu, Xu, Xu, Xu, Xu, Xu, Xu, Xu, Xu, Xu, Xu, Xu
Xu, Xu, Xu, Uh, Xu, Uh, Uh, Cud, Rr, Urb, Urb, Urb^Ebn, Urb, Xos, Xos, Xos, Urb^Eb, Qxu, Qxu^Bcx/, Urb, Urb, Xos, Xos, Xos, Xos, Xos, Xos, Xos, Xos, Xos, Urb, Xos^Efs, Xos^Efs, Xos, Uu, Urb^Edt, Uu^Es, Uh, Xos, Xu, Xu, Xu, Qxu^Xo, Qxe, Xue, Xue, Xu, Xos, Xos, Xos, Xos, Qxu, Qxu^Xo, Xu, Xu, Xu, Xu, Xu, Xu, Xu, Xu, Xu, Xu, Xu, Xu, Xu
Xu, Xu, Xu, Uh, Xu, Xu, Xu, Cud, Urb, Rr, Rr, Urb, Urb, Xos^Efs, Xos^Efs, Xos, Urb, Rr, Qxu, Qxu, Qxu^Xo, Xos, Xos, Xos, Xos, Xos, Xos, Xos, Xuc, Urb, Urb, Urb, Urb, Urb^Pr\, Xos, Urb^Es, Xos, Xos, Xu, Xu, Xu, Xu, Xu, Qxu^Xo, Xu, Xu, Xu, Xu, Xu, Xos, Xu, Qxu^Xo, Qxe, Qxu, Xu, Xu, Xu, Xu, Xu, Xu, Xu, Xu, Xu, Xu, Xu, Xu
Xu, Xu, Xu, Xu, Xu, Xu, Xu, Xos, Urb^Ebn, Urb, Urb, Rr, Rr, Urb, Urb, Urb, Rr, Rr, Urb^Eb, Qxu^Xo, Qxu, Xos, Xos, Xos, Xos, Xos, Xos, Xu, Xuc, Urb, Urb, Urb, Xu, Xu, Xos^Efs, Xos^Efs, Xu, Xu, Wwf, Xuc, Xu, Xu, Xu, Xu, Xu, Xu, Xu, Xu, Xu, Xu, Xu, Xu, Xu, Xu, Xu, Xu, Xu, Xu, Xu, Xu, Xu, Xu, Xu, Xu, Xu, Xu
Xu, Xu, Xu, Xu^Uov, Xu, Xu, Xu, Xos, Xos, Urb, Xos, Urb, Urb, Rr, Rr, Rr, Xos, Xos, Xos, Xos, Xos, Xos, Xos, Xos, Xos, Xos, Xos, Xu, Xuc, Urb, Urb, Urb, Xos^Efs, Xu, Uh, Uh, Uh, Wwf, Uh^Uf, Xu, Xu, Xu, Xu, Xu, Xu, Xu, Xu, Xu, Xu, Xu, Xu, Xu, Xu, Xu, Xu, Xu, Xu, Xu, Xu, Xu, Xu, Xu, Xu, Xu, Xu, Xu
Xu, Xu, Xu, Xu^Uov, Xu, Xu, Xu, Xu, Xu, Xos, Xos, Xos, Xos, Urb, Urb, Urb, Xos, Xos, Xos, Xos, Xos, Xos, Xos, Xos, Xos, Xos, Xos, Xu, Xu, Xuc, Xos^Efs, Urb^Pr/, Urb, Xu, Uu^Ebn, Uu, Uu^Es, Uu^Es, Uu^Uf, Uh^Uf, Xu, Xu, Xu, Xu, Xu, Xu, Xu, Xu, Xu, Xu, Xu, Xu, Xu, Xu, Xu, Xu, Xu, Xu, Xu, Xu, Xu, Xu, Xu, Xu, Xu, Xu
Xu, Xu, Xu, Xu^Uov, Xu^Uov, Xu, Xu, Xu, Xu, Xu, Xu, Xos, Xos, Urb, Xos, Xos, Xos, Xos, Xos, Xos, Xos, Xos, Xos, Xos, Xu, Xos, Uu, Xu, Uu, Xu, Xu, Urb, Urb, Urb, Urb, Urb, Urb, Uu^Es, Uu, Uh^Uf, Wwf, Xos, Xu, Xu, Xu, Xu, Xu, Xu, Xu, Xu, Xu, Xu, Xu, Xu, Xu, Xu, Xu, Xu, Xu, Xu, Xu, Xu, Xu, Xu, Xu, Xu
Xu, Xu, Xu, Xu, Xu, Xu^Uov, Xu^Uov, Xu, Xu, Xu, Xos, Xos, Xos, Xos, Xos, Xos, Xu, Xos, Xos, Xos, Xos, Xos, Xu, Xu, Xu, Uu^Emf, Uu, Uh, Uh, Uh, Uu^Es, Uu^Ebn, Urb, Urb, Urb^Ii, Urb, Urb, Uu^Es, Uu, Wwf, Xu, Xos, Xu, Xu, Xu, Xu, Xu, Xu, Xu, Xu, Xu, Xu, Xu, Xu, Xu, Xu, Xu, Xu, Xu, Xu, Xu, Xu, Xu, Xu, Xu, Xu
Xu, Xu, Xu, Xu, Xu, Xu, Xu, Xu^Uov, Uh, Xos, Xos, Xos, Xos^Efs, Xos, Xos, Xu, Xu, Xu, Xu, Xos, Xos, Xos, Xu, Xu, Uh, Uh^Uf, Xu, Uh, Xu, Uu^Es, Wwf, Uu, Urb, Urb^Ii, Urb^Ii, Urb^Ii, Urb, Urb, Uu, Wwf, Xu, Xu, Xu, Xu, Xu, Xu, Xu, Xu, Xu, Xu, Xu, Xu, Xu, Xu, Xu, Xu, Xu, Xu, Xu, Xu, Xu, Xu, Xu, Xu, Xu, Xu
Xu, Xu, Xu, Xu, Xu, Xuc, Xos, Xos, Xos, Uh, Uu^Pr/, Xos^Efs, Uu, Uh, Uu^Emf, Uh^Uf, Uh^Uf, Xu, Xos, Xos, Xos, Xos, Xu^Uov, Xu, Xu, Uh^Uf, Xu, Xu, Xu, Xu, Wwf^Em, Uu, Uu, Urb, Urb, Urb, Uu^Es, Uu, Uu, Uh, Uh, Xu, Xu, Xu, Xu, Xu, Xu, Xu, Xu, Xu, Xu, Xu, Xu, Xu, Xu, Xu, Xu, Xu, Xu, Xu, Xu, Xu, Xu, Xu, Xu, Xu
Xu, Xu, Xu, Xu, Xu, Xu, Xu, Xos, Xos, Xos, Uu^Es, Uu, Urb^Ii, Uu^Es, Urb, Uh, Xos, Xos, Xos, Xos, Uh, Xos^Uov, Xos, Xu, Xu, Xu, Xu, Xu, Xu, Xos, Wwf, Wwf, Uh, Uu, Uu^Es, Uu^Es, Uu, Xu, Xu, Uh^Uf, Xu, Xu, Xu, Xu, Xu, Xu, Xu, Xu, Xu, Xu, Xu, Xu, Xu, Xu, Xu, Xu, Xu, Xu, Xu, Xu, Xu, Xu, Xu, Xu, Xu, Xu
Xu, Xu, Xu, Xu, Xu, Xu, Xos, Xos, Xos, Uu^Ebn, Urb^Es, Urb, Urb, Urb^Es, Urb, Xos^Efs, Xos^Efs, Xos, Uu, Uh, Xos, Xos, Xos, Xos, Xos, Xu, Xu, Xu, Xos, Xos, Xos, Xu, Xu, Uh, Xu, Uh, Xos, Xos, Xos, Xu, Xu, Xu, Xu, Xu, Xu, Xu, Xu, Xu, Xu, Xu, Xu, Xu, Xu, Xu, Xu, Xu, Xu, Xu, Xu, Xu, Xu, Xu, Xu, Xu, Xu, Xu
Xu, Xu, Xu, Xu, Xu, Xos, Xos, Xos, Urb^Pr\, Urb, Urb, Urb^Es, Xos, Uu^Vud, Urb, Uu, Uu, Uu^Pr\, Xos, Xos, Xos, Xos, Xos, Xos, Xos, Xos, Xos, Xos, Xos, Xos, Xos, Xu, Xu, Xu, Xu, Xos, Xos, Xos, Xu, Xu, Xu, Xu, Xu, Xu, Xu, Xu, Xu, Xu, Xu, Xu, Xu, Xu, Xu, Xu, Xu, Xu, Xu, Xu, Xu, Xu, Xu, Xu, Xu, Xu, Xu, Xu
Xu, Xu, Xu, Xu, Xu, Xos, Xos, Uu, Urb, Urb^Pr\, Xos, Xos, Xos, Uu^Uf, Uh^Emf, Uh^Uf, Uh^Uf, Xos, Xos, Xos, Xos, Xos, Xos, Xos, Xos, Xos, Xos, Xos, Xos, Xos, Xos, Xu, Xu, Xu, Xu, Xu, Xu, Xu, Xu, Xu, Xu, Xu, Xu, Xu, Xu, Xu, Xu, Xu, Xu, Xu, Xu, Xu, Xu, Xu, Xu, Xu, Xu, Xu, Xu, Xu, Xu, Xu, Xu, Xu, Xu, Xu
Xu, Xu, Xu, Xu, Xu, Xos, Xos, Uu, Xos, Xos, Xos, Xos, Xos, Xos, Xos, Uh^Uf, Qxu, Qxu, Xos, Xos, Xos, Xos, Xos, Xos, Xos, Xos, Xos, Xos, Xos, Xos, Xos, Xos, Xos, Xu, Xu, Xu, Xu, Xu, Xu, Xu, Xu, Xu, Xu, Xu, Xu, Xu, Xu, Xu, Xu, Xu, Xu, Xu, Xu, Xu, Xu, Xu, Xu, Xu, Xu, Xu, Xu, Xu, Xu, Xu, Xu, Xu
Xu, Xu, Xu, Xu, Xu, Xos, Xos, Xos, Xos, Xos, Xos, Xos, Xos, Xos, Xos, Xos, Xos, Xos, Xos, Xos, Xos, Xos, Xos, Xos, Xos, Xos, Xos, Xos, Xos, Xos, Xos, Xos, Xos, Xos, Xos, Xu, Xu, Xu, Xu, Xu, Xu, Xu, Xu, Xu, Xu, Xu, Xu, Xu, Xu, Xu, Xu, Xu, Xu, Xu, Xu, Xu, Xu, Xu, Xu, Xu, Xu, Xu, Xu, Xu, Xu, Xu
