border_size=1
usage=map

Xu, Xu, Xu, Xu, Xu, Xu, Xu, Xu, Xu, Xu, Xu, Xu, Xu, Xu, Xu, Xu, Xu, Xu, Xu, Xu, Xu, Xu, Xu, Xu, Xu, Xu, Xu, Xu, Xu, Xu^Zos, Xos^Zos, Xos^Zos, Urb^Zos, Urb^Zos, Urb^Zos, Xos^Zos, Xos^Zos, Xu^Zos, Xu, Xu, Xu, Xu, Xu, Xu, Xu, Xu, Xu, Xu, Xu, Xu, Xu, Xu, Xu, Xu, Xu, Xu, Xu, Xu, Xu, Xu, Xu, Xu, Xu, Xu, Xu, Xu
Xu, Xu, Xu, Xu, Xu, Xu, Xu, Xu, Xu, Xu, Xu, Xu, Xu, Xu, Xu, Xu, Xu, Xu, Xu, Xu, Xu, Xu, Xu, Xu, Xu, Xu, Xu, Xu, Xu, Xu^Zos, Xos^Zos, Xos^Zos, Urb^Zos, Urb^Zos, Urb^Zos, Xos^Zos, Xos^Zos, Xu^Zos, Xu, Xu, Xu, Xu, Xu, Xu, Xu, Xu, Xu, Xu, Xu, Xu, Xu, Xu, Xu, Xu, Xu, Xu, Xu, Xu, Xu, Xu, Xu, Xu, Xu, Xu, Xu, Xu
Xu, Xu, Xu, Xu, Xu, Xu, Xu, Xu, Xu, Xu, Xu, Xu, Xu, Xu, Xu, Xu, Xu, Xu, Xu, Xu, Xu, Xu, Xu, Xu, Xu, Xu, Xu, Xu, Xu, Xu^Zos, Xos^Zos, Xos^Zos, Urb^Zos, Urb^Zos, Urb^Zos, Xos^Zos, Xos^Zos, Xu^Zos, Xu, Xu, Xu, Xu, Xu, Xu, Xu, Xu, Xu, Xu, Qxu, Xu, Uh, Xu, Xu, Xu, Xu, Xu, Xu^Zos, Xu^Zos, Xu^Zos, Xu, Xu, Xu, Xu, Xu, Xu, Xu
Xu, Xu, Xu, Xu, Xu, Xu, Xu, Xu, Xu, Xu, Xu, Xu, Xu, Xu, Xu, Xu, Xu, Xu, Xu, Xu, Xu, Xu, Xu, Xu, Xu, Xu, Xu, Xu, Xu, Xu^Zos, Xos^Zos, Xos^Zos, Urb^Zos, Urb^Zos, Urb^Zos, Xos^Zos, Xos^Zos, Xu^Zos, Xu, Xu, Xu, Xu, Xu, Xu, Xu, Xu, Xu, Qxu, Uh^Ii, Uh, Xu, Uh, Uh, Xu, Xu, Xu^Zos, Wog^Zos, Xu^Zos, Xu^Zos, Xu^Zos, Xu, Xu, Xu, Xu, Xu, Xu
Xu, Xu, Xu, Xu, Xu, Xu, Xu, Xu, Xos, Xos, Xos, Xu, Xu, Xu, Qxu, Xu, Qxu, Qxu, Qxu, Qxu, Qxu, Xu, Xu, Xu, Xu, Xu, Xu, Xu, Xu, Xu^Zos, Xos^Zos, Xos^Zos, Urb, Urb, Urb, Xos^Zos, Xos^Zos, Xu^Zos, Xu, Xu, Xu, Xu, Xu, Xu, Xu, Xu, Xu, Qxu, Qxu, Qxu, Xu, Xu, Xu, Uh, Wog^Uov, Wog, Xu, Xu^Zos, Xu, Xu, Xu, Xu, Xu, Xu, Xu, Xu
Xu, Xu, Xu, Xu, Xu, Xu, Xos, Xos, Xos, Xos, Xos, Xos, Xos, Xu, Uh^Vud, Qxu, Qxu, Qxu, Qxu, Qxu, Qxu, Qxu, Xol, Xu, Xu, Xu, Xu, Xu, Xu, Xu^Zos, Xos, Xos, Urb, Urb, Urb, Xol, Xol, Xos^Zos, Xos, Xu, Xu, Xu, Xu, Xu, Xu, Xu, Xu, Xu, Xu, Xu, Xu, Xu, Xu, Xu, Wog^Uov, Xu, Xu, Xu, Xu, Xu, Xu, Xu, Xu, Xu, Xu, Xu
Xu, Xu, Xu, Xu, Xos, Xos, Xos, Xos, Urb, Uu, Rb^Ii, Xos, Xos, Xu, Uh, Qxu, Cud, Cud, 2 Kud, Cud, Cud, Uu, Uh, Xol, Xu, Xu, Xu, Xu, Xu, Xu, Xos, Xos, Urb, Urb, Urb, Urb, Cud, Xos, Xos, Xos, Xos, Xu, Xu, Xu, Xu, Xu, Xu, Xu, Xos, Xos, Xos, Xu, Wog^Uov, Wog^Uov, Xu, Xu, Xu, Xu, Xu, Xu, Xu, Xu, Xu, Xu, Xu, Xu
Xu, Xu, Xu, Xos, Xos, Xos, Urb, Urb, Urb, Rb, Urb^Ng/, Xol, Xol, Xol, Uh, Uu, Uh, Cud, Uu, Cud, Uu^Es, Uu, Uh, Xos, Xu, Xu, Xu, Xu, Xu, Xu, Xu, Xos, Xos, Urb, Cud, Kud, Rr, Urb, Urb, Xos, Xos, Xos, Xos, Xu, Xu, Xu, Xos, Xos, Xos, Xos, Wwf, Wwf^Xo, Xu, Xu, Xu, Xu, Xu, Xu, Xu, Xu, Xu, Xu, Xu, Xu, Xu, Xu
Xu, Xu, Xu, Xu, Xu, Xos, Xos, Uu, Xos, Urb^Ng/, Urb, Uu, Rb, Rb^Es, Uu, Uh, Urb, Urb, Uu, Rb, Rb^Es, Uh, Xu, Xos, Xu, Xu, Xu, Xu, Xu, Xu, Xu, Xu, Xu, Xos, Xos, Urb, Urb, Rr, Urb, Xos, Xu, Xos, Xos, Xos, Xos, Xos, Xos, Xos, Wog^Uov, Wog^Uov, Xu, Xu, Xu, Xu, Xu, Xu, Xu, Xu, Xu, Xu, Xu, Xu, Xu, Xu, Xu, Xu
Xu, Xu, Xu, Xu, Xu, Xu, Xu, Xos, Xu, Xol, Urb, Urb, Urb, Uu, Urb, Uu, Urb, Urb, Urb, Urb, Xu, Cud, Xu, Xu, Xu, Xu, Xu, Xu, Xu, Xu, Xu, Xu, Xu, Xu, Wog^Xo, Wog, Wwf, Rr, Urb, Xu, Xu, Xu, Xu, Xos, Xos, Xos, Xos, Xos, Wog^Uov, Xu, Xu, Xu, Xu, Xu, Xu, Xu, Xu, Xu, Xu, Xu, Xu, Xu, Xu, Xu, Xu, Xu
Xu, Xu, Xu, Xu, Xu, Xu, Xuc, Xu, Xu, Urb^Bzl, Urb, Urb, Urb, Urb, Urb^Bzn, Urb, Rr, Urb, Cud, Xu, Xu, Xu, Xu, Xu, Xu, Xu, Xu, Xu, Xu, Xu, Xu, Xu, Xu, Xu, Xu, Xu, Uh, Uh, Ur, Xu, Qxu, Qxu, Qxu, Xu, Xu, Xos, Xos, Xos, Xu, Wog^Uov, Wog^Uov, Xu, Xuc, Xu, Xu, Xu, Xu, Xu, Xu, Xu, Xu, Xu, Xu, Xu, Xu, Xu
Xu, Xu, Xu, Xu, Xuc, Xuc, Iwr, Xuc, Cud, Urb, Xu, Xu, Xos, Xos, Xos, Urb, Rr, Urb, Xos, Xos, Xos, Xu, Xu, Xu, Xu, Xu, Xu, Xu, Xu, Xu, Xu, Xu, Xu, Xu, Xu, Uh, Uh, Ur, Uu^Bzl, Qxu, Qxu, Qxu, Xu, Xu, Xu, Xu, Xuc, Xuc, Xuc, Xu, Wog, Wog^Uov, Wog^Uov, Xu, Xu, Xu, Xu, Xu, Xu, Xu, Xu, Xu, Xu, Xu, Xu, Xu
Xu, Xu, Xu, Xu, Xuc, Iwr, Iwr^Ii, Iwr, Xuc, Xu, Xu, Xu, Xu, Xu, Xos, Urb, Rr, Urb, Xos, Xos, Xos, Xu, Xu, Xu, Xu, Xu, Xu, Xu, Xu, Xu, Xu, Xu, Xu, Xu, Uh, Uh, Ur, Ur, Qxu, Qxu, Xos, Xu, Xu, Xu, Xu, Xu, Xu, Xuc, Xu, Xu, Qxu, Wog, Wog, Wog^Uov, Wog^Uov, Xu, Xu, Xu, Xu, Xu, Xu, Xu, Xu, Xu, Xu, Xu
Xu, Xu, Xu, Xu, Xuc, Iwr, Iwr, Iwr, Xuc, Xu, Xu, Xu, Xu, Xu, Uh, Urb, Rr, Urb, Xol, Xos, Xos, Xu, Xu, Xu, Xu, Xu, Xu, Xu, Xu, Xu, Xu, Xu, Xu, Xu, Cud, Uu, Urb, Uh, Qxu, Qxu, Xos, Xu, Xu, Xu, Xu, Xu, Xol, Xu, Xu, Qxu, Qxu, Qxu, Xu, Wog, Wog^Uov, Xu, Xos, Xu, Xu, Xu, Xu, Xu, Xu, Xu, Xu, Xu
Xu, Xu, Xu, Xu, Xu, Xuc, Xuc, Xuc, Xu, Xu, Xu, Xu, Xu, Uh^Uf, Uu^Vu, Urb, Rr, Urb, Urb, Xol, Urb, Xu, Uh, Uu^Uf, Wwg, Wwg, Uu^Vu, Xu, Xu, Xu, Xu, Xu, Xos, Xos, Xol, Xol, Urb^Ngl\, Rr, Urb, Xos, Xos, Xu, Xu, Xu, Xu, Xol, Uh, Uh^Uf, Uh, Uh^Vu, Uu, Xol, Xol, Wwg, Wog, Xos, Xos, Xos, Xos, Xu, Xu, Xu, Xu, Xu, Xu, Xu
Xu, Xu, Xu, Xu, Xu, Xu, Xu, Xu, Xu, Xu, Xu, Xu, Xu, Uh^Uf, Uu^Bzl, Urb, Urb, Rr, Rr, Urb, Rr, Rr, Rr, Wwf^Es, Wwf, Wwf^Em, Uh, Uh, Xu, Xu, Qxu, Qxu, Qxu, Xos, Urb^Ngl\, Urb, Rr, Rr^Ngl\, Urb^Ngl\, Xos, Xu, Xu, Qxu^Xo, Qxu^Xo, Cud, Cud, Uh^Uf, Urb^Uf, Urb, Uh, Ur, Ur, Uu, Wwg, Wwg, Wog, Wog, Xos, Xos, Xos, Xos, Xu, Xu, Xu, Xu, Xu
Xu, Xu, Xu, Xu, Xu, Xu, Xu, Xu, Xu, Xu, Xu, Xu, Qxu, Qxu, Qxu, Qxu, Qxu, Urb, Urb, Rr, Urb, Urb, Urb, Rr, Rr, Uh, Xos, Xu, Xu, Xu, Qxu, Qxu, Urb^Bzn, Urb, Rr, Rr^Ngl\, Urb^Ngl\, Urb, Xos, Xos, Xu, Xu, Qxu^Xo, Qxu, Cud, Uu, Rb, Urb^Emf, Urb^Ii, Urb^Ii, Urb, Urb, Uu^Uf, Uh^Uf, Xu, Wog, Wog, Wog, Wog, Xos, Xos, Xos, Xu, Xu, Xu, Xu
Xu, Xu, Xu, Xu, Xu, Xu, Xu, Xu, Xu, Xu, Xu, Xu, Qxu, Qxu, Qxu, Qxu, Xu, Qxu, Xu, Xu, Xu, Xos, Xos, Urb, Rr, Urb, Xos, Xu, Xu, Xu, Qxu, Qxu, Urb, Rr, Urb, Urb, Xos, Xos, Xos, Xos, Xos, Qxu^Xo, Qxu, Qxu, Urb, Uu, Urb, Urb, Urb, Urb^Ii, Urb, Uu, Uh, Uh^Uf, Xu, Xos, Xos, Wog, Wog, Wog, Xu, Xu, Xu, Xu, Xu, Xu
Xu, Xu, Xu, Xu, Xu, Xu, Xu, Xu, Xu, Xu, Qxu, Qxu, Xu, Qxu, Xu, Qxu, Xu, Xu, Xu, Xu, Xu, Xos, Xos, Urb, Rr, Urb, Xos, Xu, Xu, Xu, Qxu, Qxu, Urb, Rr, Urb, Xol, Xol, Xos, Xos, Xos, Xos, Xos, Urb, Urb, Urb, Rb, Rb^Es, Urb, Uu, Urb, Uu, Uh, Urb, Cud, Xu, Xu, Xos, Qxu, Xu, Wog, Xu, Xu, Xu, Xu, Xu, Xu
Xu, Xu, Xu, Xu, Xu, Xu, Xu, Xu, Xu, Xu, Qxu, Xu, Xu, Xu, Xu, Xu, Xol, Xu, Xu, Xu, Xos, Xol, Xol, Urb, Rr, Urb, Xol, Xos, Xos, Xos, Xos, Qxu, Urb, Rr, Rr, Urb, Urb, Urb, Urb, Xos, Urb^Ng\, Urb, Urb, Urb, Qxu, Qxu, Qxu, Uu, Uu, Urb, Urb, Uu, Urb^Ng/, Xos, Xol, Xu, Xu, Qxu, Xu, Wog, Wog, Xu, Xu, Xu, Xu, Xu
Xu, Xu, Xu, Xu, Xu, Xu, Xu, Xu, Xu, Xu, Uu^Ngl/, Xu, Xu, Xos, Iwr^Bzn, Xu, Iwr, Xol, Xos, Xos, Xos, Xol, Urb, Urb, Rr, Urb, Urb, Xol, Xol, Xos, Xos, Xos, Xos, Urb, Urb, Rr, Rr, Rr, Rr, Urb, Urb, Urb^Ng\, Xos, Xos, Xu, Qxu, Xuc, Xuc, Xuc, Xuc, Xos, Urb^Ng/, Urb, Urb, Xol, Xol, Uu^Bzn, Qxu, Urb, Wog, Wog, Wog, Wog, Xu, Xu, Xu
Xu, Xu, Xu, Xu, Xu, Xu, Xu, Xu, Xu, Xu, Qxu, Xu, Xu, Xos, Iwr, Iwr, Iwr, Iwr, Xu, Xuc, Cud^Xo, Urb, Rr, Rr, Urb, Rr, Rr^Ngl/, Urb^Ngl/, Urb, Cud, Xos, Xos, Xos, Xos, Xos, Urb, Urb, Urb, Urb, Rr, Urb, Urb^Bzl, Xos, Xu, Qxu, Qxu, Xuc, Xuc, Xuc, Xos, Xuc, Xos, Urb, Urb, Urb, Urb, Urb, Urb, Urb, Urb, Uu^Vud, Wog, Wog, Wog^Xo, Wog, Xu
Xu, Xu, Xu, Xu, Xu, Xu, Xu, Xu, Xu, Qxu, Xu, Xu, Xu, Xos, Xuc, Iwr, Xuc, Xuc, Xuc, Xuc, Urb^Xo, Kud, Cud^Xo, Urb, Xos, Urb^Ngl/, Urb, Rr, Rr, Urb, Urb, Cud, Xos, Xos, Xos, Xos, Xos, Xos, Urb, Rr, Urb, Xos, Xu, Xu, Qxu, Qxu, Cud, Cud, Cud, Uu, Uu, Ur, Ur, Urb, Urb, Urb, Rb, Urb, Urb, Uu, Cud, Xuc, Xu, Xu, Xu, Wog
Xu, Xu, Xu, Xu, Xu, Xu, Xu, Xu, Xu, Qxu, Xu, Xu, Xu, Xuc, Xuc, Cud, Xuc, Cud, Urb, Urb, Urb, Urb^Xo, Xuc, Xos, Xos, Xos, Cud, Urb, Urb, Rr, Rr, Urb, Urb, Cud, Xol, Xos, Urb, Urb, Rr, Rr, Urb^Vud, Xos, Xu, Xu, Xu, Xuc, Cud, Urb^Ii, Cud, Xuc, Xu, Xu, Urb, Urb, Ur, Urb, Rb^Es, Uu, Urb, Cud, 3 Kud, Xuc, Xuc, Xu, Xu, Xu
Xu, Xu, Xu, Xu, Xu, Xu, Xu, Xu, Qxu, Qxu, Xos, Xu, Xos, Xuc, Urb, Urb, Urb, Urb, Urb, Urb, Urb, Xuc, Xuc, Xu, Xu, Xos, Xos, Xos, Cud, Urb, Urb, Rr, Rr, Urb, Urb, Xol, Urb, Rr, Urb, Urb, Xos, Xos, Xos^Zos, Xu^Zos, Xu^Zos, Xuc, Xuc, Cud, Xuc, Xuc, Xu, Xos, Xos, Uu, Ur, Rb^Es, Uu^Es, Urb, Rb^Es, Cud, Cud, Cud, Cud, Xol, Xol, Xu
Xu, Xu, Xu, Xu, Xu, Xu, Xu, Qxu, Xos, Xos, Xos, Xos, Xos, Urb, Cud, Cud, Cud, Urb, Urb, Urb, Urb, Cud, Xuc, Xu, Xu, Xu, Xu, Xos, Xos, Xol, Cud, Urb, Urb, Rr, Rr, Urb, Rr, Rr, Urb, Xol, Xol, Xos, Qxu, Qxu^Zos, Qxu^Zos, Xu^Zos, Xu^Zos, Xuc, Xu, Xu, Xu, Xu, Xos, Cud, Xuc, Urb, Urb, Uu, Rb, Uu, Urb, Urb, Urb, Urb, Xu, Xos
Xu, Xu, Xu, Xu, Xu, Xu, Xu, Qxu, Xos, Xos, Xos, Xos, Xos, Urb, Cud, 4 Kud, Cud, Urb^Bzl, Urb, Urb, Urb, Urb, Xol, Xu, Xu, Xu, Xu, Xu, Xu, Xos, Xos, Xos, Xos, Urb, Urb, Rr, Urb, Rr, Rr, Urb, Cud, Qxu, Qxu, Qxu, Qxu, Qxu^Zos, Qxu^Zos, Xu^Zos, Xu^Zos, Xu, Xos, Xuc, Iwr, Iwr, Xuc, Xuc, Xos, Uu, Urb, Rb^Es, Urb, Urb, Urb, Urb, Xos, Xos
Xu, Xu, Xu, Xu, Xu, Xu, Xu, Qxu, Xos, Xos, Xos, Xos, Xos, Urb, Urb, Cud, Urb, Urb, Urb, Urb, Urb^Ng/, Urb^Ng/, Urb, Xol, Xos, Xu, Xu, Xu, Xu, Xu, Xu, Xos, Xos, Xos, Xos, Urb, Qxu, Urb, Urb, Urb, Urb, Cud, Cud, Qxu, Qxu, Qxu, Qxu, Qxu^Zos, Qxu^Zos, Xu^Zos, Xos, Iwr^Bzl, Iwr, Iwr, Cud, Xos, Xos, Urb, Urb, Urb, Urb, Urb, Urb, Xos, Xos, Xos
Xu, Xu, Xu, Xu, Xu, Xu, Xos, Qxu, Xos, Xos, Xos, Xos, Xos, Urb, Qxu, Urb, Xos, Urb, Xos, Urb^Ng/, Urb, Urb, Rr, Urb, Urb, Xol, Xol, Xu, Xu, Xu, Xu, Xol, Xos^Zos, Xos^Zos, Qxu^Zos, Qxu, Qxu, Qxu, Urb^Bzl, Urb, Urb, Urb, Urb, Cud, Cud, Qxu, Qxu, Qxu, Xos, Xos, Xos, Xuc, Iwr, Iwr, Xuc, Xos, Xos, Xos, Xos, Xu, Xos, Xos, Xos, Urb, Xos, Xos
Xu, Xu, Xu, Xu, Xol, Xos, Xos, Qxu, Xos, Xos, Xos, Xos, Xos, Xos, Qxu, Xuc, Xu, Xos, Xu, Xos, Xos, Urb, Urb, Rr, Rr, Urb, Urb, Xos, Xos, Xu, Xu, Xol, Xol, Qxu^Zos, Qxu^Zos, Qxu^Zos, Qxu^Zos, Qxu, Qxu, Urb, Urb, Urb, Urb, Urb, Urb, Cud, Xos, Xos, Xos, Xos, Xos, Xos, Xos, Xuc, Xu, Xu, Xu, Xos, Xos, Xos, Xos, Xos, Xuc, Cud, Xuc, Xos
Xu, Xu, Xos, Xos, Xos, Xos, Xos, Uh, Uh^Ng/, Xos, Xos, Xos, Xos, Xos, Qxu^Xo, Xu, Xu, Xu, Xu, Xu, Xu, Xos, Xos, Urb, Urb, Rr, Urb, Xos, Xos, Xu, Xu, Xu, Xu, Xol, Xol, Qxu^Zos, Qxu^Zos, Qxu^Zos, Xos, Xos, Xos, Urb, Urb, Urb, Urb, Xol, Xol, Xos, Xue, Xue, Xue, Xos, Xos, Xos, Xos, Xu, Xu, Xu, Xu, Xos, Xos, Xuc, Iwr, Iwr, Iwr, Xos
Xos, Xos, Xos, Xos, Xu, Xu, Xu, Xos, Xos, Uh, Xos, Xos, Uh, Qxu, Xu, Xu, Xu, Xu, Xu, Xu, Xu, Xu, Xos, Xos, Urb, Rr, Urb, Xos, Xos, Xu, Xu, Xu, Xu, Xu, Xu, Xos, Xol, Xol, Urb, Urb, Urb, Urb^Ng\, Urb^Ng\, Urb, Urb^Ng/, Urb^Ng/, Urb^Bzn, Xue, Uue, Xue, Uhe^Uf, Qxe, Qxe, Xos, Xos, Xos, Xu, Xu, Xu, Xos, Xos, Iwr^Bzl, Iwr, Iwr, Cud, Xos
Xos, Xos, Uu^Em, Xu, Xu, Xu, Xu, Xos, Cud, Uu^Es, Uu^Es, Uh^Ng\, Xos, Xu, Xu, Xu, Xu, Xu, Xu, Xu, Xos, Xos, Xol, Xol, Urb, Rr, Urb, Xol, Xol, Xos, Xos, Xu, Xu, Xu, Xu, Xos, Urb, Urb, Re, Urb, Urb, Urb, Xos, Xos, Urb^Bzn, Urb, Urb, Urb, Urb, Uue, Uhe, Uhe, Qxe, Xue, Xos, Xos, Xu, Xu, Xu, Xos, Xos, Iwr, Xuc, Iwr, Xos, Xos
Xu, Uu^Uf, Uu^Uf, Uu, Uu^Es, Uu^Vud, Rb, Xu, Uu^Br|, Urb, Uh, Uu, Xos, Xos, Xu, Xu, Xu, Xu, Xu, Xos, Xos, Cud, Urb, Urb, Rr, Rr, Rr, Urb, Urb, Cud, Xos, Xos, Xos, Xu, Xu, Xos, Urb, Urb, Urb, Urb, Xos, Xos, Xue, Xue, Urb, Urb, Urb, Urb, 1 Urb, Re, Xue, Uhe, Uhe, Xue, Xos, Xos, Xu, Xuc, Xu, Xu, Xu, Xos, Xos, Xos, Xu, Xu
Xu, Uh^Uf, Uh, Uh, Urb, Urb, Rb^Br/, Rb^Br/, Rb^Es, Rb, Xu, Uu^Ii, Xos, Xos, Xu, Xu, Xu, Xu, Xu, Xos, Cud, Cud, Urb, Urb, Rr, Uh^Ii, Rr, Urb, Urb, Cud, Cud, Xos, Xos, Xu, Xu, Xos, Xos, Urb, Urb, Urb, Xos, Xue, Uue, Uhe, Wwf, Urb, Rb, Urb, Urb, Urb, Re^Es, Uhe, Uue, Xos, Xos, Xos, Xu, Xu, Xu, Xu, Xu, Xu, Xu, Xu, Xu, Xu
Xu, Xu, Uh, Uu, Urb, Urb^Br|, Urb, Urb, Uu, Cud, Xu, Xos, Xos, Xos, Xu, Xu, Xu, Xu, Xu, Xos, Xos, Xos, Xos, Urb, Urb, Rr, Urb, Urb, Xos, Xos, Xos, Xos, Xos, Xu, Xu, Xu, Xu, Xos, Xos, Xos, Xos, Uhe^Uf, Uhe, Uue, Wwf^Es, Urb, Re^Edb, Urb, Uue, Urb, Re^Es, Re^Es, Xue, Xos, Xu, Xu, Xu, Xu, Xu, Xu, Xu, Xu, Xu, Xu, Xu, Xu
Xu, Xu, Uh, Urb, Urb, Urb^Br|, Urb, Urb, Qxu, Xu, Xu, Xu, Xos, Xos, Xos, Xu, Xu, Xu, Qxu^Xo, Xos, Xos, Xos, Urb, Urb, Urb, Urb, Urb, Urb, Urb, Xos, Xos, Xos, Xos, Xu, Xos, Xos, Xos, Xu, Xu, Xu, Xu, Xos, Uhe, Wwf, Wwf, Urb, Uue, Re^Edb, Uhe, Uue, Urb, Uue, Xue, Xu, Xu, Xu, Xu, Xu, Xu, Xu, Xu, Xu, Xu, Xu, Xu, Xu
Xu, Xu, Uh^Vu, Uu, Uh, Urb^Br\, Urb^Br\, Uu, Cud, Xol, Xol, Xos, Xos, Xos, Xos, Xos, Xos, Qxu^Xo, Qxu, Urb, Urb, Xos, Xos, Urb, Urb, Urb, Urb, Urb, Xos, Xos, Urb, Xos, Xos, Xos, Uu^Uf, Uh^Uf, Urb^Edb, Xos, Xos, Xu, Xu, Xu, Qxe, Urb, Qxe, Wwf^Em, Xue, Uhe^Uf, Uhe^Uf, Uhe, Qxe, Qxe, Qxu, Xu, Xu, Xu, Xu, Xu, Xu, Xu, Xu, Xu, Xu, Xu, Xu, Xu
Xu, Xu, Xu, Uh, Xu, Uh, Uh, Cud, Rr, Urb, Urb, Urb^Bzn, Urb, Xos, Xos, Xos, Urb^Bzl, Qxu, Qxu^Bcx/, Urb, Urb, Xos, Xos, Xos, Xos, Xos, Xos, Xos, Xos, Xos, Urb, Xol, Xol, Xos, Uu, Urb^Edt, Uu^Es, Uh, Xos, Xu, Xu, Xu, Qxu^Xo, Qxe, Xue, Xue, Xu, Xos, Xos, Xos, Xos, Qxu, Qxu^Xo, Xu, Xu, Xu, Xu, Xu, Xu, Xu, Xu, Xu, Xu, Xu, Xu, Xu
Xu, Xu, Xu, Uh, Xu, Xu, Xu, Cud, Urb, Rr, Rr, Urb, Urb, Xol, Xol, Xos, Urb, Rr, Qxu, Qxu, Qxu^Xo, Xos, Xos, Xos, Xos, Xos, Xos, Xos, Xuc, Urb, Urb, Urb, Urb, Urb^Ng\, Xos, Urb^Es, Xos, Xos, Xu, Xu, Xu, Xu, Xu, Qxu^Xo, Xu, Xu, Xu, Xu, Xu, Xos, Xu, Qxu^Xo, Qxe, Qxu, Xu, Xu, Xu, Xu, Xu, Xu, Xu, Xu, Xu, Xu, Xu, Xu
Xu, Xu, Xu, Xu, Xu, Xu, Xu, Xos, Urb^Bzn, Urb, Urb, Rr, Rr, Urb, Urb, Urb, Rr, Rr, Urb^Bzl, Qxu^Xo, Qxu, Xos, Xos, Xos, Xos, Xos, Xos, Xu, Xuc, Urb, Urb, Urb, Xu, Xu, Xol, Xol, Xu, Xu, Wwf, Xuc, Xu, Xu, Xu, Xu, Xu, Xu, Xu, Xu, Xu, Xu, Xu, Xu, Xu, Xu, Xu, Xu, Xu, Xu, Xu, Xu, Xu, Xu, Xu, Xu, Xu, Xu
Xu, Xu, Xu, Xu^Uov, Xu, Xu, Xu, Xos, Xos, Urb, Xos, Urb, Urb, Rr, Rr, Rr, Xos, Xos, Xos, Xos, Xos, Xos, Xos, Xos, Xos, Xos, Xos, Xu, Xuc, Urb, Urb, Urb, Xol, Xu, Uh, Uh, Uh, Wwf, Uh^Uf, Xu, Xu, Xu, Xu, Xu, Xu, Xu, Xu, Xu, Xu, Xu, Xu, Xu, Xu, Xu, Xu, Xu, Xu, Xu, Xu, Xu, Xu, Xu, Xu, Xu, Xu, Xu
Xu, Xu, Xu, Xu^Uov, Xu, Xu, Xu, Xu, Xu, Xos, Xos, Xos, Xos, Urb, Urb, Urb, Xos, Xos, Xos, Xos, Xos, Xos, Xos, Xos, Xos, Xos, Xos, Xu, Xu, Xuc, Xol, Urb^Ng/, Urb, Xu, Uu^Bzn, Uu, Uu^Es, Uu^Es, Uu^Uf, Uh^Uf, Xu, Xu, Xu, Xu, Xu, Xu, Xu, Xu, Xu, Xu, Xu, Xu, Xu, Xu, Xu, Xu, Xu, Xu, Xu, Xu, Xu, Xu, Xu, Xu, Xu, Xu
Xu, Xu, Xu, Xu^Uov, Xu^Uov, Xu, Xu, Xu, Xu, Xu, Xu, Xos, Xos, Urb, Xos, Xos, Xos, Xos, Xos, Xos, Xos, Xos, Xos, Xos, Xu, Xos, Uu, Xu, Uu, Xu, Xu, Urb, Urb, Urb, Urb, Urb, Urb, Uu^Es, Uu, Uh^Uf, Wwf, Xos, Xu, Xu, Xu, Xu, Xu, Xu, Xu, Xu, Xu, Xu, Xu, Xu, Xu, Xu, Xu, Xu, Xu, Xu, Xu, Xu, Xu, Xu, Xu, Xu
Xu, Xu, Xu, Xu, Xu, Xu^Uov, Xu^Uov, Xu, Xu, Xu, Xos, Xos, Xos, Xos, Xos, Xos, Xu, Xos, Xos, Xos, Xos, Xos, Xu, Xu, Xu, Uu^Emf, Uu, Uh, Uh, Uh, Uu^Es, Uu^Bzn, Urb, Urb, Urb^Ii, Urb, Urb, Uu^Es, Uu, Wwf, Xu, Xos, Xu, Xu, Xu, Xu, Xu, Xu, Xu, Xu, Xu, Xu, Xu, Xu, Xu, Xu, Xu, Xu, Xu, Xu, Xu, Xu, Xu, Xu, Xu, Xu
Xu, Xu, Xu, Xu, Xu, Xu, Xu, Xu^Uov, Uh, Xos, Xos, Xos, Xol, Xos, Xos, Xu, Xu, Xu, Xu, Xos, Xos, Xos, Xu, Xu, Uh, Uh^Uf, Xu, Uh, Xu, Uu^Es, Wwf, Uu, Urb, Urb^Ii, Urb^Ii, Urb^Ii, Urb, Urb, Uu, Wwf, Xu, Xu, Xu, Xu, Xu, Xu, Xu, Xu, Xu, Xu, Xu, Xu, Xu, Xu, Xu, Xu, Xu, Xu, Xu, Xu, Xu, Xu, Xu, Xu, Xu, Xu
Xu, Xu, Xu, Xu, Xu, Xuc, Xos, Xos, Xos, Uh, Uu^Ng/, Xol, Uu, Uh, Uu^Emf, Uh^Uf, Uh^Uf, Xu, Xos, Xos, Xos, Xos, Xu^Uov, Xu, Xu, Uh^Uf, Xu, Xu, Xu, Xu, Wwf^Em, Uu, Uu, Urb, Urb, Urb, Uu^Es, Uu, Uu, Uh, Uh, Xu, Xu, Xu, Xu, Xu, Xu, Xu, Xu, Xu, Xu, Xu, Xu, Xu, Xu, Xu, Xu, Xu, Xu, Xu, Xu, Xu, Xu, Xu, Xu, Xu
Xu, Xu, Xu, Xu, Xu, Xu, Xu, Xos, Xos, Xos, Uu^Es, Uu, Urb^Ii, Uu^Es, Urb, Uh, Xos, Xos, Xos, Xos, Uh, Xos^Uov, Xos, Xu, Xu, Xu, Xu, Xu, Xu, Xos, Wwf, Wwf, Uh, Uu, Uu^Es, Uu^Es, Uu, Xu, Xu, Uh^Uf, Xu, Xu, Xu, Xu, Xu, Xu, Xu, Xu, Xu, Xu, Xu, Xu, Xu, Xu, Xu, Xu, Xu, Xu, Xu, Xu, Xu, Xu, Xu, Xu, Xu, Xu
Xu, Xu, Xu, Xu, Xu, Xu, Xos, Xos, Xos, Uu^Bzn, Urb^Es, Urb, Urb, Urb^Es, Urb, Xol, Xol, Xos, Uu, Uh, Xos, Xos, Xos, Xos, Xos, Xu, Xu, Xu, Xos, Xos, Xos, Xu, Xu, Uh, Xu, Uh, Xos, Xos, Xos, Xu, Xu, Xu, Xu, Xu, Xu, Xu, Xu, Xu, Xu, Xu, Xu, Xu, Xu, Xu, Xu, Xu, Xu, Xu, Xu, Xu, Xu, Xu, Xu, Xu, Xu, Xu
Xu, Xu, Xu, Xu, Xu, Xos, Xos, Xos, Urb^Ng\, Urb, Urb, Urb^Es, Xos, Uu^Vud, Urb, Uu, Uu, Uu^Ng\, Xos, Xos, Xos, Xos, Xos, Xos, Xos, Xos, Xos, Xos, Xos, Xos, Xos, Xu, Xu, Xu, Xu, Xos, Xos, Xos, Xu, Xu, Xu, Xu, Xu, Xu, Xu, Xu, Xu, Xu, Xu, Xu, Xu, Xu, Xu, Xu, Xu, Xu, Xu, Xu, Xu, Xu, Xu, Xu, Xu, Xu, Xu, Xu
Xu, Xu, Xu, Xu, Xu, Xos, Xos, Uu, Urb, Urb^Ng\, Xos, Xos, Xos, Uu^Uf, Uh^Emf, Uh^Uf, Uh^Uf, Xos, Xos, Xos, Xos, Xos, Xos, Xos, Xos, Xos, Xos, Xos, Xos, Xos, Xos, Xu, Xu, Xu, Xu, Xu, Xu, Xu, Xu, Xu, Xu, Xu, Xu, Xu, Xu, Xu, Xu, Xu, Xu, Xu, Xu, Xu, Xu, Xu, Xu, Xu, Xu, Xu, Xu, Xu, Xu, Xu, Xu, Xu, Xu, Xu
Xu, Xu, Xu, Xu, Xu, Xos, Xos, Uu, Xos, Xos, Xos, Xos, Xos, Xos, Xos, Uh^Uf, Qxu, Qxu, Xos, Xos, Xos, Xos, Xos, Xos, Xos, Xos, Xos, Xos, Xos, Xos, Xos, Xos, Xos, Xu, Xu, Xu, Xu, Xu, Xu, Xu, Xu, Xu, Xu, Xu, Xu, Xu, Xu, Xu, Xu, Xu, Xu, Xu, Xu, Xu, Xu, Xu, Xu, Xu, Xu, Xu, Xu, Xu, Xu, Xu, Xu, Xu
Xu, Xu, Xu, Xu, Xu, Xos, Xos, Xos, Xos, Xos, Xos, Xos, Xos, Xos, Xos, Xos, Xos, Xos, Xos, Xos, Xos, Xos, Xos, Xos, Xos, Xos, Xos, Xos, Xos, Xos, Xos, Xos, Xos, Xos, Xos, Xu, Xu, Xu, Xu, Xu, Xu, Xu, Xu, Xu, Xu, Xu, Xu, Xu, Xu, Xu, Xu, Xu, Xu, Xu, Xu, Xu, Xu, Xu, Xu, Xu, Xu, Xu, Xu, Xu, Xu, Xu
