border_size=1
usage=map

Qxu, Mm, Mm, Mm^Xm, Mm^Xm, Xu, Xu, Xu, Xu, Xu, Mm^Xm, Mm^Xm, Mm, Hh, Ss, Ss, Wog, Wwg, Md, Md, Md, Md^Xm, Md^Xm, Md^Xm, Md^Xm, Md^Xm, Md, Md^Xm, Md^Xm, Md^Xm, Md^Xm, Md^Xm, Md, Md, Md, Md, Md, Md, Md^Xm, Md^Xm, Md^Xm, Hhd, Hhd^Fmw, Gd, Re, Re, Md, Md, Md^Xm, Md, Md^Xm, Md^Xm
Mm, Qxu, Qxu, Mm, Mm^Xm, Mm^Xm, Xu, Xu, Xu, Xu, Mm^Xm, Hh, Hh, Ss, Wwf, Ss, Wog, Wwg, Md, Hhd, Md, Md, Md, Md, Hhd, Md, Md, Md, Md, Md^Xm, Md^Xm, Md, Hhd^Dr, Md, Gd^Fdw, Md^Xm, Md^Xm, Md, Rd, Hhd, Hhd, Hhd, Gd, Re, Hhd, Md, Md, Md, Md, Md^Xm, Md^Xm, Md^Xm
Mm^Xm, Mm, Qxu, Mm, Mm, Mm^Xm, Xu, Xu, Xu, Xu, Xu, Mm^Xm, Mm, Ss, Wwf, Wog, Wwg, Wwg, Gd, Hhd, Hhd, Md, Md, Hhd, Md, Md, Hhd, Md, Md, Md, Md, Md, Hhd, Hhd^Fmw, Gd^Fdw, Gd^Fdw, Rd, Rd, Gd^Fdw, Hhd^Fmw, Gll^Fmw, Gd^Fmw, Gd, Re, Hhd^Vhh, Hhd^Fmw, Hhd, Md, Md, Md, Md, Md
Mm^Xm, Mm^Xm, Qxu, Mm, Mm, Mm^Xm, Xu, Xu, Xu, Xu, Xu, Mm^Xm, Mm, Wwf, Wog, Wog, Wwg, Re, Gll^Fmf, Gd, Gd, Gd^Fetd, Gd, Hhd, Gd, Md, Gd, Hhd, Hhd, Md, Md, Md, Rb, Gll^Fdw, Gll^Fmw, Gd^Fetd, Re, Gd^Fdw, Gd^Fdw, Re^Fdw, Rb, Rb^Es, Re, Re, Rd, Gll^Fmw, Gll^Fmw, Hhd^Dr, Md, Md^Xm, Md, Md
Xu, Mm^Xm, Mm^Xm, Qxu, Qxu, Xu, Xu, Xu, Uhe, Xu, Xu, Mm^Xm, Mm, Wwg, Wwg, Wog, Wwg, Re, Re, Gll^Fmw, Gll^Fmf, Re, Re, Gd^Vhr, Re, Gd, Gd, Gd, Gd, Rd, Re, Hhd, Re, Rd, Rb, Re, Re^Es, Gd, Gll^Fmw, Re^Fmw, Rd, Re, Gll^Fmw, Gd^Fmw, Re, Rd, Hhd, Md, Md, Md, Md, Md
Xu, Xu, Xu, Xu, Xu, Qxu, Qxu, Uhe^Dr, Uhe^Ii, Uhe, Xu, Xu, Mm^Xm, Mm, Wwg, Wog, Wog, Wwg, Re, Gll^Fmw, Gll^Fmw, Gd, Gs, Re, Gs, Gll^Fp, Gll^Fdw, Gll^Fp, Gd^Fp, Gd, Re, Re, Gd, Re, Gd, Re, Rb, Re, Re, Rd, Gll, Gd^Fetd, Gll^Fdw, Gd^Fmw, Gd^Fdw, Hhd, Hhd, Md, Md^Xm, Md, Md, Md
Xu, Xu, Xu, Xu, Xu, Qxu, Cud, Uhe, Uue, Uue, Re^Vu, Xu, Xu, Mm, Wwg, Wog, Wog, Wwg, Gs, Gd^Fmw, Re, Re, Gd, Gg^Fet, Gs, Gll^Fp, Gll^Fdw, Gll^Fmw, Gd^Fmw, Re, Gd, Gd, Hhd^Vhhr, Re, Hhd, Hhd, Hhd, Hhd, Hhd, Hhd, Hhd, Re, Re, Gll^Fdw, Gll^Fmw, Hhd^Fdw, Re, Hhd, Hhd, Md^Xm, Md^Xm, Md
Xu, Xu, Xu, Xu, Xu, Xu, 5 Cud^Kov, Uhe, Uue^Ii, Re, Uue, Xu, Xu, Mm, Mm, Wog, Wog, Wog, Wwg, Wwf, Wwf, Gg, Ch, Re, Re, Gd, Gd, Gll^Fmw, Gd, Gs, Gg, Gd, Hhd, Hhd, Md, Md, Md, Md, Cud, Cud, Hhd, Gd, Re, Gll^Fmw, Gll^Fmw, Rb, Re^Es, Re, Hhd, Mm, Hhd, Md
Xu, Xu, Uhe^Uf, Uhe^Uf, Uh^Uf, Cud, Uh^Uf, Uh^Uf, Uue, Uue^Ii, Uue^Ii, Xu, Md^Xm, Md^Xm, Wwg, Wog, Wog, Wog, Wwg, Wwrg, Wwrg, Wwf, Wog, Wwg, Wwg, Gd^Es, Gs, Re, Chr, Gg, Re, Gs, Gd, Md, Md, Md, Md^Xm, Md, Cud^Dr, 4 Kud, Cud, Hhd, Hhd, Gd, Rb, Re, Gd, Rb, Gll^Fdw, Mm, Hhd, Hhd
Xu, Xu, Uhe, Uue, Uue, Uue, Uue^Ii, Uue^Ii, Uu^Uf, Uue, Rd, Xu, Md, Md^Xm, Mm, Wog, Wog, Wwg, Wwf, Wog, Wwg, Wwg, Wog, Wog, Wog, Wwg, Wwg, Re, Wwg, Ds, Ds, Re, Dd, Hhd, Hhd, Md, Md^Xm, Md, Cud^Dr, Cud, Md, Cud, Hhd, Hhd, Rd, Rd, Gll^Fmw, Gll^Fdw, Gll^Fdw, Rb, Md, Md
Xu, Xu, Uue, Xu, Xu, Uu, Ur^Ii, Ur, Uue, Rd^Ii, Re, Md, Ce, Mm, Ce, Hh, Hh, Wwf, Re, Wwrg, Wwrg, Wog, Wwg, Wog, Wog, Wog, Wog, Wwg, Wwg, Wwg, Wwg, Dd, Dd, Dd, Hhd, Hhd, Md, Md^Xm, Hhd, Md, Md^Xm, Md^Xm, Md, Md, Wwg, Rd, Wwg, Gll^Fdw, Wwg, Gd, Wwg, Md
Xu, Uue, Uue, Uue, Xu, Ur, Uue, Uue^Ii, Re, Re, Ce, Ce, Gs, Ce, Rd, Gs, Gs, Rd, Rp^Vhcr, Re, Ce, Wwg, Hhd^Fmf, Wwg, Wwg, Wog, Wog, Wog, Wog, Wog, Wog, Wwg, Wwg, Dd, Wwg, Re, Hhd, Md, Hhd, Md, Wwg, Md^Xm, Wwg, Md, Wog, Wwg^Bw|, Wog, Wwg^Bw|, Wog, Wwg, Wog, Wwg
Xu, Xu, Xu, Xu, Xu, Xu, Hhd, Uue, Rd, Ce, Ce, Gd, Gd^Es, Gd, Rd, Gs, Ce, Rp, Gs, Gll^Fp, Gll^Fp, Ce, Gll^Fp, Gll^Es, Gg, Wwg, Wwg, Wog, Wwg, Wog, Wog, Wog, Wog, Wwg, Wog, Wwg, Wog, Hhd^Es, Wog, Wog, Wog, Wog, Wog, Wog, Wwg, Wog^Bw|, Wog, Wog^Bw|, Wog, Wog, Wog, Wog
Md, Xu, Md^Xm, Md^Xm, Md^Xm, Md^Xm, Md, Hhd, Hhd, Rd, Gs, Gd, Re, Gll^Fmf, Re, Ce, 3 Ket, Ce, Gs, Gll^Ecf, Gll^Fp, Ce, Gll^Fp, Gll, Rp, Rp, Rp, Rp, Rp, Wwg, Wwg, Wwg, Wwg, Wog, Wog, Wog, Wog, Wog, Wog, Wog, Wog, Wog, Wwg, Wwg, Re, Wwg^Bw|, Wwg, Wwg^Bw|, Wwg, Wog, Wwg, Wog
Md, Md, Md, Md, Md, Md, Hhd^Vhhr, Hhd, Rd, Rd, Gd, Gs^Vh, Gg, Re, Gs, Ce, Ce, Ce, Rr, Gll, Gs, Ce, Ce, Rp, Rp, Rp, Gs, Gg, Gg, Rr, Rp, Gs, Gs^Eff, Wwg, Wwg, Wwg, Wwg, Wog, Wog^Ewl, Wog, Wwg, Wwg, Gll, Re, Gd^Fmf, Gd^Fp, Gll^Fp, Re, Re, Wwg, Wwf, Wwg
Md, Md, Hhd, Hhd, Md, Md, Hhd, Hhd, Re, Gs, Gs, Gs, Ce, Gs, Gs^Ecf, Gg, Gg, Gs, Gg, Rr, Rr, Ce, Rr, Rp, Gg, Gs, Gll^Fmw, Gs, Gll^Fp, Gg, Rp, Re, Gg, Gg^Eff, Gg^Eff, Gg, Wwg, Wog, Wwg, Wwg, Hh^Dr, Gll, Gll^Fp, Gll^Fmw, Gll^Fmw, Gll^Fmf, Gll^Fp, Re, Ch, Re, Re, Re
Md^Xm, Md, Md, Hhd, Rd, Gd, Re, Re, Gd, Gd, Gd, Rd, Ce, Gs, Gll, Gll, Gll^Fp, Gll^Fp, Ce, Gg, Rp, Rr, Rp, Rp, Gs, Gll^Fp, Gll^Fp, Gll^Fmw, Gll^Fmf, Gll^Fmw, Gll^Fmw, Rp, Rr, Gg, Gg, Gg, Wog, Wog, Wwg, Hh, Hh, Gll, Hhd, Gll^Fmw, Gd^Vhr, Gll, Re, Chr, Chr, Gll, Gll^Fmw, Gll^Fmw
Md^Xm, Md, Md, Md, Hhd, Gd, Dd, Re, Hd, Gd, Hhd, Hh, Hh, Ce, Ce, Ce, Ce, Ce, Gs, Gg, Rp, Rp, Gg, Gg, Gll^Fp, Gs^Fp, Hh, Gll^Fp, Hh^Fp, Gll^Fp, Gll^Fp, Gg, Gg, Re, Re, Hh, Ch, Wog, Wwg, Chr, Hh, Hh^Fms, Gd^Fms, Hhd, Gll, Re, Chr, 2 Khr, Chr, Chr, Gll^Fmf, Gll^Fmw
Md^Xm, Md^Xm, Md, Md, Hhd, Hd, Rd, Re, Hd, Hd, Mm, Hhd, Gll, Hh, Gll, Gs, Gll, Gll^Fp, Gll^Fp, Rp, Rp, Rp, Rr^Vd, Gg, Gs, Gll^Fp, Hh, Hh^Fp, Gg, Hh^Fp, Hh^Fp, Gll, Gg, Re, Hh^Fp, Re, Gg, Gg, Wwg, Wwg, Gs, Gd, Gll, Hh, Gd, Rd, Hhd^Fmw, Hhd, Hh, Gll^Fmf, Gll^Fp, Gll^Fmf
Md, Md, Hhd, Hhd, Hd, Hd, Dd, Rd, Hd, Hhd, Mm, Mm, Gll, Gll, Gg, Gll, Gll^Fp, Gll^Fp, Gll^Fp, Gg, Rr, Rp, Gg^Fet, Gll^Fp, Gg, Gs, Gg, Gg, Gg, Gll^Fp, Gll^Fp, Gll^Fp, Gll^Fp, Gg, Re, Re, Gs^Efm, Gg, Gg, Wwg, Gs, Gd^Es, Gll, Gd, Gd^Fdf, Gd^Fmw, Gll^Fmw, Hhd, Hh^Fp, Gll^Fp, Gll, Gll^Fp
Md, Hhd, Hhd, Hhd, Hd, Hd, Hd, Dd, Hd, Hhd, Hhd, Gg, Gg, Gg, Gg, Gs, Gs, Gll^Fp, Gll, Gll, Rr, Gg, Gll^Fp, Gll^Fp, Gg, Gg, Gg, Gg, Gg, Gll^Fp, Gll^Fp, Gll^Fp, Gll^Fp, Gg, Gll^Fp, Re, Re, Gs^Efm, Gll^Fp, Wwg, Wwg, Gs, Re, Gll^Fp, Re, Gd^Fdf, Re, Gll^Fmf, Gll^Fdf, Hh, Gg, Gll
Md, Hhd, Hhd, Hhd, Hhd, Hd, Hd, Dd, Dd, Hd, Hhd, Gd, Gs, Gs, Gs, Gs, Gll, Gg, Rr^Vd, Rp, Gg, Gg, Re^Gvs, Gll^Fp, Re^Gvs, Gg, Gg, Gg, Rp, Gg, Gll^Fp, Gll^Fp, Ch, Gll^Fp, Gll^Fp, Rp, Rp, Gs, Gs, Gll^Fp, Wwf^Bw/, Re, Gs, Re, Gll^Fp, Re, Gll^Fmf, Re, Re, Gll, Gs, Gll
Md, Md, Md, Md^Xm, Md^Xm, Hhd, Md, Md, Hhd, Hd, Hhd, Gd, Gd, Gg, Gs, Gg, Gs, Gll, Gll, Rr, Re, Re, Re^Gvs, Re^Gvs, Re^Gvs, Re^Gvs, Re^Vh, Gg, Gg, Rp, Gll^Fp, Gll^Fp, Ch, Gll^Fp, Gll^Fp, Gs, Rp, Re, Re, Re, Wwg, Gs, Gs^Efm, Gll^Fp, Gll^Fp, Gll^Fp, Gll^Fp, Gll^Fp, Gs, Re, Re, Re
Md, Md, Md, Md, Md, Md^Xm, Md^Xm, Md, Hhd, Hhd, Md, Hh, Hh, Gd, Gg, Gs, Gg, Gll, Gs, Rp, Gd^Fetd, Re, Re, Re^Gvs, Re^Vh, Re, Re, Gg, Gg, Rp, Rp, Gll^Fp, Gg, Ch, Gs, Rr^Vd, Gg, Gg, Gg^Efm, Gs^Es, Wwg, Gg, Gg, Gs, Gg, Gll^Fp, Gg, Gs^Fms, Gd, Gd, Gg, Gll^Es
Md, Md^Xm, Md, Md, Mv, Md, Md, Hhd, Hhd, Hd, Md, Md, Md, Hh, Gg, Gg, Gs, Gg, Gg, Rp, Gs, Re, Gs, Re, Gs^Fms, Gs^Fms, Gs^Fds, Rp, Rp, Rp, Gg, Rp, Rp, Gg, Gll^Fmf, Gs, Gg, Gg^Efm, Gg^Efm, Gg, Wwg, Wwg, Wwg, Gg, Gs, Gg^Es, Gg, Gg^Efm, Gg^Efm, Gg, Gg, Gg
Hhd, Md, Md, Md, Md, Md, Md, Md^Xm, Md^Xm, Mm^Xm, Mm^Xm, Md, Hh, Hh, Gg, Gs, Gs, Gll^Fp, Gg, Rr, Re, Re, Gg, Gs^Es, Gll^Fp, Gll^Fms, Gll^Fms, Gll^Fms, Ch, Rp, Gs^Fds, Gg, Rp, Gg, Gg, Gll^Fp, Gll^Fp, Gg, Gg, Gs, Gs, Gg, Gg, Wwg, Wwg, Gs, Gg, Gs^Efm, Gs, Gs^Efm, Gs, Gg
Hhd, Hhd, Hhd, Md, Hhd, Hhd, Hhd, Md^Xm, Md, Md, Mm^Xm, Mm^Xm, Md, Hh, Hh, Gs, Gll^Fp, Gll^Fp, Gg, Gg, Gg, Gg, Rp, Gs, Rp, Rp, Rp, Rp, Gll^Fp, Gs^Fms, Gs^Fms, Gs, Gg, Rp, Rp, Gll^Fp, Gll^Fp, Gll^Fp, Gll^Fp, Gs, Gll^Fp, Gg, Gs, Gg, Wwg, Gg, Gg, Gs, Gll^Fp, Gg, Gs, Gg
Md, Hhd, Md, Md^Xm, Md^Xm, Md^Xm, Md, Md^Xm, Md, Mm, Hhd, Hhd, Md, Md, Hh, Gll^Fp, Gll^Fp, Gll^Fp, Gll^Fp, Gg, Rp, Rp, Gg, Rp, Gs^Vhr, Rp, Gs, Rp, Rp, Gll^Fp, Gs, Gs, Gg, Gg, Gg^Fet, Hhd, Hh, Hh^Fp, Gll^Fp, Gll^Fp, Gll^Fp, Gll^Fp, Gs, Gs, Wwg, Wwg, Gg, Gll^Fp, Gll^Fp, Gg, Gg, Gg
Md, Md, Md, Md^Xm, Md^Xm, Md^Xm, Md, Md^Xm, Md, Mm, Hhd, Hhd, Hhd, Hh, Hh^Fp, Hh, Hh, Gll^Fp, Gll^Fp, Gll^Fp, Gg, Gg, Gll^Fp, Gs, Gs, Gg, Gg, Gs, Gg, Rp, Rp, Ch, Rp, Gg, Rp, Gg, Hh, Hh, Hh, Gll^Fp, Hh, Gg, Gg, Gs, Wwg, Wog, Wwg, Gg, Gs, Gll^Fp, Gll^Fp, Gg
Md, Md, Md, Md, Md, Hhd, Hhd, Md, Mm^Xm, Mm, Mm, Hhd, Hhd, Hhd^Fp, Hhd^Fp, Hh^Fp, Hh^Fp, Hh, Gll^Fp, Gll^Fp, Gg, Gg, Gg, Gs, Gg, Gg, Gll^Fp, Gs, Gg, Gg, Gll^Fp, Rp, Gg, Rp, Rp, Gg, Gg, Hh, Gg, Hh, Gg, Hh^Dr, Gg, Gg, Gg, Wog, Wog, Wwg, Gg, Gg, Gg, Gg
Mm, Mm^Xm, Mm^Xm, Mm^Xm, Mm^Xm, Mm^Xm, Mm^Xm, Mm^Xm, Mm^Xm, Mm^Xm, Mm^Xm, Mm, Mm^Fp, Hhd^Fp, Hhd^Fp, Hh^Fdw, Hh^Fp, Hh^Fp, Hh^Fp, Gll^Fp, Hh^Fp, Gs^Fms, Gs^Fms, Gs^Fms, Gll^Fp, Gg, Gg, Gg, Gg, Gll^Fp, Gg^Fet, Gll^Fp, Gll^Fp, Gll^Fmw, Gll^Fmw, Gll^Fmw, Gll^Fp, Gll^Fp, Gll^Fp, Gg, Gg, Gg, Gg, Gg, Re, Re, Gg, Gll^Fp, Gs^Fms, Gll, Gll^Fp, Gll^Fp
Hh, Mm, Mm, Mm, Mm, Mm, Mm, Mm, Mm, Mm^Xm, Mm^Xm, Mm^Xm, Mm, Hhd^Fp, Mm, Hh^Fp, Hh^Fp, Gll^Fp, Gll^Fms, Hh^Fp, Hh^Fp, Gll^Fmf, Gll^Fmf, Gs^Fds, Gs^Fds, Gs^Fds, Gll^Fp, Gg, Gg, Gg, Gs^Fms, Gll^Fp, Gll^Fmf, Gll^Fp, Ce, Gll^Fp, Gll^Fp, Gs^Fp, Gs, Gs, Gs, Gg, Gs, Gg, Re, Re, Gll^Fp, Gll^Fp, Gll^Fmf, Gll^Fmf, Gll^Fp, Gll^Fp
Hh, Hh, Hh, Hh, Hh, Mm, Hh, Mm, Mm, Mm, Mm, Mm, Mm, Mm, Mm, Hhd^Fp, Hhd^Fp, Hh^Fp, Gll^Fms, Hh, Gll^Fp, Gg^Fet, Gs, Gs^Fds, Gll^Fp, Gll^Fds, Gs^Fms, Gll^Fds, Gg, Gg, Gg, Gll^Fmf, Gs^Fms, Gll^Fp, Ce, Ce, Ket, Ce, Ce, Gs, Gg, Gs, Gg, Gg, Re, Re, Gg, Gs, Gs, Gll^Fmf, Gll^Fp, Gll^Fp
Gg^Eff, Hh, Gs^Fms, Hh^Fds, Gg^Fet, Hh, Hh, Hh, Hh, Hh, Hh, Mm, Hh^Fmf, Mm, Hh^Dr, Hh^Fmf, Gll^Fp, Hh^Fms, Gg, Gll^Fp, Gg, Gs, Gg, Gg, Gll^Fp, Gll^Fp, Gll^Fp, Gll^Fp, Gg, Gg, Gg, Gg, Gll^Fp, Ce, Gll, Gg, Gll, Gg, Gg, Ce, Ce, Gg, Gg, Gg, Re, Re, Gg, Gg, Gs^Fms, Gll, Gs^Fms, Gs^Fms
Re, Gs^Eff, Gg^Eff, Gs^Fds, Gs^Fms, Gs^Fds, Gg, Hh, Wwg, Hh, Hh, Hh^Fp, Hh, Hh^Dr, Hh, Hh^Fp, Gll^Fp, Gll^Fp, Gg, Gg, Gg^Es, Gs^Vl, Gg, Gll^Fp, Re, Gg, Gg, Gg, Gg, Gg, Gg, Gg, Gg, Gg, Gll, Gll, Gd, Gg, Gg, Gs, Gs, Ce, Gs, Gg, Re, Re, Gg, Gg, Gg, Gs^Fms, Gg, Gg
Re, Re, Re, Gs^Eff, Gg^Eff, Gg, Gg, Wwg, Wwf, Gg, Gll^Fp, Gll^Fp, Gg^Fmf, Hh^Fp, Hh^Fp, Hh, Gg, Gs, Gs, Gg^Es, Re, Re, Re, Re, Gg, Re, Re, Re, Re, Gg, Gll, Gll, Gg, Re, Ce, Gs, Re, Re, Gg^Es, Gs, Gd, Ce, Re, Re, Re, Re, Gg^Efm, Gg^Efm, Gg^Efm, Gg, Gg, Ch
Gll, Re, Re, Re, Re, Gg^Eff, Gg^Eff, Gg, Wwf, Wwg, Wwg, Gg^Fmf, Gg, Hh^Fmf, Gg, Gg, Wwg, Wwg, Wwg^Bw/, Re, Gg, Gg, Gg, Gg, Gs^Fms, Gg, Ce, Ce, Re, Gll, Re, Gd, Ce, Ce, 1 Ket, Ce, Ce, Gd, Gs, Gg^Es, Re, Re, Re, Re, Gg, Gg, Gg, Gg, Gg, Gg, Gg, Gg^Fet
Gll, Gll, Gll^Fp, Re, Re, Re, Re, Gs^Eff, Gg, Wwf, Wwg, Wwg, Wog, Gg, Wog, Gg, Wwg, Wwg, Wwf, Wwf, Wwg, Gll^Fp, Gll^Fp, Gs^Fms, Gll^Fp, Gll^Fp, Ce, Gg, Gs^Vh, Gll, Gll^Es, Gd, Re, Ce, Ce, Ce, Re, Gd, Re, Re, Re, Re, Gg, Gg, Gs^Vl, Gd, Gll, Gll, Gll^Fp, Gll^Fp, Gg, Gg
Gll^Fp, Gs, Gll^Fp, Gll^Fp, Gll^Fp, Re, Re, Re, Re, Wwg, Wwg, Wwg, Wog, Wog, Wog, Wog, Wog, Wog, Wog, Wwf^Em, Wwg, Gll^Fp, Gll^Fds, Gs^Fds, Gll^Fds, Gll^Fp, Ce, Gg, Gs, Gg^Es, Gg, Gd, Re, Re, Re, Gg, Gd, Re, Gg^Ecf, Gg, Ce, Gg, Gg, Gd, Gg, Gg, Gll^Fp, Gll^Fp, Gll^Fp, Gll^Fp, Gll, Gs
Gll^Fmf, Gll^Fp, Gll^Fp, Gs^Fms, Gll^Fmf, Gg, Gg, Re, Re^Es, Wwf, Wwf, Wog, Wog, Wog, Wog^Ewl, Wog, Wog, Wog, Wog, Wwf^Es, Wwf^Es, Gll^Fp, Gll^Fms, Gs^Fds, Gll^Fds, Gll^Fms, Ket, Ce, Ce, Gd, Gd, Gs^Ecf, Re, Re, Gg, Gs, Gg, Gd^Es, Gg, Gg, Ce, Gg, Gg, Gd^Es, Gd, Gd, Gll^Fp, Gll^Fp, Gll, Gll^Em, Gll, Gs
Gs^Fms, Gll^Em, Gll^Em, Gll^Fmf, Gll^Fp, Gs^Fms, Gll, Re, Re, Wwf, Wwf, Wog, Wog, Wog, Wog, Wog^Ewf, Wog, Wog, Wwg, Wwg, Gll^Fmf, Gll^Fmf, Gs^Fds, Gg^Ve, Gll^Fp, Gll^Fp, Re, Ce, Gs^Fms, Gg, Gd, Gd, Re, Re, Gg, Gg, Ce, Gg, Ce, Ket, Ce, Ce, Gg, Gg, Gd, Gg, Gg, Gs, Gs^Fp, Gs, Gll^Fp, Gll^Fp
Gg, Gll^Em, Gll^Fp, Gll^Fp, Gll^Fms, Gll^Fp, Gll^Fp, Re, Re, Gg, Wwg, Wog, Wwf, Wog, Wog, Wog, Wog, Wog, Wwg, Gg^Fet, Gll^Fp, Gll^Fmf, Gll^Fds, Gg, Re, Re, Gll^Fp, Gll^Fms, Gll^Fp, Gs^Fms, Re, Re, Re, Re, Gll, Ce, Gll, Ce, Gg, Ce, Gg, Gg, Gg, Gg, Gg, Gs, Gg, Gs, Gs, Gg, Gg, Gg
Gll^Fp, Gll^Fp, Gs^Vl, Gll^Fp, Gg, Gll^Fp, Gs, Re, Re, Gg, Gs, Wwf, Ch, Wwg, Wwg, Wog, Wog, Wog, Wog, Wwg, Gll^Fp, Gll^Fp, Re, Re, Re, Re, Re, Gll^Fp, Re, Re, Re, Re, Gll^Fp, Gll, Gll^Fp, Gg, Gll, Gg, Gg, Gg, Gg, Gg, Gg^Efm, Gg^Efm, Gg, Gg, Gll, Gll, Gll, Gs, Gg^Efm, Gg^Efm
Gll^Fmw, Gll^Fmw, Gll^Fmw, Gll, Gg, Gll^Fp, Gs, Re, Re, Gg, Gs, Gg, Gg, Ch, Ch, Wwg, Wwg, Wog, Wog, Wwg, Re, Re, Re, Re, Gll^Fp, Gll^Fp, Gll^Fp, Re, Re, Re, Gg, Gg, Gll^Fp, Gll^Fp, Gll^Fp, Gll^Fet, Gg, Gg, Gs, Gs, Gg, Gg, Gg, Gg, Gg, Gll^Fp, Gll^Fp, Gll^Fp, Gll, Gll, Gg, Gg^Efm
Hh^Fmw, Gll^Fmw, Gll, Gs, Gg, Gg, Gg, Re, Re^Es, Re, Re, Gs, Gs, Gg, Gg, Ch, Wwg, Wwg, Wog^Bw/, Wog^Bw/, Wog^Bw/, Re, Gll^Fp, Gll^Fp, Gll^Fp, Gll^Fp, Gg, Gg, Gg, Gg, Re^Gvs, Gs, Gs, Gll^Fp, Gg, Gll^Fp, Gg, Gs, Gg, Gs, Gs^Fms, Gll^Fp, Gll^Fp, Gg^Ve, Gll^Fmf, Gs^Fms, Gll^Fp, Gll^Fp, Gll^Fmw, Gll^Fmw, Gll^Fp, Gg
Hh, Hh, Gg, Gg, Gg, Gg, Ce, Gg, Gg, Re, Re, Re, Re, Gs, Gg, Gg, Re, Wog^Bw/, Wog^Bw/, Wog^Bw/, Wog, Gg, Gg, Gll^Fp, Gg, Gg, Gg^Eff, Gg^Eff, Gg, Re, Re^Gvs, Re, Re^Gvs, Gs, Gg, Gg, Gs, Gg, Gg, Gg, Gs^Fms, Gll^Fp, Gll^Fp, Gll^Fp, Gll^Fmf, Gll^Fmw, Gll^Fp, Gll^Fmw, Gll^Fp, Gll^Fp, Gll^Fp, Gll^Fp
